
[1m[46m RUN [49m[22m [36mv4.0.18 [39m[90m/Users/krzysztofbrzezina/code/generatorqr[39m

 [32m✓[39m src/app/qr-renderer.test.ts [2m([22m[2m7 tests[22m[2m)[22m[32m 8[2mms[22m[39m
 [32m✓[39m src/app/components/CookieBanner.test.tsx [2m([22m[2m18 tests[22m[2m)[22m[32m 294[2mms[22m[39m
 [31m❯[39m src/app/page.test.tsx [2m([22m[2m48 tests[22m[2m | [22m[31m10 failed[39m[2m)[22m[33m 17248[2mms[22m[39m
     [32m✓[39m zwraca blad dla pustego stringa[32m 1[2mms[22m[39m
     [32m✓[39m zwraca blad dla samych spacji[32m 0[2mms[22m[39m
     [32m✓[39m zwraca blad dla niepoprawnego URL[32m 0[2mms[22m[39m
     [32m✓[39m zwraca blad dla protokolu javascript:[32m 0[2mms[22m[39m
     [32m✓[39m zwraca blad dla protokolu ftp:[32m 0[2mms[22m[39m
     [32m✓[39m akceptuje http URL[32m 0[2mms[22m[39m
     [32m✓[39m akceptuje https URL[32m 0[2mms[22m[39m
     [32m✓[39m akceptuje URL ze spacjami na poczatku/koncu[32m 0[2mms[22m[39m
     [32m✓[39m kopiuje canvas do schowka[32m 1[2mms[22m[39m
     [32m✓[39m rzuca blad gdy toBlob zwraca null[32m 1[2mms[22m[39m
     [32m✓[39m rzuca blad gdy clipboard API zawiedzie[32m 0[2mms[22m[39m
     [32m✓[39m tworzy blob URL i klika link[32m 1[2mms[22m[39m
     [32m✓[39m wstawia logo do SVG[32m 0[2mms[22m[39m
     [32m✓[39m uzywa przekazanego koloru tla[32m 0[2mms[22m[39m
     [32m✓[39m zwraca oryginalny SVG gdy brak viewBox[32m 0[2mms[22m[39m
     [32m✓[39m centruje preset logo wewnatrz kolorowego kafla[32m 0[2mms[22m[39m
     [32m✓[39m tworzy monochromatyczny wariant w kolorach QR[32m 0[2mms[22m[39m
     [32m✓[39m tworzy link i klika go[32m 0[2mms[22m[39m
     [32m✓[39m renderuje formularz z inputem i przyciskiem[32m 158[2mms[22m[39m
     [32m✓[39m w trybie podstawowym nie pokazuje ustawien zaawansowanych[32m 7[2mms[22m[39m
     [33m[2m✓[22m[39m pokazuje ustawienia stylu i kolorow dopiero w trybie zaawansowanym [33m 340[2mms[22m[39m
     [33m[2m✓[22m[39m przekazuje wybrany styl i kolory tylko w trybie zaawansowanym [33m 727[2mms[22m[39m
[31m     [31m×[31m po zmianie wariantu logo odswieza wygenerowany QR dla presetu[39m[33m 1610[2mms[22m[39m
     [33m[2m✓[22m[39m w trybie mono kafelki presetow przyjmuja kolory z ustawien QR [33m 432[2mms[22m[39m
     [33m[2m✓[22m[39m w trybie podstawowym ignoruje wczesniej ustawione opcje zaawansowane [33m 365[2mms[22m[39m
     [32m✓[39m wyswietla blad walidacji dla pustego pola[32m 26[2mms[22m[39m
     [32m✓[39m wyswietla blad walidacji dla niepoprawnego URL[32m 66[2mms[22m[39m
     [32m✓[39m wyswietla blad dla zablokowanego protokolu[32m 85[2mms[22m[39m
     [32m✓[39m czysci blad przy wpisywaniu[32m 110[2mms[22m[39m
[31m     [31m×[31m usuwa poprzedni QR po walidacyjnym bledzie kolejnej proby[39m[33m 1103[2mms[22m[39m
[31m     [31m×[31m generuje QR dla poprawnego URL[39m[33m 1123[2mms[22m[39m
[31m     [31m×[31m generuje QR po Enter[39m[33m 1110[2mms[22m[39m
[31m     [31m×[31m wyswietla loading state[39m[32m 132[2mms[22m[39m
     [32m✓[39m nie rozpoczyna drugiego generowania podczas trwajacego requestu[32m 118[2mms[22m[39m
[31m     [31m×[31m kopiuje QR do schowka i resetuje stan po 2s[39m[33m 1120[2mms[22m[39m
[31m     [31m×[31m fallback na pobranie gdy clipboard zawiedzie[39m[33m 1638[2mms[22m[39m
[31m     [31m×[31m pobiera QR jako PNG po kliknieciu ikony PNG[39m[33m 1627[2mms[22m[39m
[31m     [31m×[31m pobiera QR jako SVG po kliknieciu ikony SVG[39m[33m 1623[2mms[22m[39m
     [33m[2m✓[22m[39m wyswietla blad gdy generowanie zawiedzie [33m 610[2mms[22m[39m
[31m     [31m×[31m usuwa poprzedni QR gdy ponowne generowanie zawiedzie[39m[33m 1623[2mms[22m[39m
     [32m✓[39m wyswietla dane kontaktowe autora[32m 7[2mms[22m[39m
     [32m✓[39m nie pokazuje przyciskow akcji bez QR[32m 30[2mms[22m[39m
     [32m✓[39m renderuje zakladki Podstawowy i Z logotypem[32m 18[2mms[22m[39m
     [32m✓[39m domyslnie nie pokazuje wyboru logo[32m 3[2mms[22m[39m
     [33m[2m✓[22m[39m pokazuje wybor logo po kliknieciu zakladki Z logotypem [33m 345[2mms[22m[39m
     [32m✓[39m ukrywa wybor logo po powrocie na zakladke Podstawowy[32m 161[2mms[22m[39m
     [33m[2m✓[22m[39m pozwala wybrac preset logo i pokazuje przycisk Usun [33m 329[2mms[22m[39m
     [33m[2m✓[22m[39m pozwala odznaczac preset logo klikajac ponownie [33m 596[2mms[22m[39m

[31m⎯⎯⎯⎯⎯⎯[39m[1m[41m Failed Tests 10 [49m[22m[31m⎯⎯⎯⎯⎯⎯⎯[39m

[41m[1m FAIL [22m[49m src/app/page.test.tsx[2m > [22mHome komponent[2m > [22mpo zmianie wariantu logo odswieza wygenerowany QR dla presetu
[31m[1mTestingLibraryElementError[22m[39m: Unable to find an element with the alt text: Kod QR

Ignored nodes: comments, script, style
[36m<body>[39m
  [36m<div>[39m
    [36m<main[39m
      [33mclass[39m=[32m"min-h-screen bg-zinc-950 text-white p-4 sm:p-8 lg:p-12"[39m
    [36m>[39m
      [36m<div[39m
        [33mclass[39m=[32m"max-w-7xl mx-auto flex flex-col lg:flex-row gap-8 lg:gap-16"[39m
      [36m>[39m
        [36m<div[39m
          [33mclass[39m=[32m"flex-1 lg:max-w-[42rem] flex flex-col pt-4 lg:pt-12"[39m
        [36m>[39m
          [36m<div[39m
            [33mclass[39m=[32m"mb-10 text-center lg:text-left"[39m
          [36m>[39m
            [36m<h1[39m
              [33mclass[39m=[32m"text-4xl sm:text-5xl lg:text-6xl font-extrabold text-transparent bg-clip-text bg-gradient-to-r from-gold-400 via-gold-500 to-gold-600 mb-4 tracking-tight"[39m
            [36m>[39m
              [0mGenerator QR[0m
            [36m</h1>[39m
            [36m<p[39m
              [33mclass[39m=[32m"text-zinc-400 text-base sm:text-lg max-w-xl mx-auto lg:mx-0"[39m
            [36m>[39m
              [0mTransformuj linki w eleganckie, luksusowe kody QR perfekcyjnej jakości. Ekskluzywne i darmowe narzędzie.[0m
            [36m</p>[39m
          [36m</div>[39m
          [36m<div[39m
            [33mclass[39m=[32m"bg-zinc-900/40 backdrop-blur-xl rounded-3xl shadow-2xl shadow-black border border-white/5 p-6 sm:p-8 relative overflow-hidden"[39m
          [36m>[39m
            [36m<div[39m
              [33mclass[39m=[32m"absolute top-0 right-0 -mr-20 -mt-20 w-64 h-64 rounded-full bg-gold-500/5 blur-3xl pointer-events-none"[39m
            [36m/>[39m
            [36m<div[39m
              [33mclass[39m=[32m"flex mb-6 rounded-2xl bg-zinc-950/50 p-1.5 border border-white/5 relative z-10"[39m
              [33mrole[39m=[32m"tablist"[39m
            [36m>[39m
              [36m<button[39m
                [33maria-selected[39m=[32m"false"[39m
                [33mclass[39m=[32m"flex-1 py-3 px-4 rounded-xl text-sm font-semibold transition-all cursor-pointer text-zinc-500 hover:text-zinc-300 hover:bg-zinc-800/30"[39m
                [33mrole[39m=[32m"tab"[39m
              [36m>[39m
                [0mPodstawowy[0m
              [36m</button>[39m
              [36m<button[39m
                [33maria-selected[39m=[32m"true"[39m
                [33mclass[39m=[32m"flex-1 py-3 px-4 rounded-xl text-sm font-semibold transition-all cursor-pointer bg-zinc-800 text-gold-400 shadow-lg ring-1 ring-white/10"[39m
                [33mrole[39m=[32m"tab"[39m
              [36m>[39m
                [0mZ logotypem[0m
              [36m</button>[39m
            [36m</div>[39m
            [36m<form[39m
              [33mclass[39m=[32m"flex flex-col gap-4"[39m
              [33mnovalidate[39m=[32m""[39m
            [36m>[39m
              [36m<label[39m
                [33mclass[39m=[32m"px-1 text-sm font-medium text-zinc-300"[39m
                [33mfor[39m=[32m"qr-url"[39m
              [36m>[39m
                [0mLink do zakodowania[0m
              [36m</label>[39m
              [36m<input[39m
                [33maria-invalid[39m=[32m"false"[39m
                [33mautocomplete[39m=[32m"url"[39m
                [33mclass[39m=[32m"w-full px-4 py-3 rounded-xl border border-white/10 bg-zinc-950/50 text-white placeholder:text-zinc-500 focus:outline-none focus:ring-2 focus:ring-gold-500/50 focus:border-gold-500 transition-all text-sm sm:text-base"[39m
                [33mid[39m=[32m"qr-url"[39m
                [33mplaceholder[39m=[32m"https://example.com"[39m
                [33mtype[39m=[32m"url"[39m
                [33mvalue[39m=[32m"https://example.com"[39m
              [36m/>[39m
              [36m<div[39m
                [33mclass[39m=[32m"rounded-2xl border border-white/5 bg-zinc-950/30 p-4"[39m
              [36m>[39m
                [36m<div[39m
                  [33mclass[39m=[32m"flex flex-col gap-4"[39m
                [36m>[39m
                  [36m<div[39m
                    [33mclass[39m=[32m"flex flex-col gap-3"[39m
                  [36m>[39m
                    [36m<span[39m
                      [33mclass[39m=[32m"px-1 text-sm font-medium text-zinc-300"[39m
                    [36m>[39m
                      [0mStyl modulu QR[0m
                    [36m</span>[39m
                    [36m<div[39m
                      [33mclass[39m=[32m"grid grid-cols-2 gap-2 sm:grid-cols-5"[39m
                    [36m>[39m
                      [36m<button[39m
                        [33maria-pressed[39m=[32m"true"[39m
                        [33mclass[39m=[32m"flex flex-col items-center gap-2 rounded-2xl border px-3 py-3 text-xs font-semibold transition-all cursor-pointer border-gold-500 bg-gold-500/10 text-gold-400 shadow-[0_0_10px_rgba(212,175,55,0.2)]"[39m
                        [33mtype[39m=[32m"button"[39m
                      [36m>[39m
                        [36m<div[39m
                          [33mclass[39m=[32m"grid grid-cols-4 gap-1.5"[39m
                        [36m>[39m
                          [36m<span[39m
                            [33mclass[39m=[32m"h-2.5 w-2.5 sm:h-3 sm:w-3 "[39m
                            [33mstyle[39m=[32m"background-color: rgb(38, 58, 99);"[39m
                          [36m/>[39m
                          [36m<span[39m
                            [33mclass[39m=[32m"h-2.5 w-2.5 sm:h-3 sm:w-3 bg-slate-200"[39m
                          [36m/>[39m
                          [36m<span[39m
                            [33mclass[39m=[32m"h-2.5 w-2.5 sm:h-3 sm:w-3 "[39m
                            [33mstyle[39m=[32m"background-color: rgb(38, 58, 99);"[39m
                          [36m/>[39m
                          [36m<span[39m
                            [33mclass[39m=[32m"h-2.5 w-2.5 sm:h-3 sm:w-3 "[39m
                            [33mstyle[39m=[32m"background-color: rgb(38, 58, 99);"[39m
                          [36m/>[39m
                          [36m<span[39m
                            [33mclass[39m=[32m"h-2.5 w-2.5 sm:h-3 sm:w-3 bg-slate-200"[39m
                          [36m/>[39m
                          [36m<span[39m
                            [33mclass[39m=[32m"h-2.5 w-2.5 sm:h-3 sm:w-3 "[39m
                            [33mstyle[39m=[32m"background-color: rgb(38, 58, 99);"[39m
                          [36m/>[39m
                          [36m<span[39m
                            [33mclass[39m=[32m"h-2.5 w-2.5 sm:h-3 sm:w-3 "[39m
                            [33mstyle[39m=[32m"background-color: rgb(38, 58, 99);"[39m
                          [36m/>[39m
                          [36m<span[39m
                            [33mclass[39m=[32m"h-2.5 w-2.5 sm:h-3 sm:w-3 bg-slate-200"[39m
                          [36m/>[39m
                          [36m<span...

Ignored nodes: comments, script, style
[36m<html>[39m
  [36m<head />[39m
  [36m<body>[39m
    [36m<div>[39m
      [36m<main[39m
        [33mclass[39m=[32m"min-h-screen bg-zinc-950 text-white p-4 sm:p-8 lg:p-12"[39m
      [36m>[39m
        [36m<div[39m
          [33mclass[39m=[32m"max-w-7xl mx-auto flex flex-col lg:flex-row gap-8 lg:gap-16"[39m
        [36m>[39m
          [36m<div[39m
            [33mclass[39m=[32m"flex-1 lg:max-w-[42rem] flex flex-col pt-4 lg:pt-12"[39m
          [36m>[39m
            [36m<div[39m
              [33mclass[39m=[32m"mb-10 text-center lg:text-left"[39m
            [36m>[39m
              [36m<h1[39m
                [33mclass[39m=[32m"text-4xl sm:text-5xl lg:text-6xl font-extrabold text-transparent bg-clip-text bg-gradient-to-r from-gold-400 via-gold-500 to-gold-600 mb-4 tracking-tight"[39m
              [36m>[39m
                [0mGenerator QR[0m
              [36m</h1>[39m
              [36m<p[39m
                [33mclass[39m=[32m"text-zinc-400 text-base sm:text-lg max-w-xl mx-auto lg:mx-0"[39m
              [36m>[39m
                [0mTransformuj linki w eleganckie, luksusowe kody QR perfekcyjnej jakości. Ekskluzywne i darmowe narzędzie.[0m
              [36m</p>[39m
            [36m</div>[39m
            [36m<div[39m
              [33mclass[39m=[32m"bg-zinc-900/40 backdrop-blur-xl rounded-3xl shadow-2xl shadow-black border border-white/5 p-6 sm:p-8 relative overflow-hidden"[39m
            [36m>[39m
              [36m<div[39m
                [33mclass[39m=[32m"absolute top-0 right-0 -mr-20 -mt-20 w-64 h-64 rounded-full bg-gold-500/5 blur-3xl pointer-events-none"[39m
              [36m/>[39m
              [36m<div[39m
                [33mclass[39m=[32m"flex mb-6 rounded-2xl bg-zinc-950/50 p-1.5 border border-white/5 relative z-10"[39m
                [33mrole[39m=[32m"tablist"[39m
              [36m>[39m
                [36m<button[39m
                  [33maria-selected[39m=[32m"false"[39m
                  [33mclass[39m=[32m"flex-1 py-3 px-4 rounded-xl text-sm font-semibold transition-all cursor-pointer text-zinc-500 hover:text-zinc-300 hover:bg-zinc-800/30"[39m
                  [33mrole[39m=[32m"tab"[39m
                [36m>[39m
                  [0mPodstawowy[0m
                [36m</button>[39m
                [36m<button[39m
                  [33maria-selected[39m=[32m"true"[39m
                  [33mclass[39m=[32m"flex-1 py-3 px-4 rounded-xl text-sm font-semibold transition-all cursor-pointer bg-zinc-800 text-gold-400 shadow-lg ring-1 ring-white/10"[39m
                  [33mrole[39m=[32m"tab"[39m
                [36m>[39m
                  [0mZ logotypem[0m
                [36m</button>[39m
              [36m</div>[39m
              [36m<form[39m
                [33mclass[39m=[32m"flex flex-col gap-4"[39m
                [33mnovalidate[39m=[32m""[39m
              [36m>[39m
                [36m<label[39m
                  [33mclass[39m=[32m"px-1 text-sm font-medium text-zinc-300"[39m
                  [33mfor[39m=[32m"qr-url"[39m
                [36m>[39m
                  [0mLink do zakodowania[0m
                [36m</label>[39m
                [36m<input[39m
                  [33maria-invalid[39m=[32m"false"[39m
                  [33mautocomplete[39m=[32m"url"[39m
                  [33mclass[39m=[32m"w-full px-4 py-3 rounded-xl border border-white/10 bg-zinc-950/50 text-white placeholder:text-zinc-500 focus:outline-none focus:ring-2 focus:ring-gold-500/50 focus:border-gold-500 transition-all text-sm sm:text-base"[39m
                  [33mid[39m=[32m"qr-url"[39m
                  [33mplaceholder[39m=[32m"https://example.com"[39m
                  [33mtype[39m=[32m"url"[39m
                  [33mvalue[39m=[32m"https://example.com"[39m
                [36m/>[39m
                [36m<div[39m
                  [33mclass[39m=[32m"rounded-2xl border border-white/5 bg-zinc-950/30 p-4"[39m
                [36m>[39m
                  [36m<div[39m
                    [33mclass[39m=[32m"flex flex-col gap-4"[39m
                  [36m>[39m
                    [36m<div[39m
                      [33mclass[39m=[32m"flex flex-col gap-3"[39m
                    [36m>[39m
                      [36m<span[39m
                        [33mclass[39m=[32m"px-1 text-sm font-medium text-zinc-300"[39m
                      [36m>[39m
                        [0mStyl modulu QR[0m
                      [36m</span>[39m
                      [36m<div[39m
                        [33mclass[39m=[32m"grid grid-cols-2 gap-2 sm:grid-cols-5"[39m
                      [36m>[39m
                        [36m<button[39m
                          [33maria-pressed[39m=[32m"true"[39m
                          [33mclass[39m=[32m"flex flex-col items-center gap-2 rounded-2xl border px-3 py-3 text-xs font-semibold transition-all cursor-pointer border-gold-500 bg-gold-500/10 text-gold-400 shadow-[0_0_10px_rgba(212,175,55,0.2)]"[39m
                          [33mtype[39m=[32m"button"[39m
                        [36m>[39m
                          [36m<div[39m
                            [33mclass[39m=[32m"grid grid-cols-4 gap-1.5"[39m
                          [36m>[39m
                            [36m<span[39m
                              [33mclass[39m=[32m"h-2.5 w-2.5 sm:h-3 sm:w-3 "[39m
                              [33mstyle[39m=[32m"background-color: rgb(38, 58, 99);"[39m
                            [36m/>[39m
                            [36m<span[39m
                              [33mclass[39m=[32m"h-2.5 w-2.5 sm:h-3 sm:w-3 bg-slate-200"[39m
                            [36m/>[39m
                            [36m<span[39m
                              [33mclass[39m=[32m"h-2.5 w-2.5 sm:h-3 sm:w-3 "[39m
                              [33mstyle[39m=[32m"background-color: rgb(38, 58, 99);"[39m
                            [36m/>[39m
                            [36m<span[39m
                              [33mclass[39m=[32m"h-2.5 w-2.5 sm:h-3 sm:w-3 "[39m
                              [33mstyle[39m=[32m"background-color: rgb(38, 58, 99);"[39m
                            [36m/>[39m
                            [36m<span[39m
                              [33mclass[39m=[32m"h-2.5 w-2.5 sm:h-3 sm:w-3 bg-slate-200"[39m
                            [36m/>[39m
                            [36m<span[39m
                              [33mclass[39m=[32m"h-2.5 w-2.5 sm:h-3 sm:w-3 "[39m
                              [33mstyle[39m=[32m"background-color: rgb(38, 58, 99);"[39m
                            [36m/>[39m
                            [36m<span[39m
                              [33mclass[39m=[32m"h-2.5 w-2.5 sm:h-3 sm:w-3 "[39m
                              [33mstyle[39m=[32m"background-color...
[90m [2m❯[22m Proxy.waitForWrapper node_modules/@testing-library/dom/dist/wait-for.js:[2m163:27[22m[39m
[36m [2m❯[22m src/app/page.test.tsx:[2m357:13[22m[39m
    [90m355| [39m      [35mawait[39m user[33m.[39m[34mclick[39m([34mgetGenerateButton[39m())[33m;[39m
    [90m356| [39m
    [90m357| [39m      [35mawait[39m [34mwaitFor[39m(() [33m=>[39m {
    [90m   | [39m            [31m^[39m
    [90m358| [39m        [34mexpect[39m(screen[33m.[39m[34mgetByAltText[39m([32m"Kod QR"[39m))[33m.[39m[34mtoBeInTheDocument[39m()[33m;[39m
    [90m359| [39m      })[33m;[39m

[31m[2m⎯⎯⎯⎯⎯⎯⎯⎯⎯⎯⎯⎯⎯⎯⎯⎯⎯⎯⎯⎯⎯⎯⎯[1/10]⎯[22m[39m

[41m[1m FAIL [22m[49m src/app/page.test.tsx[2m > [22mHome komponent[2m > [22musuwa poprzedni QR po walidacyjnym bledzie kolejnej proby
[31m[1mTestingLibraryElementError[22m[39m: Unable to find an element with the alt text: Kod QR

Ignored nodes: comments, script, style
[36m<body>[39m
  [36m<div>[39m
    [36m<main[39m
      [33mclass[39m=[32m"min-h-screen bg-zinc-950 text-white p-4 sm:p-8 lg:p-12"[39m
    [36m>[39m
      [36m<div[39m
        [33mclass[39m=[32m"max-w-7xl mx-auto flex flex-col lg:flex-row gap-8 lg:gap-16"[39m
      [36m>[39m
        [36m<div[39m
          [33mclass[39m=[32m"flex-1 lg:max-w-[42rem] flex flex-col pt-4 lg:pt-12"[39m
        [36m>[39m
          [36m<div[39m
            [33mclass[39m=[32m"mb-10 text-center lg:text-left"[39m
          [36m>[39m
            [36m<h1[39m
              [33mclass[39m=[32m"text-4xl sm:text-5xl lg:text-6xl font-extrabold text-transparent bg-clip-text bg-gradient-to-r from-gold-400 via-gold-500 to-gold-600 mb-4 tracking-tight"[39m
            [36m>[39m
              [0mGenerator QR[0m
            [36m</h1>[39m
            [36m<p[39m
              [33mclass[39m=[32m"text-zinc-400 text-base sm:text-lg max-w-xl mx-auto lg:mx-0"[39m
            [36m>[39m
              [0mTransformuj linki w eleganckie, luksusowe kody QR perfekcyjnej jakości. Ekskluzywne i darmowe narzędzie.[0m
            [36m</p>[39m
          [36m</div>[39m
          [36m<div[39m
            [33mclass[39m=[32m"bg-zinc-900/40 backdrop-blur-xl rounded-3xl shadow-2xl shadow-black border border-white/5 p-6 sm:p-8 relative overflow-hidden"[39m
          [36m>[39m
            [36m<div[39m
              [33mclass[39m=[32m"absolute top-0 right-0 -mr-20 -mt-20 w-64 h-64 rounded-full bg-gold-500/5 blur-3xl pointer-events-none"[39m
            [36m/>[39m
            [36m<div[39m
              [33mclass[39m=[32m"flex mb-6 rounded-2xl bg-zinc-950/50 p-1.5 border border-white/5 relative z-10"[39m
              [33mrole[39m=[32m"tablist"[39m
            [36m>[39m
              [36m<button[39m
                [33maria-selected[39m=[32m"true"[39m
                [33mclass[39m=[32m"flex-1 py-3 px-4 rounded-xl text-sm font-semibold transition-all cursor-pointer bg-zinc-800 text-gold-400 shadow-lg ring-1 ring-white/10"[39m
                [33mrole[39m=[32m"tab"[39m
              [36m>[39m
                [0mPodstawowy[0m
              [36m</button>[39m
              [36m<button[39m
                [33maria-selected[39m=[32m"false"[39m
                [33mclass[39m=[32m"flex-1 py-3 px-4 rounded-xl text-sm font-semibold transition-all cursor-pointer text-zinc-500 hover:text-zinc-300 hover:bg-zinc-800/30"[39m
                [33mrole[39m=[32m"tab"[39m
              [36m>[39m
                [0mZ logotypem[0m
              [36m</button>[39m
            [36m</div>[39m
            [36m<form[39m
              [33mclass[39m=[32m"flex flex-col gap-4"[39m
              [33mnovalidate[39m=[32m""[39m
            [36m>[39m
              [36m<label[39m
                [33mclass[39m=[32m"px-1 text-sm font-medium text-zinc-300"[39m
                [33mfor[39m=[32m"qr-url"[39m
              [36m>[39m
                [0mLink do zakodowania[0m
              [36m</label>[39m
              [36m<input[39m
                [33maria-invalid[39m=[32m"false"[39m
                [33mautocomplete[39m=[32m"url"[39m
                [33mclass[39m=[32m"w-full px-4 py-3 rounded-xl border border-white/10 bg-zinc-950/50 text-white placeholder:text-zinc-500 focus:outline-none focus:ring-2 focus:ring-gold-500/50 focus:border-gold-500 transition-all text-sm sm:text-base"[39m
                [33mid[39m=[32m"qr-url"[39m
                [33mplaceholder[39m=[32m"https://example.com"[39m
                [33mtype[39m=[32m"url"[39m
                [33mvalue[39m=[32m"https://example.com"[39m
              [36m/>[39m
              [36m<button[39m
                [33mclass[39m=[32m"w-full mt-4 py-4 px-6 bg-gradient-to-r from-gold-600 via-gold-500 to-gold-400 hover:from-gold-500 hover:via-gold-400 hover:to-gold-300 active:from-gold-700 active:to-gold-600 disabled:from-zinc-800 disabled:to-zinc-800 disabled:text-zinc-500 text-zinc-950 font-bold tracking-wide rounded-xl text-base sm:text-lg cursor-pointer disabled:cursor-not-allowed transition-all shadow-[0_0_20px_rgba(212,175,55,0.2)] hover:shadow-[0_0_30px_rgba(212,175,55,0.4)]"[39m
                [33mtype[39m=[32m"submit"[39m
              [36m>[39m
                [0mGeneruj kod QR[0m
              [36m</button>[39m
            [36m</form>[39m
            [36m<canvas[39m
              [33mclass[39m=[32m"hidden"[39m
            [36m/>[39m
          [36m</div>[39m
          [36m<div[39m
            [33mclass[39m=[32m"text-zinc-500 text-xs mt-10 space-y-2 text-center lg:text-left"[39m
          [36m>[39m
            [36m<p>[39m
              [0mKody generowane bezpiecznie, lokalnie w Twojej przeglądarce.[0m
            [36m</p>[39m
            [36m<p[39m
              [33mclass[39m=[32m"flex flex-col sm:flex-row items-center lg:items-start justify-center lg:justify-start gap-1 sm:gap-2"[39m
            [36m>[39m
              [36m<span>[39m
                [0mStworzone przez [0m
                [36m<span[39m
                  [33mclass[39m=[32m"text-zinc-400 font-medium"[39m
                [36m>[39m
                  [0mKrzysztof Brzezina[0m
                [36m</span>[39m
              [36m</span>[39m
              [36m<span[39m
                [33mclass[39m=[32m"hidden sm:inline text-zinc-700"[39m
              [36m>[39m
                [0m|[0m
              [36m</span>[39m
              [36m<a[39m
                [33mclass[39m=[32m"text-gold-500 hover:text-gold-400 font-medium transition-colors"[39m
                [33mhref[39m=[32m"https://wa.me/48517466553"[39m
                [33mrel[39m=[32m"noopener noreferrer"[39m
                [33mtarget[39m=[32m"_blank"[39m
              [36m>[39m
                [0mWhatsApp 517 466 553[0m
              [36m</a>[39m
              [36m<span[39m
                [33mclass[39m=[32m"hidden sm:inline text-zinc-700"[39m
              [36m>[39m
                [0m|[0m
              [36m</span>[39m
              [36m<a[39m
                [33mclass[39m=[32m"text-gold-500 hover:text-gold-400 font-medium transition-colors"[39m
                [33mhref[39m=[32m"mailto:krzysztof.brzezina@gmail.com"[39m
              [36m>[39m
                [0mkrzysztof.brzezina@gmail.com[0m
              [36m</a>[39m
            [36m</p>[39m
            [36m<p[39m
              [33mclass[39m=[32m"space-x-2 pt-2"[39m
            [36m>[39m
              [36m<a[39m
                [33mclass[39m=[32m"text-zinc-500 hover:text-zinc-300 transition-colors"[39m
                [33mhref[39m=[32m"/regulamin"[39m
              [36m>[39m
                [0mRegulamin i polityka[0m
              [36m</a>[39m
              [36m<span[39m
                [33mclass[39m=[32m"text-zinc-700"[39m
              [36m>[39m
                [0m|[0m
              [36m</span>[39m
              [36m<button[39m
                [33mclass[39m=[32m"text-zinc-500 hover:text-zinc-300 transition-colors cursor-pointer"[39m
              [36m>[39m
                [0mUstawienia cookies[0m
              [36m</button>[39m
            [36m</p>[39m
          [36m</div>[39m
        [36m</div>[39m
        [36m<div[39m
          [33mclass[39m=[32m"flex-1 lg:max-w-[45rem] mt-8 lg:mt-0 flex flex-col justify-center"[39m
        [36m>[39m
          [36m<div[39m
            [33mclass[39m=[32m"sticky top-12 lg:top-24 w-full h-full min-h-[500px] flex items-center justify-center bg-zinc-950/40 rounded-[2.5rem] border border-white/5 relative overflow-hidden backdrop-blur-2xl"[39m
          [36m>[39m
            [36m<div[39m
              [33mclass[39m=[32m"absolute inset-0 bg-gradient-to-br from-gold-500/5 to-transparent pointer-events-none"[39m
            [36m/>[39m
            [36m<div[39m
              [33mclass[39m=[32m"z-10 flex flex-col items-center gap-8 p-6 w-full max-w-md animate-in fade-in zoom-in duration-500"[39m
            [36m>[39m
              [36m<div[39m
                [33mclass[39m=[32m"relative group perspective-1000"[39m
              [36m>[39m
                [36m<div[39m
                  [33mclass[39m=[32m"absolute -inset-1 bg-gradient-to-r from-gold-600 to-gold-400 rounded-[2rem] blur-xl opacity-20 group-hover:opacity-40 transition duration-1000 group-hover:duration-200"[39m
                [36m/>[39m
                [36m<div[39m
                  [33mclass[39m=[32m"relative bg-white p-6 rounded-3xl shadow-2xl transition-transform duration-500 transform group-hover:scale-[1.02]"[39m
                [36m>[39m
                  [36m<img[39m
                    [33malt[39m=[32m"Twój Luksusowy Kod QR"[39m
                    [33mclass[39m=[32m"w-56 h-56 sm:w-72 sm:h-72 object-contain"[39m
                    [33mdata-nimg[39m=[32m"1"[39m
                    [33mdecoding[39m=[32m"async"[39m
                    [33mheight[39m=[32m"320"[39m
                    [33msrc[39m=[32m"data:image/png;base64,mockdata"[39m
                    [33mstyle[39m=[32m"color: transparent;"[39m
                    [33mwidth[39m=[32m"320"[39m
                  [36m/>[39m
                [36m</div>[39m
              [36m</div>[39m
              [36m<div[39m
                [33mclass[39m=[32m"flex flex-wrap gap-3 justify-center w-full"[39m
              [36m>[39m
                [36m<button[39m
                  [33mclass[39m=[32m"flex items-center gap-2 px-5 py-3 rounded-2xl transition-all cursor-pointer font-medium bg-zinc-800 hover:bg-zinc-700 active:bg-zinc-600 text-zinc-200 border border-white/10 hover:border-white/20 shadow-lg"[39m
                  [33mtitle[39m=[32m"Kopiuj do schowka"[39m
                [36m>[39m
                  [36m<svg[39m
                    [33mfill[39m=[32m"none"[39m
                    [33mheight[39m=[32m"20"[39m
                    [33mstroke[39m=[32m"currentColor"[39m
                    [33mstroke-linecap[39m=[32m"round"[39m
                    [33mstroke-linejoin[39m=[32m"round"[39m
                    [33mstroke-width[39m=[32m"2"[39m
                    [33mviewBox[39m=[32m"0 0 24 24"[39m
                    [33mwidth[39m=[32m"20"[39m
                    [33mxmlns[39m=[32m"http://www.w3.org/2000/svg"[39m
                  [36m>[39m
                    [36m<rect[39m
                      [33mheight[39m=[32m"14"[39m
                      [33mrx[39m=[32m"2"[39m
                      [33mwidth[39m=[32m"14"[39m
                      [33mx[39m=[32m"8"[39m
                      [33my[39m=[32m"8"[39m
                    [36m/>[39m
                    [36m<path[39m
                      [33md[39m=[32m"M4 16c-1.1 0-2-.9-2-2V4c0-1.1.9-2 2-2h10c1.1 0 2 .9 2 2"[39m
                    [36m/>[39m
                  [36m</svg>[39m
                  [36m<span>[39m
                    [0mSkopiuj[0m
                  [36m</span>[39m
                [36m</button>[39m
                [36m<div[39m
                  [33mclass[39m=[32m"flex gap-2"[39m
                [36m>[39m
                  [36m<button[39m
                    [33mclass[39m=[32m"flex items-center gap-2 px-5 py-3 rounded-2xl bg-zinc-800 hover:bg-zinc-700 active:bg-zinc-600 text-zinc-200 border border-white/10 hover:border-white/20 transition-all shadow-lg cursor-pointer font-medium"[39m
                    [33mtitle[39m=[32m"Pobierz wysokiej jakości PNG"[39m
                  [36m>[39m
                    [36m<span>[39m
                      [0mPNG[0m
                    [36m</span>[39m
                    [36m<svg[39m
                      [33mclass[39m=[32m"text-zinc-400"[39m
                      [33mfill[39m=[32m"none"[39m
                      [33mheight[39m=[32m"18"[39m
                      [33mstroke[39m=[32m"currentColor"[39m
                      [33mstroke-linecap[39m=[32m"round"[39m
                      [33mstroke-linejoin[39m=[32m"round"[39m
                      [33mstroke-width[39m=[32m"2"[39m
                      [33mviewBox[39m=[32m"0 0 24 24"[39m
                      [33mwidth[39m=[32m"18"[39m
                      [33mxmlns[39m=[32m"http://www.w3.org/2000/svg"[39m
                    [36m>[39m
                      [36m<rect[39m
                        [33mheight[39m=[32m"18"[39m
                        [33mrx[39m=[32m"2"[39m
                        [33mwidth[39m=[32m"18"[39m
                        [33mx[39m=[32m"3"[39m
                        [33my[39m=[32m"3"[39m
                      [36m/>[39m
                      [36m<circle[39m
                        [33mcx[39m=[32m"9"[39m
                        [33mcy[39m=[32m"9"[39m
                        [33mr[39m=[32m"2"[39m
                      [36m/>[39m
                      [36m<path[39m
                        [33md[39m=[32m"m21 15-3.086-3.086a2 2 0 0 0-2.828 0L6 21"[39m
                      [36m/>[39m
                    [36m</svg>[39m
                  [36m</button>[39m
                  [36m<button[39m
                    [33mclass[39m=[32m"flex items-center gap-2 px-5 py-3 rounded-2xl bg-zinc-800 hover:bg-zinc-700 active:bg-zinc-600 text-zinc-200 border border-white/10 hover:border-white/20 transition-all shadow-lg cursor-pointer font-medium"[39m
                    [33mtitle[39m=[32m"Pobierz wektorowy SVG"[39m
                  [36m>[39m
                    [36m<span>[39m
                      [0mSVG[0m
                    [36m</span>[39m
                    [36m<svg[39m
                      [33mclass[39m=[32m"text-zinc-400"[39m
                      [33mfill[39m=[32m"none"[39m
                      [33mheight[39m=[32m"18"[39m
                      [33mstroke[39m=[32m"currentColor"[39m
                      [33mstroke-linecap[39m=[32m"round"[39m
                      [33mstroke-linejoin[39m=[32m"round"[39m
                      [33mstroke-width[39m=[32m"2"[39m
                      [33mviewBox[39m=[32m"0 0 24 24"[39m
                      [33mwidth[39m=[32m"18"[39m
                      [33mxmlns[39m=[32m"http://www.w3.org/2000/svg"[39m
                    [36m>[39m
                      [36m<path[39m
                        [33md[39m=[32m"M21 15v4a2 2 0 0 1-2 2H5a2 2 0 0 1-2-2v-4"[39m
                      [36m/>[39m
                      [36m<polyline[39m
                        [33mpoints[39m=[32m"7 10 12 15 17 10"[39m
                      [36m/>[39m
                      [36m<line[39m
                        [33mx1[39m=[32m"12"[39m
                        [33mx2[39m=[32m"12"[39m
                        [33my1[39m=[32m"15"[39m
                        [33my2[39m=[32m"3"[39m
                      [36m/>[39m
                    [36m</svg>[39m
                  [36m</button>[39m
                [36m</div>[39m
              [36m</div>[39m
            [36m</div>[39m
          [36m</div>[39m
        [36m</div>[39m
      [36m</div>[39m
    [36m</main>[39m
  [36m</div>[39m
[36m</body>[39m

Ignored nodes: comments, script, style
[36m<html>[39m
  [36m<head />[39m
  [36m<body>[39m
    [36m<div>[39m
      [36m<main[39m
        [33mclass[39m=[32m"min-h-screen bg-zinc-950 text-white p-4 sm:p-8 lg:p-12"[39m
      [36m>[39m
        [36m<div[39m
          [33mclass[39m=[32m"max-w-7xl mx-auto flex flex-col lg:flex-row gap-8 lg:gap-16"[39m
        [36m>[39m
          [36m<div[39m
            [33mclass[39m=[32m"flex-1 lg:max-w-[42rem] flex flex-col pt-4 lg:pt-12"[39m
          [36m>[39m
            [36m<div[39m
              [33mclass[39m=[32m"mb-10 text-center lg:text-left"[39m
            [36m>[39m
              [36m<h1[39m
                [33mclass[39m=[32m"text-4xl sm:text-5xl lg:text-6xl font-extrabold text-transparent bg-clip-text bg-gradient-to-r from-gold-400 via-gold-500 to-gold-600 mb-4 tracking-tight"[39m
              [36m>[39m
                [0mGenerator QR[0m
              [36m</h1>[39m
              [36m<p[39m
                [33mclass[39m=[32m"text-zinc-400 text-base sm:text-lg max-w-xl mx-auto lg:mx-0"[39m
              [36m>[39m
                [0mTransformuj linki w eleganckie, luksusowe kody QR perfekcyjnej jakości. Ekskluzywne i darmowe narzędzie.[0m
              [36m</p>[39m
            [36m</div>[39m
            [36m<div[39m
              [33mclass[39m=[32m"bg-zinc-900/40 backdrop-blur-xl rounded-3xl shadow-2xl shadow-black border border-white/5 p-6 sm:p-8 relative overflow-hidden"[39m
            [36m>[39m
              [36m<div[39m
                [33mclass[39m=[32m"absolute top-0 right-0 -mr-20 -mt-20 w-64 h-64 rounded-full bg-gold-500/5 blur-3xl pointer-events-none"[39m
              [36m/>[39m
              [36m<div[39m
                [33mclass[39m=[32m"flex mb-6 rounded-2xl bg-zinc-950/50 p-1.5 border border-white/5 relative z-10"[39m
                [33mrole[39m=[32m"tablist"[39m
              [36m>[39m
                [36m<button[39m
                  [33maria-selected[39m=[32m"true"[39m
                  [33mclass[39m=[32m"flex-1 py-3 px-4 rounded-xl text-sm font-semibold transition-all cursor-pointer bg-zinc-800 text-gold-400 shadow-lg ring-1 ring-white/10"[39m
                  [33mrole[39m=[32m"tab"[39m
                [36m>[39m
                  [0mPodstawowy[0m
                [36m</button>[39m
                [36m<button[39m
                  [33maria-selected[39m=[32m"false"[39m
                  [33mclass[39m=[32m"flex-1 py-3 px-4 rounded-xl text-sm font-semibold transition-all cursor-pointer text-zinc-500 hover:text-zinc-300 hover:bg-zinc-800/30"[39m
                  [33mrole[39m=[32m"tab"[39m
                [36m>[39m
                  [0mZ logotypem[0m
                [36m</button>[39m
              [36m</div>[39m
              [36m<form[39m
                [33mclass[39m=[32m"flex flex-col gap-4"[39m
                [33mnovalidate[39m=[32m""[39m
              [36m>[39m
                [36m<label[39m
                  [33mclass[39m=[32m"px-1 text-sm font-medium text-zinc-300"[39m
                  [33mfor[39m=[32m"qr-url"[39m
                [36m>[39m
                  [0mLink do zakodowania[0m
                [36m</label>[39m
                [36m<input[39m
                  [33maria-invalid[39m=[32m"false"[39m
                  [33mautocomplete[39m=[32m"url"[39m
                  [33mclass[39m=[32m"w-full px-4 py-3 rounded-xl border border-white/10 bg-zinc-950/50 text-white placeholder:text-zinc-500 focus:outline-none focus:ring-2 focus:ring-gold-500/50 focus:border-gold-500 transition-all text-sm sm:text-base"[39m
                  [33mid[39m=[32m"qr-url"[39m
                  [33mplaceholder[39m=[32m"https://example.com"[39m
                  [33mtype[39m=[32m"url"[39m
                  [33mvalue[39m=[32m"https://example.com"[39m
                [36m/>[39m
                [36m<button[39m
                  [33mclass[39m=[32m"w-full mt-4 py-4 px-6 bg-gradient-to-r from-gold-600 via-gold-500 to-gold-400 hover:from-gold-500 hover:via-gold-400 hover:to-gold-300 active:from-gold-700 active:to-gold-600 disabled:from-zinc-800 disabled:to-zinc-800 disabled:text-zinc-500 text-zinc-950 font-bold tracking-wide rounded-xl text-base sm:text-lg cursor-pointer disabled:cursor-not-allowed transition-all shadow-[0_0_20px_rgba(212,175,55,0.2)] hover:shadow-[0_0_30px_rgba(212,175,55,0.4)]"[39m
                  [33mtype[39m=[32m"submit"[39m
                [36m>[39m
                  [0mGeneruj kod QR[0m
                [36m</button>[39m
              [36m</form>[39m
              [36m<canvas[39m
                [33mclass[39m=[32m"hidden"[39m
              [36m/>[39m
            [36m</div>[39m
            [36m<div[39m
              [33mclass[39m=[32m"text-zinc-500 text-xs mt-10 space-y-2 text-center lg:text-left"[39m
            [36m>[39m
              [36m<p>[39m
                [0mKody generowane bezpiecznie, lokalnie w Twojej przeglądarce.[0m
              [36m</p>[39m
              [36m<p[39m
                [33mclass[39m=[32m"flex flex-col sm:flex-row items-center lg:items-start justify-center lg:justify-start gap-1 sm:gap-2"[39m
              [36m>[39m
                [36m<span>[39m
                  [0mStworzone przez [0m
                  [36m<span[39m
                    [33mclass[39m=[32m"text-zinc-400 font-medium"[39m
                  [36m>[39m
                    [0mKrzysztof Brzezina[0m
                  [36m</span>[39m
                [36m</span>[39m
                [36m<span[39m
                  [33mclass[39m=[32m"hidden sm:inline text-zinc-700"[39m
                [36m>[39m
                  [0m|[0m
                [36m</span>[39m
                [36m<a[39m
                  [33mclass[39m=[32m"text-gold-500 hover:text-gold-400 font-medium transition-colors"[39m
                  [33mhref[39m=[32m"https://wa.me/48517466553"[39m
                  [33mrel[39m=[32m"noopener noreferrer"[39m
                  [33mtarget[39m=[32m"_blank"[39m
                [36m>[39m
                  [0mWhatsApp 517 466 553[0m
                [36m</a>[39m
                [36m<span[39m
                  [33mclass[39m=[32m"hidden sm:inline text-zinc-700"[39m
                [36m>[39m
                  [0m|[0m
                [36m</span>[39m
                [36m<a[39m
                  [33mclass[39m=[32m"text-gold-500 hover:text-gold-400 font-medium transition-colors"[39m
                  [33mhref[39m=[32m"mailto:krzysztof.brzezina@gmail.com"[39m
                [36m>[39m
                  [0mkrzysztof.brzezina@gmail.com[0m
                [36m</a>[39m
              [36m</p>[39m
              [36m<p[39m
                [33mclass[39m=[32m"space-x-2 pt-2"[39m
              [36m>[39m
                [36m<a[39m
                  [33mclass[39m=[32m"text-zinc-500 hover:text-zinc-300 transition-colors"[39m
                  [33mhref[39m=[32m"/regulamin"[39m
                [36m>[39m
                  [0mRegulamin i polityka[0m
                [36m</a>[39m
                [36m<span[39m
                  [33mclass[39m=[32m"text-zinc-700"[39m
                [36m>[39m
                  [0m|[0m
                [36m</span>[39m
                [36m<button[39m
                  [33mclass[39m=[32m"text-zinc-500 hover:text-zinc-300 transition-colors cursor-pointer"[39m
                [36m>[39m
                  [0mUstawienia cookies[0m
                [36m</button>[39m
              [36m</p>[39m
            [36m</div>[39m
          [36m</div>[39m
          [36m<div[39m
            [33mclass[39m=[32m"flex-1 lg:max-w-[45rem] mt-8 lg:mt-0 flex flex-col justify-center"[39m
          [36m>[39m
            [36m<div[39m
              [33mclass[39m=[32m"sticky top-12 lg:top-24 w-full h-full min-h-[500px] flex items-center justify-center bg-zinc-950/40 rounded-[2.5rem] border border-white/5 relative overflow-hidden backdrop-blur-2xl"[39m
            [36m>[39m
              [36m<div[39m
                [33mclass[39m=[32m"absolute inset-0 bg-gradient-to-br from-gold-500/5 to-transparent pointer-events-none"[39m
              [36m/>[39m
              [36m<div[39m
                [33mclass[39m=[32m"z-10 flex flex-col items-center gap-8 p-6 w-full max-w-md animate-in fade-in zoom-in duration-500"[39m
              [36m>[39m
                [36m<div[39m
                  [33mclass[39m=[32m"relative group perspective-1000"[39m
                [36m>[39m
                  [36m<div[39m
                    [33mclass[39m=[32m"absolute -inset-1 bg-gradient-to-r from-gold-600 to-gold-400 rounded-[2rem] blur-xl opacity-20 group-hover:opacity-40 transition duration-1000 group-hover:duration-200"[39m
                  [36m/>[39m
                  [36m<div[39m
                    [33mclass[39m=[32m"relative bg-white p-6 rounded-3xl shadow-2xl transition-transform duration-500 transform group-hover:scale-[1.02]"[39m
                  [36m>[39m
                    [36m<img[39m
                      [33malt[39m=[32m"Twój Luksusowy Kod QR"[39m
                      [33mclass[39m=[32m"w-56 h-56 sm:w-72 sm:h-72 object-contain"[39m
                      [33mdata-nimg[39m=[32m"1"[39m
                      [33mdecoding[39m=[32m"async"[39m
                      [33mheight[39m=[32m"320"[39m
                      [33msrc[39m=[32m"data:image/png;base64,mockdata"[39m
                      [33mstyle[39m=[32m"color: transparent;"[39m
                      [33mwidth[39m=[32m"320"[39m
                    [36m/>[39m
                  [36m</div>[39m
                [36m</div>[39m
                [36m<div[39m
                  [33mclass[39m=[32m"flex flex-wrap gap-3 justify-center w-full"[39m
                [36m>[39m
                  [36m<button[39m
                    [33mclass[39m=[32m"flex items-center gap-2 px-5 py-3 rounded-2xl transition-all cursor-pointer font-medium bg-zinc-800 hover:bg-zinc-700 active:bg-zinc-600 text-zinc-200 border border-white/10 hover:border-white/20 shadow-lg"[39m
                    [33mtitle[39m=[32m"Kopiuj do schowka"[39m
                  [36m>[39m
                    [36m<svg[39m
                      [33mfill[39m=[32m"none"[39m
                      [33mheight[39m=[32m"20"[39m
                      [33mstroke[39m=[32m"currentColor"[39m
                      [33mstroke-linecap[39m=[32m"round"[39m
                      [33mstroke-linejoin[39m=[32m"round"[39m
                      [33mstroke-width[39m=[32m"2"[39m
                      [33mviewBox[39m=[32m"0 0 24 24"[39m
                      [33mwidth[39m=[32m"20"[39m
                      [33mxmlns[39m=[32m"http://www.w3.org/2000/svg"[39m
                    [36m>[39m
                      [36m<rect[39m
                        [33mheight[39m=[32m"14"[39m
                        [33mrx[39m=[32m"2"[39m
                        [33mwidth[39m=[32m"14"[39m
                        [33mx[39m=[32m"8"[39m
                        [33my[39m=[32m"8"[39m
                      [36m/>[39m
                      [36m<path[39m
                        [33md[39m=[32m"M4 16c-1.1 0-2-.9-2-2V4c0-1.1.9-2 2-2h10c1.1 0 2 .9 2 2"[39m
                      [36m/>[39m
                    [36m</svg>[39m
                    [36m<span>[39m
                      [0mSkopiuj[0m
                    [36m</span>[39m
                  [36m</button>[39m
                  [36m<div[39m
                    [33mclass[39m=[32m"flex gap-2"[39m
                  [36m>[39m
                    [36m<button[39m
                      [33mclass[39m=[32m"flex items-center gap-2 px-5 py-3 rounded-2xl bg-zinc-800 hover:bg-zinc-700 active:bg-zinc-600 text-zinc-200 border border-white/10 hover:border-white/20 transition-all shadow-lg cursor-pointer font-medium"[39m
                      [33mtitle[39m=[32m"Pobierz wysokiej jakości PNG"[39m
                    [36m>[39m
                      [36m<span>[39m
                        [0mPNG[0m
                      [36m</span>[39m
                      [36m<svg[39m
                        [33mclass[39m=[32m"text-zinc-400"[39m
                        [33mfill[39m=[32m"none"[39m
                        [33mheight[39m=[32m"18"[39m
                        [33mstroke[39m=[32m"currentColor"[39m
                        [33mstroke-linecap[39m=[32m"round"[39m
                        [33mstroke-linejoin[39m=[32m"round"[39m
                        [33mstroke-width[39m=[32m"2"[39m
                        [33mviewBox[39m=[32m"0 0 24 24"[39m
                        [33mwidth[39m=[32m"18"[39m
                        [33mxmlns[39m=[32m"http://www.w3.org/2000/svg"[39m
                      [36m>[39m
                        [36m<rect[39m
                          [33mheight[39m=[32m"18"[39m
                          [33mrx[39m=[32m"2"[39m
                          [33mwidth[39m=[32m"18"[39m
                          [33mx[39m=[32m"3"[39m
                          [33my[39m=[32m"3"[39m
                        [36m/>[39m
                        [36m<circle[39m
                          [33mcx[39m=[32m"9"[39m
                          [33mcy[39m=[32m"9"[39m
                          [33mr[39m=[32m"2"[39m
                        [36m/>[39m
                        [36m<path[39m
                          [33md[39m=[32m"m21 15-3.086-3.086a2 2 0 0 0-2.828 0L6 21"[39m
                        [36m/>[39m
                      [36m</svg>[39m
                    [36m</button>[39m
                    [36m<button[39m
                      [33mclass[39m=[32m"flex items-center gap-2 px-5 py-3 rounded-2xl bg-zinc-800 hover:bg-zinc-700 active:bg-zinc-600 text-zinc-200 border border-white/10 hover:border-white/20 transition-all shadow-lg cursor-pointer font-medium"[39m
                      [33mtitle[39m=[32m"Pobierz wektorowy SVG"[39m
                    [36m>[39m
                      [36m<span>[39m
                        [0mSVG[0m
                      [36m</span>[39m
                      [36m<svg[39m
                        [33mclass[39m=[32m"text-zinc-400"[39m
                        [33mfill[39m=[32m"none"[39m
                        [33mheight[39m=[32m"18"[39m
                        [33mstroke[39m=[32m"currentColor"[39m
                        [33mstroke-linecap[39m=[32m"round"[39m
                        [33mstroke-linejoin[39m=[32m"round"[39m
                        [33mstroke-width[39m=[32m"2"[39m
                        [33mviewBox[39m=[32m"0 0 24 24"[39m
                        [33mwidth[39m=[32m"18"[39m
                        [33mxmlns[39m=[32m"http://www.w3.org/2000/svg"[39m
                      [36m>[39m
                        [36m<path[39m
                          [33md[39m=[32m"M21 15v4a2 2 0 0 1-2 2H5a2 2 0 0 1-2-2v-4"[39m
                        [36m/>[39m
                        [36m<polyline[39m
                          [33mpoints[39m=[32m"7 10 12 15 17 10"[39m
                        [36m/>[39m
                        [36m<line[39m
                          [33mx1[39m=[32m"12"[39m
                          [33mx2[39m=[32m"12"[39m
                          [33my1[39m=[32m"15"[39m
                          [33my2[39m=[32m"3"[39m
                        [36m/>[39m
                      [36m</svg>[39m
                    [36m</button>[39m
                  [36m</div>[39m
                [36m</div>[39m
              [36m</div>[39m
            [36m</div>[39m
          [36m</div>[39m
        [36m</div>[39m
      [36m</main>[39m
    [36m</div>[39m
  [36m</body>[39m
[36m</html>[39m
[90m [2m❯[22m Proxy.waitForWrapper node_modules/@testing-library/dom/dist/wait-for.js:[2m163:27[22m[39m
[36m [2m❯[22m src/app/page.test.tsx:[2m464:11[22m[39m
    [90m462| [39m    [35mawait[39m user[33m.[39m[34mclick[39m([34mgetGenerateButton[39m())[33m;[39m
    [90m463| [39m
    [90m464| [39m    [35mawait[39m [34mwaitFor[39m(() [33m=>[39m {
    [90m   | [39m          [31m^[39m
    [90m465| [39m      [34mexpect[39m(screen[33m.[39m[34mgetByAltText[39m([32m"Kod QR"[39m))[33m.[39m[34mtoBeInTheDocument[39m()[33m;[39m
    [90m466| [39m    })[33m;[39m

[31m[2m⎯⎯⎯⎯⎯⎯⎯⎯⎯⎯⎯⎯⎯⎯⎯⎯⎯⎯⎯⎯⎯⎯⎯[2/10]⎯[22m[39m

[41m[1m FAIL [22m[49m src/app/page.test.tsx[2m > [22mHome komponent[2m > [22mgeneruje QR dla poprawnego URL
[31m[1mTestingLibraryElementError[22m[39m: Unable to find an element with the alt text: Kod QR

Ignored nodes: comments, script, style
[36m<body>[39m
  [36m<div>[39m
    [36m<main[39m
      [33mclass[39m=[32m"min-h-screen bg-zinc-950 text-white p-4 sm:p-8 lg:p-12"[39m
    [36m>[39m
      [36m<div[39m
        [33mclass[39m=[32m"max-w-7xl mx-auto flex flex-col lg:flex-row gap-8 lg:gap-16"[39m
      [36m>[39m
        [36m<div[39m
          [33mclass[39m=[32m"flex-1 lg:max-w-[42rem] flex flex-col pt-4 lg:pt-12"[39m
        [36m>[39m
          [36m<div[39m
            [33mclass[39m=[32m"mb-10 text-center lg:text-left"[39m
          [36m>[39m
            [36m<h1[39m
              [33mclass[39m=[32m"text-4xl sm:text-5xl lg:text-6xl font-extrabold text-transparent bg-clip-text bg-gradient-to-r from-gold-400 via-gold-500 to-gold-600 mb-4 tracking-tight"[39m
            [36m>[39m
              [0mGenerator QR[0m
            [36m</h1>[39m
            [36m<p[39m
              [33mclass[39m=[32m"text-zinc-400 text-base sm:text-lg max-w-xl mx-auto lg:mx-0"[39m
            [36m>[39m
              [0mTransformuj linki w eleganckie, luksusowe kody QR perfekcyjnej jakości. Ekskluzywne i darmowe narzędzie.[0m
            [36m</p>[39m
          [36m</div>[39m
          [36m<div[39m
            [33mclass[39m=[32m"bg-zinc-900/40 backdrop-blur-xl rounded-3xl shadow-2xl shadow-black border border-white/5 p-6 sm:p-8 relative overflow-hidden"[39m
          [36m>[39m
            [36m<div[39m
              [33mclass[39m=[32m"absolute top-0 right-0 -mr-20 -mt-20 w-64 h-64 rounded-full bg-gold-500/5 blur-3xl pointer-events-none"[39m
            [36m/>[39m
            [36m<div[39m
              [33mclass[39m=[32m"flex mb-6 rounded-2xl bg-zinc-950/50 p-1.5 border border-white/5 relative z-10"[39m
              [33mrole[39m=[32m"tablist"[39m
            [36m>[39m
              [36m<button[39m
                [33maria-selected[39m=[32m"true"[39m
                [33mclass[39m=[32m"flex-1 py-3 px-4 rounded-xl text-sm font-semibold transition-all cursor-pointer bg-zinc-800 text-gold-400 shadow-lg ring-1 ring-white/10"[39m
                [33mrole[39m=[32m"tab"[39m
              [36m>[39m
                [0mPodstawowy[0m
              [36m</button>[39m
              [36m<button[39m
                [33maria-selected[39m=[32m"false"[39m
                [33mclass[39m=[32m"flex-1 py-3 px-4 rounded-xl text-sm font-semibold transition-all cursor-pointer text-zinc-500 hover:text-zinc-300 hover:bg-zinc-800/30"[39m
                [33mrole[39m=[32m"tab"[39m
              [36m>[39m
                [0mZ logotypem[0m
              [36m</button>[39m
            [36m</div>[39m
            [36m<form[39m
              [33mclass[39m=[32m"flex flex-col gap-4"[39m
              [33mnovalidate[39m=[32m""[39m
            [36m>[39m
              [36m<label[39m
                [33mclass[39m=[32m"px-1 text-sm font-medium text-zinc-300"[39m
                [33mfor[39m=[32m"qr-url"[39m
              [36m>[39m
                [0mLink do zakodowania[0m
              [36m</label>[39m
              [36m<input[39m
                [33maria-invalid[39m=[32m"false"[39m
                [33mautocomplete[39m=[32m"url"[39m
                [33mclass[39m=[32m"w-full px-4 py-3 rounded-xl border border-white/10 bg-zinc-950/50 text-white placeholder:text-zinc-500 focus:outline-none focus:ring-2 focus:ring-gold-500/50 focus:border-gold-500 transition-all text-sm sm:text-base"[39m
                [33mid[39m=[32m"qr-url"[39m
                [33mplaceholder[39m=[32m"https://example.com"[39m
                [33mtype[39m=[32m"url"[39m
                [33mvalue[39m=[32m"https://example.com"[39m
              [36m/>[39m
              [36m<button[39m
                [33mclass[39m=[32m"w-full mt-4 py-4 px-6 bg-gradient-to-r from-gold-600 via-gold-500 to-gold-400 hover:from-gold-500 hover:via-gold-400 hover:to-gold-300 active:from-gold-700 active:to-gold-600 disabled:from-zinc-800 disabled:to-zinc-800 disabled:text-zinc-500 text-zinc-950 font-bold tracking-wide rounded-xl text-base sm:text-lg cursor-pointer disabled:cursor-not-allowed transition-all shadow-[0_0_20px_rgba(212,175,55,0.2)] hover:shadow-[0_0_30px_rgba(212,175,55,0.4)]"[39m
                [33mtype[39m=[32m"submit"[39m
              [36m>[39m
                [0mGeneruj kod QR[0m
              [36m</button>[39m
            [36m</form>[39m
            [36m<canvas[39m
              [33mclass[39m=[32m"hidden"[39m
            [36m/>[39m
          [36m</div>[39m
          [36m<div[39m
            [33mclass[39m=[32m"text-zinc-500 text-xs mt-10 space-y-2 text-center lg:text-left"[39m
          [36m>[39m
            [36m<p>[39m
              [0mKody generowane bezpiecznie, lokalnie w Twojej przeglądarce.[0m
            [36m</p>[39m
            [36m<p[39m
              [33mclass[39m=[32m"flex flex-col sm:flex-row items-center lg:items-start justify-center lg:justify-start gap-1 sm:gap-2"[39m
            [36m>[39m
              [36m<span>[39m
                [0mStworzone przez [0m
                [36m<span[39m
                  [33mclass[39m=[32m"text-zinc-400 font-medium"[39m
                [36m>[39m
                  [0mKrzysztof Brzezina[0m
                [36m</span>[39m
              [36m</span>[39m
              [36m<span[39m
                [33mclass[39m=[32m"hidden sm:inline text-zinc-700"[39m
              [36m>[39m
                [0m|[0m
              [36m</span>[39m
              [36m<a[39m
                [33mclass[39m=[32m"text-gold-500 hover:text-gold-400 font-medium transition-colors"[39m
                [33mhref[39m=[32m"https://wa.me/48517466553"[39m
                [33mrel[39m=[32m"noopener noreferrer"[39m
                [33mtarget[39m=[32m"_blank"[39m
              [36m>[39m
                [0mWhatsApp 517 466 553[0m
              [36m</a>[39m
              [36m<span[39m
                [33mclass[39m=[32m"hidden sm:inline text-zinc-700"[39m
              [36m>[39m
                [0m|[0m
              [36m</span>[39m
              [36m<a[39m
                [33mclass[39m=[32m"text-gold-500 hover:text-gold-400 font-medium transition-colors"[39m
                [33mhref[39m=[32m"mailto:krzysztof.brzezina@gmail.com"[39m
              [36m>[39m
                [0mkrzysztof.brzezina@gmail.com[0m
              [36m</a>[39m
            [36m</p>[39m
            [36m<p[39m
              [33mclass[39m=[32m"space-x-2 pt-2"[39m
            [36m>[39m
              [36m<a[39m
                [33mclass[39m=[32m"text-zinc-500 hover:text-zinc-300 transition-colors"[39m
                [33mhref[39m=[32m"/regulamin"[39m
              [36m>[39m
                [0mRegulamin i polityka[0m
              [36m</a>[39m
              [36m<span[39m
                [33mclass[39m=[32m"text-zinc-700"[39m
              [36m>[39m
                [0m|[0m
              [36m</span>[39m
              [36m<button[39m
                [33mclass[39m=[32m"text-zinc-500 hover:text-zinc-300 transition-colors cursor-pointer"[39m
              [36m>[39m
                [0mUstawienia cookies[0m
              [36m</button>[39m
            [36m</p>[39m
          [36m</div>[39m
        [36m</div>[39m
        [36m<div[39m
          [33mclass[39m=[32m"flex-1 lg:max-w-[45rem] mt-8 lg:mt-0 flex flex-col justify-center"[39m
        [36m>[39m
          [36m<div[39m
            [33mclass[39m=[32m"sticky top-12 lg:top-24 w-full h-full min-h-[500px] flex items-center justify-center bg-zinc-950/40 rounded-[2.5rem] border border-white/5 relative overflow-hidden backdrop-blur-2xl"[39m
          [36m>[39m
            [36m<div[39m
              [33mclass[39m=[32m"absolute inset-0 bg-gradient-to-br from-gold-500/5 to-transparent pointer-events-none"[39m
            [36m/>[39m
            [36m<div[39m
              [33mclass[39m=[32m"z-10 flex flex-col items-center gap-8 p-6 w-full max-w-md animate-in fade-in zoom-in duration-500"[39m
            [36m>[39m
              [36m<div[39m
                [33mclass[39m=[32m"relative group perspective-1000"[39m
              [36m>[39m
                [36m<div[39m
                  [33mclass[39m=[32m"absolute -inset-1 bg-gradient-to-r from-gold-600 to-gold-400 rounded-[2rem] blur-xl opacity-20 group-hover:opacity-40 transition duration-1000 group-hover:duration-200"[39m
                [36m/>[39m
                [36m<div[39m
                  [33mclass[39m=[32m"relative bg-white p-6 rounded-3xl shadow-2xl transition-transform duration-500 transform group-hover:scale-[1.02]"[39m
                [36m>[39m
                  [36m<img[39m
                    [33malt[39m=[32m"Twój Luksusowy Kod QR"[39m
                    [33mclass[39m=[32m"w-56 h-56 sm:w-72 sm:h-72 object-contain"[39m
                    [33mdata-nimg[39m=[32m"1"[39m
                    [33mdecoding[39m=[32m"async"[39m
                    [33mheight[39m=[32m"320"[39m
                    [33msrc[39m=[32m"data:image/png;base64,mockdata"[39m
                    [33mstyle[39m=[32m"color: transparent;"[39m
                    [33mwidth[39m=[32m"320"[39m
                  [36m/>[39m
                [36m</div>[39m
              [36m</div>[39m
              [36m<div[39m
                [33mclass[39m=[32m"flex flex-wrap gap-3 justify-center w-full"[39m
              [36m>[39m
                [36m<button[39m
                  [33mclass[39m=[32m"flex items-center gap-2 px-5 py-3 rounded-2xl transition-all cursor-pointer font-medium bg-zinc-800 hover:bg-zinc-700 active:bg-zinc-600 text-zinc-200 border border-white/10 hover:border-white/20 shadow-lg"[39m
                  [33mtitle[39m=[32m"Kopiuj do schowka"[39m
                [36m>[39m
                  [36m<svg[39m
                    [33mfill[39m=[32m"none"[39m
                    [33mheight[39m=[32m"20"[39m
                    [33mstroke[39m=[32m"currentColor"[39m
                    [33mstroke-linecap[39m=[32m"round"[39m
                    [33mstroke-linejoin[39m=[32m"round"[39m
                    [33mstroke-width[39m=[32m"2"[39m
                    [33mviewBox[39m=[32m"0 0 24 24"[39m
                    [33mwidth[39m=[32m"20"[39m
                    [33mxmlns[39m=[32m"http://www.w3.org/2000/svg"[39m
                  [36m>[39m
                    [36m<rect[39m
                      [33mheight[39m=[32m"14"[39m
                      [33mrx[39m=[32m"2"[39m
                      [33mwidth[39m=[32m"14"[39m
                      [33mx[39m=[32m"8"[39m
                      [33my[39m=[32m"8"[39m
                    [36m/>[39m
                    [36m<path[39m
                      [33md[39m=[32m"M4 16c-1.1 0-2-.9-2-2V4c0-1.1.9-2 2-2h10c1.1 0 2 .9 2 2"[39m
                    [36m/>[39m
                  [36m</svg>[39m
                  [36m<span>[39m
                    [0mSkopiuj[0m
                  [36m</span>[39m
                [36m</button>[39m
                [36m<div[39m
                  [33mclass[39m=[32m"flex gap-2"[39m
                [36m>[39m
                  [36m<button[39m
                    [33mclass[39m=[32m"flex items-center gap-2 px-5 py-3 rounded-2xl bg-zinc-800 hover:bg-zinc-700 active:bg-zinc-600 text-zinc-200 border border-white/10 hover:border-white/20 transition-all shadow-lg cursor-pointer font-medium"[39m
                    [33mtitle[39m=[32m"Pobierz wysokiej jakości PNG"[39m
                  [36m>[39m
                    [36m<span>[39m
                      [0mPNG[0m
                    [36m</span>[39m
                    [36m<svg[39m
                      [33mclass[39m=[32m"text-zinc-400"[39m
                      [33mfill[39m=[32m"none"[39m
                      [33mheight[39m=[32m"18"[39m
                      [33mstroke[39m=[32m"currentColor"[39m
                      [33mstroke-linecap[39m=[32m"round"[39m
                      [33mstroke-linejoin[39m=[32m"round"[39m
                      [33mstroke-width[39m=[32m"2"[39m
                      [33mviewBox[39m=[32m"0 0 24 24"[39m
                      [33mwidth[39m=[32m"18"[39m
                      [33mxmlns[39m=[32m"http://www.w3.org/2000/svg"[39m
                    [36m>[39m
                      [36m<rect[39m
                        [33mheight[39m=[32m"18"[39m
                        [33mrx[39m=[32m"2"[39m
                        [33mwidth[39m=[32m"18"[39m
                        [33mx[39m=[32m"3"[39m
                        [33my[39m=[32m"3"[39m
                      [36m/>[39m
                      [36m<circle[39m
                        [33mcx[39m=[32m"9"[39m
                        [33mcy[39m=[32m"9"[39m
                        [33mr[39m=[32m"2"[39m
                      [36m/>[39m
                      [36m<path[39m
                        [33md[39m=[32m"m21 15-3.086-3.086a2 2 0 0 0-2.828 0L6 21"[39m
                      [36m/>[39m
                    [36m</svg>[39m
                  [36m</button>[39m
                  [36m<button[39m
                    [33mclass[39m=[32m"flex items-center gap-2 px-5 py-3 rounded-2xl bg-zinc-800 hover:bg-zinc-700 active:bg-zinc-600 text-zinc-200 border border-white/10 hover:border-white/20 transition-all shadow-lg cursor-pointer font-medium"[39m
                    [33mtitle[39m=[32m"Pobierz wektorowy SVG"[39m
                  [36m>[39m
                    [36m<span>[39m
                      [0mSVG[0m
                    [36m</span>[39m
                    [36m<svg[39m
                      [33mclass[39m=[32m"text-zinc-400"[39m
                      [33mfill[39m=[32m"none"[39m
                      [33mheight[39m=[32m"18"[39m
                      [33mstroke[39m=[32m"currentColor"[39m
                      [33mstroke-linecap[39m=[32m"round"[39m
                      [33mstroke-linejoin[39m=[32m"round"[39m
                      [33mstroke-width[39m=[32m"2"[39m
                      [33mviewBox[39m=[32m"0 0 24 24"[39m
                      [33mwidth[39m=[32m"18"[39m
                      [33mxmlns[39m=[32m"http://www.w3.org/2000/svg"[39m
                    [36m>[39m
                      [36m<path[39m
                        [33md[39m=[32m"M21 15v4a2 2 0 0 1-2 2H5a2 2 0 0 1-2-2v-4"[39m
                      [36m/>[39m
                      [36m<polyline[39m
                        [33mpoints[39m=[32m"7 10 12 15 17 10"[39m
                      [36m/>[39m
                      [36m<line[39m
                        [33mx1[39m=[32m"12"[39m
                        [33mx2[39m=[32m"12"[39m
                        [33my1[39m=[32m"15"[39m
                        [33my2[39m=[32m"3"[39m
                      [36m/>[39m
                    [36m</svg>[39m
                  [36m</button>[39m
                [36m</div>[39m
              [36m</div>[39m
            [36m</div>[39m
          [36m</div>[39m
        [36m</div>[39m
      [36m</div>[39m
    [36m</main>[39m
  [36m</div>[39m
[36m</body>[39m

Ignored nodes: comments, script, style
[36m<html>[39m
  [36m<head />[39m
  [36m<body>[39m
    [36m<div>[39m
      [36m<main[39m
        [33mclass[39m=[32m"min-h-screen bg-zinc-950 text-white p-4 sm:p-8 lg:p-12"[39m
      [36m>[39m
        [36m<div[39m
          [33mclass[39m=[32m"max-w-7xl mx-auto flex flex-col lg:flex-row gap-8 lg:gap-16"[39m
        [36m>[39m
          [36m<div[39m
            [33mclass[39m=[32m"flex-1 lg:max-w-[42rem] flex flex-col pt-4 lg:pt-12"[39m
          [36m>[39m
            [36m<div[39m
              [33mclass[39m=[32m"mb-10 text-center lg:text-left"[39m
            [36m>[39m
              [36m<h1[39m
                [33mclass[39m=[32m"text-4xl sm:text-5xl lg:text-6xl font-extrabold text-transparent bg-clip-text bg-gradient-to-r from-gold-400 via-gold-500 to-gold-600 mb-4 tracking-tight"[39m
              [36m>[39m
                [0mGenerator QR[0m
              [36m</h1>[39m
              [36m<p[39m
                [33mclass[39m=[32m"text-zinc-400 text-base sm:text-lg max-w-xl mx-auto lg:mx-0"[39m
              [36m>[39m
                [0mTransformuj linki w eleganckie, luksusowe kody QR perfekcyjnej jakości. Ekskluzywne i darmowe narzędzie.[0m
              [36m</p>[39m
            [36m</div>[39m
            [36m<div[39m
              [33mclass[39m=[32m"bg-zinc-900/40 backdrop-blur-xl rounded-3xl shadow-2xl shadow-black border border-white/5 p-6 sm:p-8 relative overflow-hidden"[39m
            [36m>[39m
              [36m<div[39m
                [33mclass[39m=[32m"absolute top-0 right-0 -mr-20 -mt-20 w-64 h-64 rounded-full bg-gold-500/5 blur-3xl pointer-events-none"[39m
              [36m/>[39m
              [36m<div[39m
                [33mclass[39m=[32m"flex mb-6 rounded-2xl bg-zinc-950/50 p-1.5 border border-white/5 relative z-10"[39m
                [33mrole[39m=[32m"tablist"[39m
              [36m>[39m
                [36m<button[39m
                  [33maria-selected[39m=[32m"true"[39m
                  [33mclass[39m=[32m"flex-1 py-3 px-4 rounded-xl text-sm font-semibold transition-all cursor-pointer bg-zinc-800 text-gold-400 shadow-lg ring-1 ring-white/10"[39m
                  [33mrole[39m=[32m"tab"[39m
                [36m>[39m
                  [0mPodstawowy[0m
                [36m</button>[39m
                [36m<button[39m
                  [33maria-selected[39m=[32m"false"[39m
                  [33mclass[39m=[32m"flex-1 py-3 px-4 rounded-xl text-sm font-semibold transition-all cursor-pointer text-zinc-500 hover:text-zinc-300 hover:bg-zinc-800/30"[39m
                  [33mrole[39m=[32m"tab"[39m
                [36m>[39m
                  [0mZ logotypem[0m
                [36m</button>[39m
              [36m</div>[39m
              [36m<form[39m
                [33mclass[39m=[32m"flex flex-col gap-4"[39m
                [33mnovalidate[39m=[32m""[39m
              [36m>[39m
                [36m<label[39m
                  [33mclass[39m=[32m"px-1 text-sm font-medium text-zinc-300"[39m
                  [33mfor[39m=[32m"qr-url"[39m
                [36m>[39m
                  [0mLink do zakodowania[0m
                [36m</label>[39m
                [36m<input[39m
                  [33maria-invalid[39m=[32m"false"[39m
                  [33mautocomplete[39m=[32m"url"[39m
                  [33mclass[39m=[32m"w-full px-4 py-3 rounded-xl border border-white/10 bg-zinc-950/50 text-white placeholder:text-zinc-500 focus:outline-none focus:ring-2 focus:ring-gold-500/50 focus:border-gold-500 transition-all text-sm sm:text-base"[39m
                  [33mid[39m=[32m"qr-url"[39m
                  [33mplaceholder[39m=[32m"https://example.com"[39m
                  [33mtype[39m=[32m"url"[39m
                  [33mvalue[39m=[32m"https://example.com"[39m
                [36m/>[39m
                [36m<button[39m
                  [33mclass[39m=[32m"w-full mt-4 py-4 px-6 bg-gradient-to-r from-gold-600 via-gold-500 to-gold-400 hover:from-gold-500 hover:via-gold-400 hover:to-gold-300 active:from-gold-700 active:to-gold-600 disabled:from-zinc-800 disabled:to-zinc-800 disabled:text-zinc-500 text-zinc-950 font-bold tracking-wide rounded-xl text-base sm:text-lg cursor-pointer disabled:cursor-not-allowed transition-all shadow-[0_0_20px_rgba(212,175,55,0.2)] hover:shadow-[0_0_30px_rgba(212,175,55,0.4)]"[39m
                  [33mtype[39m=[32m"submit"[39m
                [36m>[39m
                  [0mGeneruj kod QR[0m
                [36m</button>[39m
              [36m</form>[39m
              [36m<canvas[39m
                [33mclass[39m=[32m"hidden"[39m
              [36m/>[39m
            [36m</div>[39m
            [36m<div[39m
              [33mclass[39m=[32m"text-zinc-500 text-xs mt-10 space-y-2 text-center lg:text-left"[39m
            [36m>[39m
              [36m<p>[39m
                [0mKody generowane bezpiecznie, lokalnie w Twojej przeglądarce.[0m
              [36m</p>[39m
              [36m<p[39m
                [33mclass[39m=[32m"flex flex-col sm:flex-row items-center lg:items-start justify-center lg:justify-start gap-1 sm:gap-2"[39m
              [36m>[39m
                [36m<span>[39m
                  [0mStworzone przez [0m
                  [36m<span[39m
                    [33mclass[39m=[32m"text-zinc-400 font-medium"[39m
                  [36m>[39m
                    [0mKrzysztof Brzezina[0m
                  [36m</span>[39m
                [36m</span>[39m
                [36m<span[39m
                  [33mclass[39m=[32m"hidden sm:inline text-zinc-700"[39m
                [36m>[39m
                  [0m|[0m
                [36m</span>[39m
                [36m<a[39m
                  [33mclass[39m=[32m"text-gold-500 hover:text-gold-400 font-medium transition-colors"[39m
                  [33mhref[39m=[32m"https://wa.me/48517466553"[39m
                  [33mrel[39m=[32m"noopener noreferrer"[39m
                  [33mtarget[39m=[32m"_blank"[39m
                [36m>[39m
                  [0mWhatsApp 517 466 553[0m
                [36m</a>[39m
                [36m<span[39m
                  [33mclass[39m=[32m"hidden sm:inline text-zinc-700"[39m
                [36m>[39m
                  [0m|[0m
                [36m</span>[39m
                [36m<a[39m
                  [33mclass[39m=[32m"text-gold-500 hover:text-gold-400 font-medium transition-colors"[39m
                  [33mhref[39m=[32m"mailto:krzysztof.brzezina@gmail.com"[39m
                [36m>[39m
                  [0mkrzysztof.brzezina@gmail.com[0m
                [36m</a>[39m
              [36m</p>[39m
              [36m<p[39m
                [33mclass[39m=[32m"space-x-2 pt-2"[39m
              [36m>[39m
                [36m<a[39m
                  [33mclass[39m=[32m"text-zinc-500 hover:text-zinc-300 transition-colors"[39m
                  [33mhref[39m=[32m"/regulamin"[39m
                [36m>[39m
                  [0mRegulamin i polityka[0m
                [36m</a>[39m
                [36m<span[39m
                  [33mclass[39m=[32m"text-zinc-700"[39m
                [36m>[39m
                  [0m|[0m
                [36m</span>[39m
                [36m<button[39m
                  [33mclass[39m=[32m"text-zinc-500 hover:text-zinc-300 transition-colors cursor-pointer"[39m
                [36m>[39m
                  [0mUstawienia cookies[0m
                [36m</button>[39m
              [36m</p>[39m
            [36m</div>[39m
          [36m</div>[39m
          [36m<div[39m
            [33mclass[39m=[32m"flex-1 lg:max-w-[45rem] mt-8 lg:mt-0 flex flex-col justify-center"[39m
          [36m>[39m
            [36m<div[39m
              [33mclass[39m=[32m"sticky top-12 lg:top-24 w-full h-full min-h-[500px] flex items-center justify-center bg-zinc-950/40 rounded-[2.5rem] border border-white/5 relative overflow-hidden backdrop-blur-2xl"[39m
            [36m>[39m
              [36m<div[39m
                [33mclass[39m=[32m"absolute inset-0 bg-gradient-to-br from-gold-500/5 to-transparent pointer-events-none"[39m
              [36m/>[39m
              [36m<div[39m
                [33mclass[39m=[32m"z-10 flex flex-col items-center gap-8 p-6 w-full max-w-md animate-in fade-in zoom-in duration-500"[39m
              [36m>[39m
                [36m<div[39m
                  [33mclass[39m=[32m"relative group perspective-1000"[39m
                [36m>[39m
                  [36m<div[39m
                    [33mclass[39m=[32m"absolute -inset-1 bg-gradient-to-r from-gold-600 to-gold-400 rounded-[2rem] blur-xl opacity-20 group-hover:opacity-40 transition duration-1000 group-hover:duration-200"[39m
                  [36m/>[39m
                  [36m<div[39m
                    [33mclass[39m=[32m"relative bg-white p-6 rounded-3xl shadow-2xl transition-transform duration-500 transform group-hover:scale-[1.02]"[39m
                  [36m>[39m
                    [36m<img[39m
                      [33malt[39m=[32m"Twój Luksusowy Kod QR"[39m
                      [33mclass[39m=[32m"w-56 h-56 sm:w-72 sm:h-72 object-contain"[39m
                      [33mdata-nimg[39m=[32m"1"[39m
                      [33mdecoding[39m=[32m"async"[39m
                      [33mheight[39m=[32m"320"[39m
                      [33msrc[39m=[32m"data:image/png;base64,mockdata"[39m
                      [33mstyle[39m=[32m"color: transparent;"[39m
                      [33mwidth[39m=[32m"320"[39m
                    [36m/>[39m
                  [36m</div>[39m
                [36m</div>[39m
                [36m<div[39m
                  [33mclass[39m=[32m"flex flex-wrap gap-3 justify-center w-full"[39m
                [36m>[39m
                  [36m<button[39m
                    [33mclass[39m=[32m"flex items-center gap-2 px-5 py-3 rounded-2xl transition-all cursor-pointer font-medium bg-zinc-800 hover:bg-zinc-700 active:bg-zinc-600 text-zinc-200 border border-white/10 hover:border-white/20 shadow-lg"[39m
                    [33mtitle[39m=[32m"Kopiuj do schowka"[39m
                  [36m>[39m
                    [36m<svg[39m
                      [33mfill[39m=[32m"none"[39m
                      [33mheight[39m=[32m"20"[39m
                      [33mstroke[39m=[32m"currentColor"[39m
                      [33mstroke-linecap[39m=[32m"round"[39m
                      [33mstroke-linejoin[39m=[32m"round"[39m
                      [33mstroke-width[39m=[32m"2"[39m
                      [33mviewBox[39m=[32m"0 0 24 24"[39m
                      [33mwidth[39m=[32m"20"[39m
                      [33mxmlns[39m=[32m"http://www.w3.org/2000/svg"[39m
                    [36m>[39m
                      [36m<rect[39m
                        [33mheight[39m=[32m"14"[39m
                        [33mrx[39m=[32m"2"[39m
                        [33mwidth[39m=[32m"14"[39m
                        [33mx[39m=[32m"8"[39m
                        [33my[39m=[32m"8"[39m
                      [36m/>[39m
                      [36m<path[39m
                        [33md[39m=[32m"M4 16c-1.1 0-2-.9-2-2V4c0-1.1.9-2 2-2h10c1.1 0 2 .9 2 2"[39m
                      [36m/>[39m
                    [36m</svg>[39m
                    [36m<span>[39m
                      [0mSkopiuj[0m
                    [36m</span>[39m
                  [36m</button>[39m
                  [36m<div[39m
                    [33mclass[39m=[32m"flex gap-2"[39m
                  [36m>[39m
                    [36m<button[39m
                      [33mclass[39m=[32m"flex items-center gap-2 px-5 py-3 rounded-2xl bg-zinc-800 hover:bg-zinc-700 active:bg-zinc-600 text-zinc-200 border border-white/10 hover:border-white/20 transition-all shadow-lg cursor-pointer font-medium"[39m
                      [33mtitle[39m=[32m"Pobierz wysokiej jakości PNG"[39m
                    [36m>[39m
                      [36m<span>[39m
                        [0mPNG[0m
                      [36m</span>[39m
                      [36m<svg[39m
                        [33mclass[39m=[32m"text-zinc-400"[39m
                        [33mfill[39m=[32m"none"[39m
                        [33mheight[39m=[32m"18"[39m
                        [33mstroke[39m=[32m"currentColor"[39m
                        [33mstroke-linecap[39m=[32m"round"[39m
                        [33mstroke-linejoin[39m=[32m"round"[39m
                        [33mstroke-width[39m=[32m"2"[39m
                        [33mviewBox[39m=[32m"0 0 24 24"[39m
                        [33mwidth[39m=[32m"18"[39m
                        [33mxmlns[39m=[32m"http://www.w3.org/2000/svg"[39m
                      [36m>[39m
                        [36m<rect[39m
                          [33mheight[39m=[32m"18"[39m
                          [33mrx[39m=[32m"2"[39m
                          [33mwidth[39m=[32m"18"[39m
                          [33mx[39m=[32m"3"[39m
                          [33my[39m=[32m"3"[39m
                        [36m/>[39m
                        [36m<circle[39m
                          [33mcx[39m=[32m"9"[39m
                          [33mcy[39m=[32m"9"[39m
                          [33mr[39m=[32m"2"[39m
                        [36m/>[39m
                        [36m<path[39m
                          [33md[39m=[32m"m21 15-3.086-3.086a2 2 0 0 0-2.828 0L6 21"[39m
                        [36m/>[39m
                      [36m</svg>[39m
                    [36m</button>[39m
                    [36m<button[39m
                      [33mclass[39m=[32m"flex items-center gap-2 px-5 py-3 rounded-2xl bg-zinc-800 hover:bg-zinc-700 active:bg-zinc-600 text-zinc-200 border border-white/10 hover:border-white/20 transition-all shadow-lg cursor-pointer font-medium"[39m
                      [33mtitle[39m=[32m"Pobierz wektorowy SVG"[39m
                    [36m>[39m
                      [36m<span>[39m
                        [0mSVG[0m
                      [36m</span>[39m
                      [36m<svg[39m
                        [33mclass[39m=[32m"text-zinc-400"[39m
                        [33mfill[39m=[32m"none"[39m
                        [33mheight[39m=[32m"18"[39m
                        [33mstroke[39m=[32m"currentColor"[39m
                        [33mstroke-linecap[39m=[32m"round"[39m
                        [33mstroke-linejoin[39m=[32m"round"[39m
                        [33mstroke-width[39m=[32m"2"[39m
                        [33mviewBox[39m=[32m"0 0 24 24"[39m
                        [33mwidth[39m=[32m"18"[39m
                        [33mxmlns[39m=[32m"http://www.w3.org/2000/svg"[39m
                      [36m>[39m
                        [36m<path[39m
                          [33md[39m=[32m"M21 15v4a2 2 0 0 1-2 2H5a2 2 0 0 1-2-2v-4"[39m
                        [36m/>[39m
                        [36m<polyline[39m
                          [33mpoints[39m=[32m"7 10 12 15 17 10"[39m
                        [36m/>[39m
                        [36m<line[39m
                          [33mx1[39m=[32m"12"[39m
                          [33mx2[39m=[32m"12"[39m
                          [33my1[39m=[32m"15"[39m
                          [33my2[39m=[32m"3"[39m
                        [36m/>[39m
                      [36m</svg>[39m
                    [36m</button>[39m
                  [36m</div>[39m
                [36m</div>[39m
              [36m</div>[39m
            [36m</div>[39m
          [36m</div>[39m
        [36m</div>[39m
      [36m</main>[39m
    [36m</div>[39m
  [36m</body>[39m
[36m</html>[39m
[90m [2m❯[22m Proxy.waitForWrapper node_modules/@testing-library/dom/dist/wait-for.js:[2m163:27[22m[39m
[36m [2m❯[22m src/app/page.test.tsx:[2m489:11[22m[39m
    [90m487| [39m    [35mawait[39m user[33m.[39m[34mclick[39m([34mgetGenerateButton[39m())[33m;[39m
    [90m488| [39m
    [90m489| [39m    [35mawait[39m [34mwaitFor[39m(() [33m=>[39m {
    [90m   | [39m          [31m^[39m
    [90m490| [39m      [34mexpect[39m(screen[33m.[39m[34mgetByAltText[39m([32m"Kod QR"[39m))[33m.[39m[34mtoBeInTheDocument[39m()[33m;[39m
    [90m491| [39m    })[33m;[39m

[31m[2m⎯⎯⎯⎯⎯⎯⎯⎯⎯⎯⎯⎯⎯⎯⎯⎯⎯⎯⎯⎯⎯⎯⎯[3/10]⎯[22m[39m

[41m[1m FAIL [22m[49m src/app/page.test.tsx[2m > [22mHome komponent[2m > [22mgeneruje QR po Enter
[31m[1mTestingLibraryElementError[22m[39m: Unable to find an element with the alt text: Kod QR

Ignored nodes: comments, script, style
[36m<body>[39m
  [36m<div>[39m
    [36m<main[39m
      [33mclass[39m=[32m"min-h-screen bg-zinc-950 text-white p-4 sm:p-8 lg:p-12"[39m
    [36m>[39m
      [36m<div[39m
        [33mclass[39m=[32m"max-w-7xl mx-auto flex flex-col lg:flex-row gap-8 lg:gap-16"[39m
      [36m>[39m
        [36m<div[39m
          [33mclass[39m=[32m"flex-1 lg:max-w-[42rem] flex flex-col pt-4 lg:pt-12"[39m
        [36m>[39m
          [36m<div[39m
            [33mclass[39m=[32m"mb-10 text-center lg:text-left"[39m
          [36m>[39m
            [36m<h1[39m
              [33mclass[39m=[32m"text-4xl sm:text-5xl lg:text-6xl font-extrabold text-transparent bg-clip-text bg-gradient-to-r from-gold-400 via-gold-500 to-gold-600 mb-4 tracking-tight"[39m
            [36m>[39m
              [0mGenerator QR[0m
            [36m</h1>[39m
            [36m<p[39m
              [33mclass[39m=[32m"text-zinc-400 text-base sm:text-lg max-w-xl mx-auto lg:mx-0"[39m
            [36m>[39m
              [0mTransformuj linki w eleganckie, luksusowe kody QR perfekcyjnej jakości. Ekskluzywne i darmowe narzędzie.[0m
            [36m</p>[39m
          [36m</div>[39m
          [36m<div[39m
            [33mclass[39m=[32m"bg-zinc-900/40 backdrop-blur-xl rounded-3xl shadow-2xl shadow-black border border-white/5 p-6 sm:p-8 relative overflow-hidden"[39m
          [36m>[39m
            [36m<div[39m
              [33mclass[39m=[32m"absolute top-0 right-0 -mr-20 -mt-20 w-64 h-64 rounded-full bg-gold-500/5 blur-3xl pointer-events-none"[39m
            [36m/>[39m
            [36m<div[39m
              [33mclass[39m=[32m"flex mb-6 rounded-2xl bg-zinc-950/50 p-1.5 border border-white/5 relative z-10"[39m
              [33mrole[39m=[32m"tablist"[39m
            [36m>[39m
              [36m<button[39m
                [33maria-selected[39m=[32m"true"[39m
                [33mclass[39m=[32m"flex-1 py-3 px-4 rounded-xl text-sm font-semibold transition-all cursor-pointer bg-zinc-800 text-gold-400 shadow-lg ring-1 ring-white/10"[39m
                [33mrole[39m=[32m"tab"[39m
              [36m>[39m
                [0mPodstawowy[0m
              [36m</button>[39m
              [36m<button[39m
                [33maria-selected[39m=[32m"false"[39m
                [33mclass[39m=[32m"flex-1 py-3 px-4 rounded-xl text-sm font-semibold transition-all cursor-pointer text-zinc-500 hover:text-zinc-300 hover:bg-zinc-800/30"[39m
                [33mrole[39m=[32m"tab"[39m
              [36m>[39m
                [0mZ logotypem[0m
              [36m</button>[39m
            [36m</div>[39m
            [36m<form[39m
              [33mclass[39m=[32m"flex flex-col gap-4"[39m
              [33mnovalidate[39m=[32m""[39m
            [36m>[39m
              [36m<label[39m
                [33mclass[39m=[32m"px-1 text-sm font-medium text-zinc-300"[39m
                [33mfor[39m=[32m"qr-url"[39m
              [36m>[39m
                [0mLink do zakodowania[0m
              [36m</label>[39m
              [36m<input[39m
                [33maria-invalid[39m=[32m"false"[39m
                [33mautocomplete[39m=[32m"url"[39m
                [33mclass[39m=[32m"w-full px-4 py-3 rounded-xl border border-white/10 bg-zinc-950/50 text-white placeholder:text-zinc-500 focus:outline-none focus:ring-2 focus:ring-gold-500/50 focus:border-gold-500 transition-all text-sm sm:text-base"[39m
                [33mid[39m=[32m"qr-url"[39m
                [33mplaceholder[39m=[32m"https://example.com"[39m
                [33mtype[39m=[32m"url"[39m
                [33mvalue[39m=[32m"https://example.com"[39m
              [36m/>[39m
              [36m<button[39m
                [33mclass[39m=[32m"w-full mt-4 py-4 px-6 bg-gradient-to-r from-gold-600 via-gold-500 to-gold-400 hover:from-gold-500 hover:via-gold-400 hover:to-gold-300 active:from-gold-700 active:to-gold-600 disabled:from-zinc-800 disabled:to-zinc-800 disabled:text-zinc-500 text-zinc-950 font-bold tracking-wide rounded-xl text-base sm:text-lg cursor-pointer disabled:cursor-not-allowed transition-all shadow-[0_0_20px_rgba(212,175,55,0.2)] hover:shadow-[0_0_30px_rgba(212,175,55,0.4)]"[39m
                [33mtype[39m=[32m"submit"[39m
              [36m>[39m
                [0mGeneruj kod QR[0m
              [36m</button>[39m
            [36m</form>[39m
            [36m<canvas[39m
              [33mclass[39m=[32m"hidden"[39m
            [36m/>[39m
          [36m</div>[39m
          [36m<div[39m
            [33mclass[39m=[32m"text-zinc-500 text-xs mt-10 space-y-2 text-center lg:text-left"[39m
          [36m>[39m
            [36m<p>[39m
              [0mKody generowane bezpiecznie, lokalnie w Twojej przeglądarce.[0m
            [36m</p>[39m
            [36m<p[39m
              [33mclass[39m=[32m"flex flex-col sm:flex-row items-center lg:items-start justify-center lg:justify-start gap-1 sm:gap-2"[39m
            [36m>[39m
              [36m<span>[39m
                [0mStworzone przez [0m
                [36m<span[39m
                  [33mclass[39m=[32m"text-zinc-400 font-medium"[39m
                [36m>[39m
                  [0mKrzysztof Brzezina[0m
                [36m</span>[39m
              [36m</span>[39m
              [36m<span[39m
                [33mclass[39m=[32m"hidden sm:inline text-zinc-700"[39m
              [36m>[39m
                [0m|[0m
              [36m</span>[39m
              [36m<a[39m
                [33mclass[39m=[32m"text-gold-500 hover:text-gold-400 font-medium transition-colors"[39m
                [33mhref[39m=[32m"https://wa.me/48517466553"[39m
                [33mrel[39m=[32m"noopener noreferrer"[39m
                [33mtarget[39m=[32m"_blank"[39m
              [36m>[39m
                [0mWhatsApp 517 466 553[0m
              [36m</a>[39m
              [36m<span[39m
                [33mclass[39m=[32m"hidden sm:inline text-zinc-700"[39m
              [36m>[39m
                [0m|[0m
              [36m</span>[39m
              [36m<a[39m
                [33mclass[39m=[32m"text-gold-500 hover:text-gold-400 font-medium transition-colors"[39m
                [33mhref[39m=[32m"mailto:krzysztof.brzezina@gmail.com"[39m
              [36m>[39m
                [0mkrzysztof.brzezina@gmail.com[0m
              [36m</a>[39m
            [36m</p>[39m
            [36m<p[39m
              [33mclass[39m=[32m"space-x-2 pt-2"[39m
            [36m>[39m
              [36m<a[39m
                [33mclass[39m=[32m"text-zinc-500 hover:text-zinc-300 transition-colors"[39m
                [33mhref[39m=[32m"/regulamin"[39m
              [36m>[39m
                [0mRegulamin i polityka[0m
              [36m</a>[39m
              [36m<span[39m
                [33mclass[39m=[32m"text-zinc-700"[39m
              [36m>[39m
                [0m|[0m
              [36m</span>[39m
              [36m<button[39m
                [33mclass[39m=[32m"text-zinc-500 hover:text-zinc-300 transition-colors cursor-pointer"[39m
              [36m>[39m
                [0mUstawienia cookies[0m
              [36m</button>[39m
            [36m</p>[39m
          [36m</div>[39m
        [36m</div>[39m
        [36m<div[39m
          [33mclass[39m=[32m"flex-1 lg:max-w-[45rem] mt-8 lg:mt-0 flex flex-col justify-center"[39m
        [36m>[39m
          [36m<div[39m
            [33mclass[39m=[32m"sticky top-12 lg:top-24 w-full h-full min-h-[500px] flex items-center justify-center bg-zinc-950/40 rounded-[2.5rem] border border-white/5 relative overflow-hidden backdrop-blur-2xl"[39m
          [36m>[39m
            [36m<div[39m
              [33mclass[39m=[32m"absolute inset-0 bg-gradient-to-br from-gold-500/5 to-transparent pointer-events-none"[39m
            [36m/>[39m
            [36m<div[39m
              [33mclass[39m=[32m"z-10 flex flex-col items-center gap-8 p-6 w-full max-w-md animate-in fade-in zoom-in duration-500"[39m
            [36m>[39m
              [36m<div[39m
                [33mclass[39m=[32m"relative group perspective-1000"[39m
              [36m>[39m
                [36m<div[39m
                  [33mclass[39m=[32m"absolute -inset-1 bg-gradient-to-r from-gold-600 to-gold-400 rounded-[2rem] blur-xl opacity-20 group-hover:opacity-40 transition duration-1000 group-hover:duration-200"[39m
                [36m/>[39m
                [36m<div[39m
                  [33mclass[39m=[32m"relative bg-white p-6 rounded-3xl shadow-2xl transition-transform duration-500 transform group-hover:scale-[1.02]"[39m
                [36m>[39m
                  [36m<img[39m
                    [33malt[39m=[32m"Twój Luksusowy Kod QR"[39m
                    [33mclass[39m=[32m"w-56 h-56 sm:w-72 sm:h-72 object-contain"[39m
                    [33mdata-nimg[39m=[32m"1"[39m
                    [33mdecoding[39m=[32m"async"[39m
                    [33mheight[39m=[32m"320"[39m
                    [33msrc[39m=[32m"data:image/png;base64,mockdata"[39m
                    [33mstyle[39m=[32m"color: transparent;"[39m
                    [33mwidth[39m=[32m"320"[39m
                  [36m/>[39m
                [36m</div>[39m
              [36m</div>[39m
              [36m<div[39m
                [33mclass[39m=[32m"flex flex-wrap gap-3 justify-center w-full"[39m
              [36m>[39m
                [36m<button[39m
                  [33mclass[39m=[32m"flex items-center gap-2 px-5 py-3 rounded-2xl transition-all cursor-pointer font-medium bg-zinc-800 hover:bg-zinc-700 active:bg-zinc-600 text-zinc-200 border border-white/10 hover:border-white/20 shadow-lg"[39m
                  [33mtitle[39m=[32m"Kopiuj do schowka"[39m
                [36m>[39m
                  [36m<svg[39m
                    [33mfill[39m=[32m"none"[39m
                    [33mheight[39m=[32m"20"[39m
                    [33mstroke[39m=[32m"currentColor"[39m
                    [33mstroke-linecap[39m=[32m"round"[39m
                    [33mstroke-linejoin[39m=[32m"round"[39m
                    [33mstroke-width[39m=[32m"2"[39m
                    [33mviewBox[39m=[32m"0 0 24 24"[39m
                    [33mwidth[39m=[32m"20"[39m
                    [33mxmlns[39m=[32m"http://www.w3.org/2000/svg"[39m
                  [36m>[39m
                    [36m<rect[39m
                      [33mheight[39m=[32m"14"[39m
                      [33mrx[39m=[32m"2"[39m
                      [33mwidth[39m=[32m"14"[39m
                      [33mx[39m=[32m"8"[39m
                      [33my[39m=[32m"8"[39m
                    [36m/>[39m
                    [36m<path[39m
                      [33md[39m=[32m"M4 16c-1.1 0-2-.9-2-2V4c0-1.1.9-2 2-2h10c1.1 0 2 .9 2 2"[39m
                    [36m/>[39m
                  [36m</svg>[39m
                  [36m<span>[39m
                    [0mSkopiuj[0m
                  [36m</span>[39m
                [36m</button>[39m
                [36m<div[39m
                  [33mclass[39m=[32m"flex gap-2"[39m
                [36m>[39m
                  [36m<button[39m
                    [33mclass[39m=[32m"flex items-center gap-2 px-5 py-3 rounded-2xl bg-zinc-800 hover:bg-zinc-700 active:bg-zinc-600 text-zinc-200 border border-white/10 hover:border-white/20 transition-all shadow-lg cursor-pointer font-medium"[39m
                    [33mtitle[39m=[32m"Pobierz wysokiej jakości PNG"[39m
                  [36m>[39m
                    [36m<span>[39m
                      [0mPNG[0m
                    [36m</span>[39m
                    [36m<svg[39m
                      [33mclass[39m=[32m"text-zinc-400"[39m
                      [33mfill[39m=[32m"none"[39m
                      [33mheight[39m=[32m"18"[39m
                      [33mstroke[39m=[32m"currentColor"[39m
                      [33mstroke-linecap[39m=[32m"round"[39m
                      [33mstroke-linejoin[39m=[32m"round"[39m
                      [33mstroke-width[39m=[32m"2"[39m
                      [33mviewBox[39m=[32m"0 0 24 24"[39m
                      [33mwidth[39m=[32m"18"[39m
                      [33mxmlns[39m=[32m"http://www.w3.org/2000/svg"[39m
                    [36m>[39m
                      [36m<rect[39m
                        [33mheight[39m=[32m"18"[39m
                        [33mrx[39m=[32m"2"[39m
                        [33mwidth[39m=[32m"18"[39m
                        [33mx[39m=[32m"3"[39m
                        [33my[39m=[32m"3"[39m
                      [36m/>[39m
                      [36m<circle[39m
                        [33mcx[39m=[32m"9"[39m
                        [33mcy[39m=[32m"9"[39m
                        [33mr[39m=[32m"2"[39m
                      [36m/>[39m
                      [36m<path[39m
                        [33md[39m=[32m"m21 15-3.086-3.086a2 2 0 0 0-2.828 0L6 21"[39m
                      [36m/>[39m
                    [36m</svg>[39m
                  [36m</button>[39m
                  [36m<button[39m
                    [33mclass[39m=[32m"flex items-center gap-2 px-5 py-3 rounded-2xl bg-zinc-800 hover:bg-zinc-700 active:bg-zinc-600 text-zinc-200 border border-white/10 hover:border-white/20 transition-all shadow-lg cursor-pointer font-medium"[39m
                    [33mtitle[39m=[32m"Pobierz wektorowy SVG"[39m
                  [36m>[39m
                    [36m<span>[39m
                      [0mSVG[0m
                    [36m</span>[39m
                    [36m<svg[39m
                      [33mclass[39m=[32m"text-zinc-400"[39m
                      [33mfill[39m=[32m"none"[39m
                      [33mheight[39m=[32m"18"[39m
                      [33mstroke[39m=[32m"currentColor"[39m
                      [33mstroke-linecap[39m=[32m"round"[39m
                      [33mstroke-linejoin[39m=[32m"round"[39m
                      [33mstroke-width[39m=[32m"2"[39m
                      [33mviewBox[39m=[32m"0 0 24 24"[39m
                      [33mwidth[39m=[32m"18"[39m
                      [33mxmlns[39m=[32m"http://www.w3.org/2000/svg"[39m
                    [36m>[39m
                      [36m<path[39m
                        [33md[39m=[32m"M21 15v4a2 2 0 0 1-2 2H5a2 2 0 0 1-2-2v-4"[39m
                      [36m/>[39m
                      [36m<polyline[39m
                        [33mpoints[39m=[32m"7 10 12 15 17 10"[39m
                      [36m/>[39m
                      [36m<line[39m
                        [33mx1[39m=[32m"12"[39m
                        [33mx2[39m=[32m"12"[39m
                        [33my1[39m=[32m"15"[39m
                        [33my2[39m=[32m"3"[39m
                      [36m/>[39m
                    [36m</svg>[39m
                  [36m</button>[39m
                [36m</div>[39m
              [36m</div>[39m
            [36m</div>[39m
          [36m</div>[39m
        [36m</div>[39m
      [36m</div>[39m
    [36m</main>[39m
  [36m</div>[39m
[36m</body>[39m

Ignored nodes: comments, script, style
[36m<html>[39m
  [36m<head />[39m
  [36m<body>[39m
    [36m<div>[39m
      [36m<main[39m
        [33mclass[39m=[32m"min-h-screen bg-zinc-950 text-white p-4 sm:p-8 lg:p-12"[39m
      [36m>[39m
        [36m<div[39m
          [33mclass[39m=[32m"max-w-7xl mx-auto flex flex-col lg:flex-row gap-8 lg:gap-16"[39m
        [36m>[39m
          [36m<div[39m
            [33mclass[39m=[32m"flex-1 lg:max-w-[42rem] flex flex-col pt-4 lg:pt-12"[39m
          [36m>[39m
            [36m<div[39m
              [33mclass[39m=[32m"mb-10 text-center lg:text-left"[39m
            [36m>[39m
              [36m<h1[39m
                [33mclass[39m=[32m"text-4xl sm:text-5xl lg:text-6xl font-extrabold text-transparent bg-clip-text bg-gradient-to-r from-gold-400 via-gold-500 to-gold-600 mb-4 tracking-tight"[39m
              [36m>[39m
                [0mGenerator QR[0m
              [36m</h1>[39m
              [36m<p[39m
                [33mclass[39m=[32m"text-zinc-400 text-base sm:text-lg max-w-xl mx-auto lg:mx-0"[39m
              [36m>[39m
                [0mTransformuj linki w eleganckie, luksusowe kody QR perfekcyjnej jakości. Ekskluzywne i darmowe narzędzie.[0m
              [36m</p>[39m
            [36m</div>[39m
            [36m<div[39m
              [33mclass[39m=[32m"bg-zinc-900/40 backdrop-blur-xl rounded-3xl shadow-2xl shadow-black border border-white/5 p-6 sm:p-8 relative overflow-hidden"[39m
            [36m>[39m
              [36m<div[39m
                [33mclass[39m=[32m"absolute top-0 right-0 -mr-20 -mt-20 w-64 h-64 rounded-full bg-gold-500/5 blur-3xl pointer-events-none"[39m
              [36m/>[39m
              [36m<div[39m
                [33mclass[39m=[32m"flex mb-6 rounded-2xl bg-zinc-950/50 p-1.5 border border-white/5 relative z-10"[39m
                [33mrole[39m=[32m"tablist"[39m
              [36m>[39m
                [36m<button[39m
                  [33maria-selected[39m=[32m"true"[39m
                  [33mclass[39m=[32m"flex-1 py-3 px-4 rounded-xl text-sm font-semibold transition-all cursor-pointer bg-zinc-800 text-gold-400 shadow-lg ring-1 ring-white/10"[39m
                  [33mrole[39m=[32m"tab"[39m
                [36m>[39m
                  [0mPodstawowy[0m
                [36m</button>[39m
                [36m<button[39m
                  [33maria-selected[39m=[32m"false"[39m
                  [33mclass[39m=[32m"flex-1 py-3 px-4 rounded-xl text-sm font-semibold transition-all cursor-pointer text-zinc-500 hover:text-zinc-300 hover:bg-zinc-800/30"[39m
                  [33mrole[39m=[32m"tab"[39m
                [36m>[39m
                  [0mZ logotypem[0m
                [36m</button>[39m
              [36m</div>[39m
              [36m<form[39m
                [33mclass[39m=[32m"flex flex-col gap-4"[39m
                [33mnovalidate[39m=[32m""[39m
              [36m>[39m
                [36m<label[39m
                  [33mclass[39m=[32m"px-1 text-sm font-medium text-zinc-300"[39m
                  [33mfor[39m=[32m"qr-url"[39m
                [36m>[39m
                  [0mLink do zakodowania[0m
                [36m</label>[39m
                [36m<input[39m
                  [33maria-invalid[39m=[32m"false"[39m
                  [33mautocomplete[39m=[32m"url"[39m
                  [33mclass[39m=[32m"w-full px-4 py-3 rounded-xl border border-white/10 bg-zinc-950/50 text-white placeholder:text-zinc-500 focus:outline-none focus:ring-2 focus:ring-gold-500/50 focus:border-gold-500 transition-all text-sm sm:text-base"[39m
                  [33mid[39m=[32m"qr-url"[39m
                  [33mplaceholder[39m=[32m"https://example.com"[39m
                  [33mtype[39m=[32m"url"[39m
                  [33mvalue[39m=[32m"https://example.com"[39m
                [36m/>[39m
                [36m<button[39m
                  [33mclass[39m=[32m"w-full mt-4 py-4 px-6 bg-gradient-to-r from-gold-600 via-gold-500 to-gold-400 hover:from-gold-500 hover:via-gold-400 hover:to-gold-300 active:from-gold-700 active:to-gold-600 disabled:from-zinc-800 disabled:to-zinc-800 disabled:text-zinc-500 text-zinc-950 font-bold tracking-wide rounded-xl text-base sm:text-lg cursor-pointer disabled:cursor-not-allowed transition-all shadow-[0_0_20px_rgba(212,175,55,0.2)] hover:shadow-[0_0_30px_rgba(212,175,55,0.4)]"[39m
                  [33mtype[39m=[32m"submit"[39m
                [36m>[39m
                  [0mGeneruj kod QR[0m
                [36m</button>[39m
              [36m</form>[39m
              [36m<canvas[39m
                [33mclass[39m=[32m"hidden"[39m
              [36m/>[39m
            [36m</div>[39m
            [36m<div[39m
              [33mclass[39m=[32m"text-zinc-500 text-xs mt-10 space-y-2 text-center lg:text-left"[39m
            [36m>[39m
              [36m<p>[39m
                [0mKody generowane bezpiecznie, lokalnie w Twojej przeglądarce.[0m
              [36m</p>[39m
              [36m<p[39m
                [33mclass[39m=[32m"flex flex-col sm:flex-row items-center lg:items-start justify-center lg:justify-start gap-1 sm:gap-2"[39m
              [36m>[39m
                [36m<span>[39m
                  [0mStworzone przez [0m
                  [36m<span[39m
                    [33mclass[39m=[32m"text-zinc-400 font-medium"[39m
                  [36m>[39m
                    [0mKrzysztof Brzezina[0m
                  [36m</span>[39m
                [36m</span>[39m
                [36m<span[39m
                  [33mclass[39m=[32m"hidden sm:inline text-zinc-700"[39m
                [36m>[39m
                  [0m|[0m
                [36m</span>[39m
                [36m<a[39m
                  [33mclass[39m=[32m"text-gold-500 hover:text-gold-400 font-medium transition-colors"[39m
                  [33mhref[39m=[32m"https://wa.me/48517466553"[39m
                  [33mrel[39m=[32m"noopener noreferrer"[39m
                  [33mtarget[39m=[32m"_blank"[39m
                [36m>[39m
                  [0mWhatsApp 517 466 553[0m
                [36m</a>[39m
                [36m<span[39m
                  [33mclass[39m=[32m"hidden sm:inline text-zinc-700"[39m
                [36m>[39m
                  [0m|[0m
                [36m</span>[39m
                [36m<a[39m
                  [33mclass[39m=[32m"text-gold-500 hover:text-gold-400 font-medium transition-colors"[39m
                  [33mhref[39m=[32m"mailto:krzysztof.brzezina@gmail.com"[39m
                [36m>[39m
                  [0mkrzysztof.brzezina@gmail.com[0m
                [36m</a>[39m
              [36m</p>[39m
              [36m<p[39m
                [33mclass[39m=[32m"space-x-2 pt-2"[39m
              [36m>[39m
                [36m<a[39m
                  [33mclass[39m=[32m"text-zinc-500 hover:text-zinc-300 transition-colors"[39m
                  [33mhref[39m=[32m"/regulamin"[39m
                [36m>[39m
                  [0mRegulamin i polityka[0m
                [36m</a>[39m
                [36m<span[39m
                  [33mclass[39m=[32m"text-zinc-700"[39m
                [36m>[39m
                  [0m|[0m
                [36m</span>[39m
                [36m<button[39m
                  [33mclass[39m=[32m"text-zinc-500 hover:text-zinc-300 transition-colors cursor-pointer"[39m
                [36m>[39m
                  [0mUstawienia cookies[0m
                [36m</button>[39m
              [36m</p>[39m
            [36m</div>[39m
          [36m</div>[39m
          [36m<div[39m
            [33mclass[39m=[32m"flex-1 lg:max-w-[45rem] mt-8 lg:mt-0 flex flex-col justify-center"[39m
          [36m>[39m
            [36m<div[39m
              [33mclass[39m=[32m"sticky top-12 lg:top-24 w-full h-full min-h-[500px] flex items-center justify-center bg-zinc-950/40 rounded-[2.5rem] border border-white/5 relative overflow-hidden backdrop-blur-2xl"[39m
            [36m>[39m
              [36m<div[39m
                [33mclass[39m=[32m"absolute inset-0 bg-gradient-to-br from-gold-500/5 to-transparent pointer-events-none"[39m
              [36m/>[39m
              [36m<div[39m
                [33mclass[39m=[32m"z-10 flex flex-col items-center gap-8 p-6 w-full max-w-md animate-in fade-in zoom-in duration-500"[39m
              [36m>[39m
                [36m<div[39m
                  [33mclass[39m=[32m"relative group perspective-1000"[39m
                [36m>[39m
                  [36m<div[39m
                    [33mclass[39m=[32m"absolute -inset-1 bg-gradient-to-r from-gold-600 to-gold-400 rounded-[2rem] blur-xl opacity-20 group-hover:opacity-40 transition duration-1000 group-hover:duration-200"[39m
                  [36m/>[39m
                  [36m<div[39m
                    [33mclass[39m=[32m"relative bg-white p-6 rounded-3xl shadow-2xl transition-transform duration-500 transform group-hover:scale-[1.02]"[39m
                  [36m>[39m
                    [36m<img[39m
                      [33malt[39m=[32m"Twój Luksusowy Kod QR"[39m
                      [33mclass[39m=[32m"w-56 h-56 sm:w-72 sm:h-72 object-contain"[39m
                      [33mdata-nimg[39m=[32m"1"[39m
                      [33mdecoding[39m=[32m"async"[39m
                      [33mheight[39m=[32m"320"[39m
                      [33msrc[39m=[32m"data:image/png;base64,mockdata"[39m
                      [33mstyle[39m=[32m"color: transparent;"[39m
                      [33mwidth[39m=[32m"320"[39m
                    [36m/>[39m
                  [36m</div>[39m
                [36m</div>[39m
                [36m<div[39m
                  [33mclass[39m=[32m"flex flex-wrap gap-3 justify-center w-full"[39m
                [36m>[39m
                  [36m<button[39m
                    [33mclass[39m=[32m"flex items-center gap-2 px-5 py-3 rounded-2xl transition-all cursor-pointer font-medium bg-zinc-800 hover:bg-zinc-700 active:bg-zinc-600 text-zinc-200 border border-white/10 hover:border-white/20 shadow-lg"[39m
                    [33mtitle[39m=[32m"Kopiuj do schowka"[39m
                  [36m>[39m
                    [36m<svg[39m
                      [33mfill[39m=[32m"none"[39m
                      [33mheight[39m=[32m"20"[39m
                      [33mstroke[39m=[32m"currentColor"[39m
                      [33mstroke-linecap[39m=[32m"round"[39m
                      [33mstroke-linejoin[39m=[32m"round"[39m
                      [33mstroke-width[39m=[32m"2"[39m
                      [33mviewBox[39m=[32m"0 0 24 24"[39m
                      [33mwidth[39m=[32m"20"[39m
                      [33mxmlns[39m=[32m"http://www.w3.org/2000/svg"[39m
                    [36m>[39m
                      [36m<rect[39m
                        [33mheight[39m=[32m"14"[39m
                        [33mrx[39m=[32m"2"[39m
                        [33mwidth[39m=[32m"14"[39m
                        [33mx[39m=[32m"8"[39m
                        [33my[39m=[32m"8"[39m
                      [36m/>[39m
                      [36m<path[39m
                        [33md[39m=[32m"M4 16c-1.1 0-2-.9-2-2V4c0-1.1.9-2 2-2h10c1.1 0 2 .9 2 2"[39m
                      [36m/>[39m
                    [36m</svg>[39m
                    [36m<span>[39m
                      [0mSkopiuj[0m
                    [36m</span>[39m
                  [36m</button>[39m
                  [36m<div[39m
                    [33mclass[39m=[32m"flex gap-2"[39m
                  [36m>[39m
                    [36m<button[39m
                      [33mclass[39m=[32m"flex items-center gap-2 px-5 py-3 rounded-2xl bg-zinc-800 hover:bg-zinc-700 active:bg-zinc-600 text-zinc-200 border border-white/10 hover:border-white/20 transition-all shadow-lg cursor-pointer font-medium"[39m
                      [33mtitle[39m=[32m"Pobierz wysokiej jakości PNG"[39m
                    [36m>[39m
                      [36m<span>[39m
                        [0mPNG[0m
                      [36m</span>[39m
                      [36m<svg[39m
                        [33mclass[39m=[32m"text-zinc-400"[39m
                        [33mfill[39m=[32m"none"[39m
                        [33mheight[39m=[32m"18"[39m
                        [33mstroke[39m=[32m"currentColor"[39m
                        [33mstroke-linecap[39m=[32m"round"[39m
                        [33mstroke-linejoin[39m=[32m"round"[39m
                        [33mstroke-width[39m=[32m"2"[39m
                        [33mviewBox[39m=[32m"0 0 24 24"[39m
                        [33mwidth[39m=[32m"18"[39m
                        [33mxmlns[39m=[32m"http://www.w3.org/2000/svg"[39m
                      [36m>[39m
                        [36m<rect[39m
                          [33mheight[39m=[32m"18"[39m
                          [33mrx[39m=[32m"2"[39m
                          [33mwidth[39m=[32m"18"[39m
                          [33mx[39m=[32m"3"[39m
                          [33my[39m=[32m"3"[39m
                        [36m/>[39m
                        [36m<circle[39m
                          [33mcx[39m=[32m"9"[39m
                          [33mcy[39m=[32m"9"[39m
                          [33mr[39m=[32m"2"[39m
                        [36m/>[39m
                        [36m<path[39m
                          [33md[39m=[32m"m21 15-3.086-3.086a2 2 0 0 0-2.828 0L6 21"[39m
                        [36m/>[39m
                      [36m</svg>[39m
                    [36m</button>[39m
                    [36m<button[39m
                      [33mclass[39m=[32m"flex items-center gap-2 px-5 py-3 rounded-2xl bg-zinc-800 hover:bg-zinc-700 active:bg-zinc-600 text-zinc-200 border border-white/10 hover:border-white/20 transition-all shadow-lg cursor-pointer font-medium"[39m
                      [33mtitle[39m=[32m"Pobierz wektorowy SVG"[39m
                    [36m>[39m
                      [36m<span>[39m
                        [0mSVG[0m
                      [36m</span>[39m
                      [36m<svg[39m
                        [33mclass[39m=[32m"text-zinc-400"[39m
                        [33mfill[39m=[32m"none"[39m
                        [33mheight[39m=[32m"18"[39m
                        [33mstroke[39m=[32m"currentColor"[39m
                        [33mstroke-linecap[39m=[32m"round"[39m
                        [33mstroke-linejoin[39m=[32m"round"[39m
                        [33mstroke-width[39m=[32m"2"[39m
                        [33mviewBox[39m=[32m"0 0 24 24"[39m
                        [33mwidth[39m=[32m"18"[39m
                        [33mxmlns[39m=[32m"http://www.w3.org/2000/svg"[39m
                      [36m>[39m
                        [36m<path[39m
                          [33md[39m=[32m"M21 15v4a2 2 0 0 1-2 2H5a2 2 0 0 1-2-2v-4"[39m
                        [36m/>[39m
                        [36m<polyline[39m
                          [33mpoints[39m=[32m"7 10 12 15 17 10"[39m
                        [36m/>[39m
                        [36m<line[39m
                          [33mx1[39m=[32m"12"[39m
                          [33mx2[39m=[32m"12"[39m
                          [33my1[39m=[32m"15"[39m
                          [33my2[39m=[32m"3"[39m
                        [36m/>[39m
                      [36m</svg>[39m
                    [36m</button>[39m
                  [36m</div>[39m
                [36m</div>[39m
              [36m</div>[39m
            [36m</div>[39m
          [36m</div>[39m
        [36m</div>[39m
      [36m</main>[39m
    [36m</div>[39m
  [36m</body>[39m
[36m</html>[39m
[90m [2m❯[22m Proxy.waitForWrapper node_modules/@testing-library/dom/dist/wait-for.js:[2m163:27[22m[39m
[36m [2m❯[22m src/app/page.test.tsx:[2m508:11[22m[39m
    [90m506| [39m    [35mawait[39m user[33m.[39m[34mkeyboard[39m([32m"{Enter}"[39m)[33m;[39m
    [90m507| [39m
    [90m508| [39m    [35mawait[39m [34mwaitFor[39m(() [33m=>[39m {
    [90m   | [39m          [31m^[39m
    [90m509| [39m      [34mexpect[39m(screen[33m.[39m[34mgetByAltText[39m([32m"Kod QR"[39m))[33m.[39m[34mtoBeInTheDocument[39m()[33m;[39m
    [90m510| [39m    })[33m;[39m

[31m[2m⎯⎯⎯⎯⎯⎯⎯⎯⎯⎯⎯⎯⎯⎯⎯⎯⎯⎯⎯⎯⎯⎯⎯[4/10]⎯[22m[39m

[41m[1m FAIL [22m[49m src/app/page.test.tsx[2m > [22mHome komponent[2m > [22mwyswietla loading state
[31m[1mTestingLibraryElementError[22m[39m: Unable to find an element with the text: Generowanie.... This could be because the text is broken up by multiple elements. In this case, you can provide a function for your text matcher to make your matcher more flexible.

Ignored nodes: comments, script, style
[36m<body>[39m
  [36m<div>[39m
    [36m<main[39m
      [33mclass[39m=[32m"min-h-screen bg-zinc-950 text-white p-4 sm:p-8 lg:p-12"[39m
    [36m>[39m
      [36m<div[39m
        [33mclass[39m=[32m"max-w-7xl mx-auto flex flex-col lg:flex-row gap-8 lg:gap-16"[39m
      [36m>[39m
        [36m<div[39m
          [33mclass[39m=[32m"flex-1 lg:max-w-[42rem] flex flex-col pt-4 lg:pt-12"[39m
        [36m>[39m
          [36m<div[39m
            [33mclass[39m=[32m"mb-10 text-center lg:text-left"[39m
          [36m>[39m
            [36m<h1[39m
              [33mclass[39m=[32m"text-4xl sm:text-5xl lg:text-6xl font-extrabold text-transparent bg-clip-text bg-gradient-to-r from-gold-400 via-gold-500 to-gold-600 mb-4 tracking-tight"[39m
            [36m>[39m
              [0mGenerator QR[0m
            [36m</h1>[39m
            [36m<p[39m
              [33mclass[39m=[32m"text-zinc-400 text-base sm:text-lg max-w-xl mx-auto lg:mx-0"[39m
            [36m>[39m
              [0mTransformuj linki w eleganckie, luksusowe kody QR perfekcyjnej jakości. Ekskluzywne i darmowe narzędzie.[0m
            [36m</p>[39m
          [36m</div>[39m
          [36m<div[39m
            [33mclass[39m=[32m"bg-zinc-900/40 backdrop-blur-xl rounded-3xl shadow-2xl shadow-black border border-white/5 p-6 sm:p-8 relative overflow-hidden"[39m
          [36m>[39m
            [36m<div[39m
              [33mclass[39m=[32m"absolute top-0 right-0 -mr-20 -mt-20 w-64 h-64 rounded-full bg-gold-500/5 blur-3xl pointer-events-none"[39m
            [36m/>[39m
            [36m<div[39m
              [33mclass[39m=[32m"flex mb-6 rounded-2xl bg-zinc-950/50 p-1.5 border border-white/5 relative z-10"[39m
              [33mrole[39m=[32m"tablist"[39m
            [36m>[39m
              [36m<button[39m
                [33maria-selected[39m=[32m"true"[39m
                [33mclass[39m=[32m"flex-1 py-3 px-4 rounded-xl text-sm font-semibold transition-all cursor-pointer bg-zinc-800 text-gold-400 shadow-lg ring-1 ring-white/10"[39m
                [33mrole[39m=[32m"tab"[39m
              [36m>[39m
                [0mPodstawowy[0m
              [36m</button>[39m
              [36m<button[39m
                [33maria-selected[39m=[32m"false"[39m
                [33mclass[39m=[32m"flex-1 py-3 px-4 rounded-xl text-sm font-semibold transition-all cursor-pointer text-zinc-500 hover:text-zinc-300 hover:bg-zinc-800/30"[39m
                [33mrole[39m=[32m"tab"[39m
              [36m>[39m
                [0mZ logotypem[0m
              [36m</button>[39m
            [36m</div>[39m
            [36m<form[39m
              [33mclass[39m=[32m"flex flex-col gap-4"[39m
              [33mnovalidate[39m=[32m""[39m
            [36m>[39m
              [36m<label[39m
                [33mclass[39m=[32m"px-1 text-sm font-medium text-zinc-300"[39m
                [33mfor[39m=[32m"qr-url"[39m
              [36m>[39m
                [0mLink do zakodowania[0m
              [36m</label>[39m
              [36m<input[39m
                [33maria-invalid[39m=[32m"false"[39m
                [33mautocomplete[39m=[32m"url"[39m
                [33mclass[39m=[32m"w-full px-4 py-3 rounded-xl border border-white/10 bg-zinc-950/50 text-white placeholder:text-zinc-500 focus:outline-none focus:ring-2 focus:ring-gold-500/50 focus:border-gold-500 transition-all text-sm sm:text-base"[39m
                [33mdisabled[39m=[32m""[39m
                [33mid[39m=[32m"qr-url"[39m
                [33mplaceholder[39m=[32m"https://example.com"[39m
                [33mtype[39m=[32m"url"[39m
                [33mvalue[39m=[32m"https://example.com"[39m
              [36m/>[39m
              [36m<button[39m
                [33mclass[39m=[32m"w-full mt-4 py-4 px-6 bg-gradient-to-r from-gold-600 via-gold-500 to-gold-400 hover:from-gold-500 hover:via-gold-400 hover:to-gold-300 active:from-gold-700 active:to-gold-600 disabled:from-zinc-800 disabled:to-zinc-800 disabled:text-zinc-500 text-zinc-950 font-bold tracking-wide rounded-xl text-base sm:text-lg cursor-pointer disabled:cursor-not-allowed transition-all shadow-[0_0_20px_rgba(212,175,55,0.2)] hover:shadow-[0_0_30px_rgba(212,175,55,0.4)]"[39m
                [33mdisabled[39m=[32m""[39m
                [33mtype[39m=[32m"submit"[39m
              [36m>[39m
                [0mGenerowanie luksusowego kodu...[0m
              [36m</button>[39m
            [36m</form>[39m
            [36m<canvas[39m
              [33mclass[39m=[32m"hidden"[39m
            [36m/>[39m
          [36m</div>[39m
          [36m<div[39m
            [33mclass[39m=[32m"text-zinc-500 text-xs mt-10 space-y-2 text-center lg:text-left"[39m
          [36m>[39m
            [36m<p>[39m
              [0mKody generowane bezpiecznie, lokalnie w Twojej przeglądarce.[0m
            [36m</p>[39m
            [36m<p[39m
              [33mclass[39m=[32m"flex flex-col sm:flex-row items-center lg:items-start justify-center lg:justify-start gap-1 sm:gap-2"[39m
            [36m>[39m
              [36m<span>[39m
                [0mStworzone przez [0m
                [36m<span[39m
                  [33mclass[39m=[32m"text-zinc-400 font-medium"[39m
                [36m>[39m
                  [0mKrzysztof Brzezina[0m
                [36m</span>[39m
              [36m</span>[39m
              [36m<span[39m
                [33mclass[39m=[32m"hidden sm:inline text-zinc-700"[39m
              [36m>[39m
                [0m|[0m
              [36m</span>[39m
              [36m<a[39m
                [33mclass[39m=[32m"text-gold-500 hover:text-gold-400 font-medium transition-colors"[39m
                [33mhref[39m=[32m"https://wa.me/48517466553"[39m
                [33mrel[39m=[32m"noopener noreferrer"[39m
                [33mtarget[39m=[32m"_blank"[39m
              [36m>[39m
                [0mWhatsApp 517 466 553[0m
              [36m</a>[39m
              [36m<span[39m
                [33mclass[39m=[32m"hidden sm:inline text-zinc-700"[39m
              [36m>[39m
                [0m|[0m
              [36m</span>[39m
              [36m<a[39m
                [33mclass[39m=[32m"text-gold-500 hover:text-gold-400 font-medium transition-colors"[39m
                [33mhref[39m=[32m"mailto:krzysztof.brzezina@gmail.com"[39m
              [36m>[39m
                [0mkrzysztof.brzezina@gmail.com[0m
              [36m</a>[39m
            [36m</p>[39m
            [36m<p[39m
              [33mclass[39m=[32m"space-x-2 pt-2"[39m
            [36m>[39m
              [36m<a[39m
                [33mclass[39m=[32m"text-zinc-500 hover:text-zinc-300 transition-colors"[39m
                [33mhref[39m=[32m"/regulamin"[39m
              [36m>[39m
                [0mRegulamin i polityka[0m
              [36m</a>[39m
              [36m<span[39m
                [33mclass[39m=[32m"text-zinc-700"[39m
              [36m>[39m
                [0m|[0m
              [36m</span>[39m
              [36m<button[39m
                [33mclass[39m=[32m"text-zinc-500 hover:text-zinc-300 transition-colors cursor-pointer"[39m
              [36m>[39m
                [0mUstawienia cookies[0m
              [36m</button>[39m
            [36m</p>[39m
          [36m</div>[39m
        [36m</div>[39m
        [36m<div[39m
          [33mclass[39m=[32m"flex-1 lg:max-w-[45rem] mt-8 lg:mt-0 flex flex-col justify-center"[39m
        [36m>[39m
          [36m<div[39m
            [33mclass[39m=[32m"sticky top-12 lg:top-24 w-full h-full min-h-[500px] flex items-center justify-center bg-zinc-950/40 rounded-[2.5rem] border border-white/5 relative overflow-hidden backdrop-blur-2xl"[39m
          [36m>[39m
            [36m<div[39m
              [33mclass[39m=[32m"absolute inset-0 bg-gradient-to-br from-gold-500/5 to-transparent pointer-events-none"[39m
            [36m/>[39m
            [36m<div[39m
              [33mclass[39m=[32m"z-10 flex flex-col items-center animate-pulse"[39m
            [36m>[39m
              [36m<div[39m
                [33mclass[39m=[32m"w-16 h-16 border-4 border-gold-500/20 border-t-gold-500 rounded-full animate-spin mb-4"[39m
              [36m/>[39m
              [36m<p[39m
                [33mclass[39m=[32m"text-gold-400 font-medium"[39m
              [36m>[39m
                [0mTworzenie arcydzieła...[0m
              [36m</p>[39m
            [36m</div>[39m
          [36m</div>[39m
        [36m</div>[39m
      [36m</div>[39m
    [36m</main>[39m
  [36m</div>[39m
[36m</body>[39m
[90m [2m❯[22m Object.getElementError node_modules/@testing-library/dom/dist/config.js:[2m37:19[22m[39m
[90m [2m❯[22m node_modules/@testing-library/dom/dist/query-helpers.js:[2m76:38[22m[39m
[90m [2m❯[22m node_modules/@testing-library/dom/dist/query-helpers.js:[2m52:17[22m[39m
[90m [2m❯[22m node_modules/@testing-library/dom/dist/query-helpers.js:[2m95:19[22m[39m
[36m [2m❯[22m src/app/page.test.tsx:[2m526:19[22m[39m
    [90m524| [39m    [35mawait[39m user[33m.[39m[34mclick[39m([34mgetGenerateButton[39m())[33m;[39m
    [90m525| [39m
    [90m526| [39m    [34mexpect[39m(screen[33m.[39m[34mgetByText[39m([32m"Generowanie..."[39m))[33m.[39m[34mtoBeInTheDocument[39m()[33m;[39m
    [90m   | [39m                  [31m^[39m
    [90m527| [39m    [34mexpect[39m([34mgetGenerateButton[39m())[33m.[39m[34mtoBeDisabled[39m()[33m;[39m
    [90m528| [39m    [34mexpect[39m([34mgetInput[39m())[33m.[39m[34mtoBeDisabled[39m()[33m;[39m

[31m[2m⎯⎯⎯⎯⎯⎯⎯⎯⎯⎯⎯⎯⎯⎯⎯⎯⎯⎯⎯⎯⎯⎯⎯[5/10]⎯[22m[39m

[41m[1m FAIL [22m[49m src/app/page.test.tsx[2m > [22mHome komponent[2m > [22mkopiuje QR do schowka i resetuje stan po 2s
[31m[1mTestingLibraryElementError[22m[39m: Unable to find an element with the alt text: Kod QR

Ignored nodes: comments, script, style
[36m<body>[39m
  [36m<div>[39m
    [36m<main[39m
      [33mclass[39m=[32m"min-h-screen bg-zinc-950 text-white p-4 sm:p-8 lg:p-12"[39m
    [36m>[39m
      [36m<div[39m
        [33mclass[39m=[32m"max-w-7xl mx-auto flex flex-col lg:flex-row gap-8 lg:gap-16"[39m
      [36m>[39m
        [36m<div[39m
          [33mclass[39m=[32m"flex-1 lg:max-w-[42rem] flex flex-col pt-4 lg:pt-12"[39m
        [36m>[39m
          [36m<div[39m
            [33mclass[39m=[32m"mb-10 text-center lg:text-left"[39m
          [36m>[39m
            [36m<h1[39m
              [33mclass[39m=[32m"text-4xl sm:text-5xl lg:text-6xl font-extrabold text-transparent bg-clip-text bg-gradient-to-r from-gold-400 via-gold-500 to-gold-600 mb-4 tracking-tight"[39m
            [36m>[39m
              [0mGenerator QR[0m
            [36m</h1>[39m
            [36m<p[39m
              [33mclass[39m=[32m"text-zinc-400 text-base sm:text-lg max-w-xl mx-auto lg:mx-0"[39m
            [36m>[39m
              [0mTransformuj linki w eleganckie, luksusowe kody QR perfekcyjnej jakości. Ekskluzywne i darmowe narzędzie.[0m
            [36m</p>[39m
          [36m</div>[39m
          [36m<div[39m
            [33mclass[39m=[32m"bg-zinc-900/40 backdrop-blur-xl rounded-3xl shadow-2xl shadow-black border border-white/5 p-6 sm:p-8 relative overflow-hidden"[39m
          [36m>[39m
            [36m<div[39m
              [33mclass[39m=[32m"absolute top-0 right-0 -mr-20 -mt-20 w-64 h-64 rounded-full bg-gold-500/5 blur-3xl pointer-events-none"[39m
            [36m/>[39m
            [36m<div[39m
              [33mclass[39m=[32m"flex mb-6 rounded-2xl bg-zinc-950/50 p-1.5 border border-white/5 relative z-10"[39m
              [33mrole[39m=[32m"tablist"[39m
            [36m>[39m
              [36m<button[39m
                [33maria-selected[39m=[32m"true"[39m
                [33mclass[39m=[32m"flex-1 py-3 px-4 rounded-xl text-sm font-semibold transition-all cursor-pointer bg-zinc-800 text-gold-400 shadow-lg ring-1 ring-white/10"[39m
                [33mrole[39m=[32m"tab"[39m
              [36m>[39m
                [0mPodstawowy[0m
              [36m</button>[39m
              [36m<button[39m
                [33maria-selected[39m=[32m"false"[39m
                [33mclass[39m=[32m"flex-1 py-3 px-4 rounded-xl text-sm font-semibold transition-all cursor-pointer text-zinc-500 hover:text-zinc-300 hover:bg-zinc-800/30"[39m
                [33mrole[39m=[32m"tab"[39m
              [36m>[39m
                [0mZ logotypem[0m
              [36m</button>[39m
            [36m</div>[39m
            [36m<form[39m
              [33mclass[39m=[32m"flex flex-col gap-4"[39m
              [33mnovalidate[39m=[32m""[39m
            [36m>[39m
              [36m<label[39m
                [33mclass[39m=[32m"px-1 text-sm font-medium text-zinc-300"[39m
                [33mfor[39m=[32m"qr-url"[39m
              [36m>[39m
                [0mLink do zakodowania[0m
              [36m</label>[39m
              [36m<input[39m
                [33maria-invalid[39m=[32m"false"[39m
                [33mautocomplete[39m=[32m"url"[39m
                [33mclass[39m=[32m"w-full px-4 py-3 rounded-xl border border-white/10 bg-zinc-950/50 text-white placeholder:text-zinc-500 focus:outline-none focus:ring-2 focus:ring-gold-500/50 focus:border-gold-500 transition-all text-sm sm:text-base"[39m
                [33mid[39m=[32m"qr-url"[39m
                [33mplaceholder[39m=[32m"https://example.com"[39m
                [33mtype[39m=[32m"url"[39m
                [33mvalue[39m=[32m"https://example.com"[39m
              [36m/>[39m
              [36m<button[39m
                [33mclass[39m=[32m"w-full mt-4 py-4 px-6 bg-gradient-to-r from-gold-600 via-gold-500 to-gold-400 hover:from-gold-500 hover:via-gold-400 hover:to-gold-300 active:from-gold-700 active:to-gold-600 disabled:from-zinc-800 disabled:to-zinc-800 disabled:text-zinc-500 text-zinc-950 font-bold tracking-wide rounded-xl text-base sm:text-lg cursor-pointer disabled:cursor-not-allowed transition-all shadow-[0_0_20px_rgba(212,175,55,0.2)] hover:shadow-[0_0_30px_rgba(212,175,55,0.4)]"[39m
                [33mtype[39m=[32m"submit"[39m
              [36m>[39m
                [0mGeneruj kod QR[0m
              [36m</button>[39m
            [36m</form>[39m
            [36m<canvas[39m
              [33mclass[39m=[32m"hidden"[39m
            [36m/>[39m
          [36m</div>[39m
          [36m<div[39m
            [33mclass[39m=[32m"text-zinc-500 text-xs mt-10 space-y-2 text-center lg:text-left"[39m
          [36m>[39m
            [36m<p>[39m
              [0mKody generowane bezpiecznie, lokalnie w Twojej przeglądarce.[0m
            [36m</p>[39m
            [36m<p[39m
              [33mclass[39m=[32m"flex flex-col sm:flex-row items-center lg:items-start justify-center lg:justify-start gap-1 sm:gap-2"[39m
            [36m>[39m
              [36m<span>[39m
                [0mStworzone przez [0m
                [36m<span[39m
                  [33mclass[39m=[32m"text-zinc-400 font-medium"[39m
                [36m>[39m
                  [0mKrzysztof Brzezina[0m
                [36m</span>[39m
              [36m</span>[39m
              [36m<span[39m
                [33mclass[39m=[32m"hidden sm:inline text-zinc-700"[39m
              [36m>[39m
                [0m|[0m
              [36m</span>[39m
              [36m<a[39m
                [33mclass[39m=[32m"text-gold-500 hover:text-gold-400 font-medium transition-colors"[39m
                [33mhref[39m=[32m"https://wa.me/48517466553"[39m
                [33mrel[39m=[32m"noopener noreferrer"[39m
                [33mtarget[39m=[32m"_blank"[39m
              [36m>[39m
                [0mWhatsApp 517 466 553[0m
              [36m</a>[39m
              [36m<span[39m
                [33mclass[39m=[32m"hidden sm:inline text-zinc-700"[39m
              [36m>[39m
                [0m|[0m
              [36m</span>[39m
              [36m<a[39m
                [33mclass[39m=[32m"text-gold-500 hover:text-gold-400 font-medium transition-colors"[39m
                [33mhref[39m=[32m"mailto:krzysztof.brzezina@gmail.com"[39m
              [36m>[39m
                [0mkrzysztof.brzezina@gmail.com[0m
              [36m</a>[39m
            [36m</p>[39m
            [36m<p[39m
              [33mclass[39m=[32m"space-x-2 pt-2"[39m
            [36m>[39m
              [36m<a[39m
                [33mclass[39m=[32m"text-zinc-500 hover:text-zinc-300 transition-colors"[39m
                [33mhref[39m=[32m"/regulamin"[39m
              [36m>[39m
                [0mRegulamin i polityka[0m
              [36m</a>[39m
              [36m<span[39m
                [33mclass[39m=[32m"text-zinc-700"[39m
              [36m>[39m
                [0m|[0m
              [36m</span>[39m
              [36m<button[39m
                [33mclass[39m=[32m"text-zinc-500 hover:text-zinc-300 transition-colors cursor-pointer"[39m
              [36m>[39m
                [0mUstawienia cookies[0m
              [36m</button>[39m
            [36m</p>[39m
          [36m</div>[39m
        [36m</div>[39m
        [36m<div[39m
          [33mclass[39m=[32m"flex-1 lg:max-w-[45rem] mt-8 lg:mt-0 flex flex-col justify-center"[39m
        [36m>[39m
          [36m<div[39m
            [33mclass[39m=[32m"sticky top-12 lg:top-24 w-full h-full min-h-[500px] flex items-center justify-center bg-zinc-950/40 rounded-[2.5rem] border border-white/5 relative overflow-hidden backdrop-blur-2xl"[39m
          [36m>[39m
            [36m<div[39m
              [33mclass[39m=[32m"absolute inset-0 bg-gradient-to-br from-gold-500/5 to-transparent pointer-events-none"[39m
            [36m/>[39m
            [36m<div[39m
              [33mclass[39m=[32m"z-10 flex flex-col items-center gap-8 p-6 w-full max-w-md animate-in fade-in zoom-in duration-500"[39m
            [36m>[39m
              [36m<div[39m
                [33mclass[39m=[32m"relative group perspective-1000"[39m
              [36m>[39m
                [36m<div[39m
                  [33mclass[39m=[32m"absolute -inset-1 bg-gradient-to-r from-gold-600 to-gold-400 rounded-[2rem] blur-xl opacity-20 group-hover:opacity-40 transition duration-1000 group-hover:duration-200"[39m
                [36m/>[39m
                [36m<div[39m
                  [33mclass[39m=[32m"relative bg-white p-6 rounded-3xl shadow-2xl transition-transform duration-500 transform group-hover:scale-[1.02]"[39m
                [36m>[39m
                  [36m<img[39m
                    [33malt[39m=[32m"Twój Luksusowy Kod QR"[39m
                    [33mclass[39m=[32m"w-56 h-56 sm:w-72 sm:h-72 object-contain"[39m
                    [33mdata-nimg[39m=[32m"1"[39m
                    [33mdecoding[39m=[32m"async"[39m
                    [33mheight[39m=[32m"320"[39m
                    [33msrc[39m=[32m"data:image/png;base64,mockdata"[39m
                    [33mstyle[39m=[32m"color: transparent;"[39m
                    [33mwidth[39m=[32m"320"[39m
                  [36m/>[39m
                [36m</div>[39m
              [36m</div>[39m
              [36m<div[39m
                [33mclass[39m=[32m"flex flex-wrap gap-3 justify-center w-full"[39m
              [36m>[39m
                [36m<button[39m
                  [33mclass[39m=[32m"flex items-center gap-2 px-5 py-3 rounded-2xl transition-all cursor-pointer font-medium bg-zinc-800 hover:bg-zinc-700 active:bg-zinc-600 text-zinc-200 border border-white/10 hover:border-white/20 shadow-lg"[39m
                  [33mtitle[39m=[32m"Kopiuj do schowka"[39m
                [36m>[39m
                  [36m<svg[39m
                    [33mfill[39m=[32m"none"[39m
                    [33mheight[39m=[32m"20"[39m
                    [33mstroke[39m=[32m"currentColor"[39m
                    [33mstroke-linecap[39m=[32m"round"[39m
                    [33mstroke-linejoin[39m=[32m"round"[39m
                    [33mstroke-width[39m=[32m"2"[39m
                    [33mviewBox[39m=[32m"0 0 24 24"[39m
                    [33mwidth[39m=[32m"20"[39m
                    [33mxmlns[39m=[32m"http://www.w3.org/2000/svg"[39m
                  [36m>[39m
                    [36m<rect[39m
                      [33mheight[39m=[32m"14"[39m
                      [33mrx[39m=[32m"2"[39m
                      [33mwidth[39m=[32m"14"[39m
                      [33mx[39m=[32m"8"[39m
                      [33my[39m=[32m"8"[39m
                    [36m/>[39m
                    [36m<path[39m
                      [33md[39m=[32m"M4 16c-1.1 0-2-.9-2-2V4c0-1.1.9-2 2-2h10c1.1 0 2 .9 2 2"[39m
                    [36m/>[39m
                  [36m</svg>[39m
                  [36m<span>[39m
                    [0mSkopiuj[0m
                  [36m</span>[39m
                [36m</button>[39m
                [36m<div[39m
                  [33mclass[39m=[32m"flex gap-2"[39m
                [36m>[39m
                  [36m<button[39m
                    [33mclass[39m=[32m"flex items-center gap-2 px-5 py-3 rounded-2xl bg-zinc-800 hover:bg-zinc-700 active:bg-zinc-600 text-zinc-200 border border-white/10 hover:border-white/20 transition-all shadow-lg cursor-pointer font-medium"[39m
                    [33mtitle[39m=[32m"Pobierz wysokiej jakości PNG"[39m
                  [36m>[39m
                    [36m<span>[39m
                      [0mPNG[0m
                    [36m</span>[39m
                    [36m<svg[39m
                      [33mclass[39m=[32m"text-zinc-400"[39m
                      [33mfill[39m=[32m"none"[39m
                      [33mheight[39m=[32m"18"[39m
                      [33mstroke[39m=[32m"currentColor"[39m
                      [33mstroke-linecap[39m=[32m"round"[39m
                      [33mstroke-linejoin[39m=[32m"round"[39m
                      [33mstroke-width[39m=[32m"2"[39m
                      [33mviewBox[39m=[32m"0 0 24 24"[39m
                      [33mwidth[39m=[32m"18"[39m
                      [33mxmlns[39m=[32m"http://www.w3.org/2000/svg"[39m
                    [36m>[39m
                      [36m<rect[39m
                        [33mheight[39m=[32m"18"[39m
                        [33mrx[39m=[32m"2"[39m
                        [33mwidth[39m=[32m"18"[39m
                        [33mx[39m=[32m"3"[39m
                        [33my[39m=[32m"3"[39m
                      [36m/>[39m
                      [36m<circle[39m
                        [33mcx[39m=[32m"9"[39m
                        [33mcy[39m=[32m"9"[39m
                        [33mr[39m=[32m"2"[39m
                      [36m/>[39m
                      [36m<path[39m
                        [33md[39m=[32m"m21 15-3.086-3.086a2 2 0 0 0-2.828 0L6 21"[39m
                      [36m/>[39m
                    [36m</svg>[39m
                  [36m</button>[39m
                  [36m<button[39m
                    [33mclass[39m=[32m"flex items-center gap-2 px-5 py-3 rounded-2xl bg-zinc-800 hover:bg-zinc-700 active:bg-zinc-600 text-zinc-200 border border-white/10 hover:border-white/20 transition-all shadow-lg cursor-pointer font-medium"[39m
                    [33mtitle[39m=[32m"Pobierz wektorowy SVG"[39m
                  [36m>[39m
                    [36m<span>[39m
                      [0mSVG[0m
                    [36m</span>[39m
                    [36m<svg[39m
                      [33mclass[39m=[32m"text-zinc-400"[39m
                      [33mfill[39m=[32m"none"[39m
                      [33mheight[39m=[32m"18"[39m
                      [33mstroke[39m=[32m"currentColor"[39m
                      [33mstroke-linecap[39m=[32m"round"[39m
                      [33mstroke-linejoin[39m=[32m"round"[39m
                      [33mstroke-width[39m=[32m"2"[39m
                      [33mviewBox[39m=[32m"0 0 24 24"[39m
                      [33mwidth[39m=[32m"18"[39m
                      [33mxmlns[39m=[32m"http://www.w3.org/2000/svg"[39m
                    [36m>[39m
                      [36m<path[39m
                        [33md[39m=[32m"M21 15v4a2 2 0 0 1-2 2H5a2 2 0 0 1-2-2v-4"[39m
                      [36m/>[39m
                      [36m<polyline[39m
                        [33mpoints[39m=[32m"7 10 12 15 17 10"[39m
                      [36m/>[39m
                      [36m<line[39m
                        [33mx1[39m=[32m"12"[39m
                        [33mx2[39m=[32m"12"[39m
                        [33my1[39m=[32m"15"[39m
                        [33my2[39m=[32m"3"[39m
                      [36m/>[39m
                    [36m</svg>[39m
                  [36m</button>[39m
                [36m</div>[39m
              [36m</div>[39m
            [36m</div>[39m
          [36m</div>[39m
        [36m</div>[39m
      [36m</div>[39m
    [36m</main>[39m
  [36m</div>[39m
[36m</body>[39m

Ignored nodes: comments, script, style
[36m<html>[39m
  [36m<head />[39m
  [36m<body>[39m
    [36m<div>[39m
      [36m<main[39m
        [33mclass[39m=[32m"min-h-screen bg-zinc-950 text-white p-4 sm:p-8 lg:p-12"[39m
      [36m>[39m
        [36m<div[39m
          [33mclass[39m=[32m"max-w-7xl mx-auto flex flex-col lg:flex-row gap-8 lg:gap-16"[39m
        [36m>[39m
          [36m<div[39m
            [33mclass[39m=[32m"flex-1 lg:max-w-[42rem] flex flex-col pt-4 lg:pt-12"[39m
          [36m>[39m
            [36m<div[39m
              [33mclass[39m=[32m"mb-10 text-center lg:text-left"[39m
            [36m>[39m
              [36m<h1[39m
                [33mclass[39m=[32m"text-4xl sm:text-5xl lg:text-6xl font-extrabold text-transparent bg-clip-text bg-gradient-to-r from-gold-400 via-gold-500 to-gold-600 mb-4 tracking-tight"[39m
              [36m>[39m
                [0mGenerator QR[0m
              [36m</h1>[39m
              [36m<p[39m
                [33mclass[39m=[32m"text-zinc-400 text-base sm:text-lg max-w-xl mx-auto lg:mx-0"[39m
              [36m>[39m
                [0mTransformuj linki w eleganckie, luksusowe kody QR perfekcyjnej jakości. Ekskluzywne i darmowe narzędzie.[0m
              [36m</p>[39m
            [36m</div>[39m
            [36m<div[39m
              [33mclass[39m=[32m"bg-zinc-900/40 backdrop-blur-xl rounded-3xl shadow-2xl shadow-black border border-white/5 p-6 sm:p-8 relative overflow-hidden"[39m
            [36m>[39m
              [36m<div[39m
                [33mclass[39m=[32m"absolute top-0 right-0 -mr-20 -mt-20 w-64 h-64 rounded-full bg-gold-500/5 blur-3xl pointer-events-none"[39m
              [36m/>[39m
              [36m<div[39m
                [33mclass[39m=[32m"flex mb-6 rounded-2xl bg-zinc-950/50 p-1.5 border border-white/5 relative z-10"[39m
                [33mrole[39m=[32m"tablist"[39m
              [36m>[39m
                [36m<button[39m
                  [33maria-selected[39m=[32m"true"[39m
                  [33mclass[39m=[32m"flex-1 py-3 px-4 rounded-xl text-sm font-semibold transition-all cursor-pointer bg-zinc-800 text-gold-400 shadow-lg ring-1 ring-white/10"[39m
                  [33mrole[39m=[32m"tab"[39m
                [36m>[39m
                  [0mPodstawowy[0m
                [36m</button>[39m
                [36m<button[39m
                  [33maria-selected[39m=[32m"false"[39m
                  [33mclass[39m=[32m"flex-1 py-3 px-4 rounded-xl text-sm font-semibold transition-all cursor-pointer text-zinc-500 hover:text-zinc-300 hover:bg-zinc-800/30"[39m
                  [33mrole[39m=[32m"tab"[39m
                [36m>[39m
                  [0mZ logotypem[0m
                [36m</button>[39m
              [36m</div>[39m
              [36m<form[39m
                [33mclass[39m=[32m"flex flex-col gap-4"[39m
                [33mnovalidate[39m=[32m""[39m
              [36m>[39m
                [36m<label[39m
                  [33mclass[39m=[32m"px-1 text-sm font-medium text-zinc-300"[39m
                  [33mfor[39m=[32m"qr-url"[39m
                [36m>[39m
                  [0mLink do zakodowania[0m
                [36m</label>[39m
                [36m<input[39m
                  [33maria-invalid[39m=[32m"false"[39m
                  [33mautocomplete[39m=[32m"url"[39m
                  [33mclass[39m=[32m"w-full px-4 py-3 rounded-xl border border-white/10 bg-zinc-950/50 text-white placeholder:text-zinc-500 focus:outline-none focus:ring-2 focus:ring-gold-500/50 focus:border-gold-500 transition-all text-sm sm:text-base"[39m
                  [33mid[39m=[32m"qr-url"[39m
                  [33mplaceholder[39m=[32m"https://example.com"[39m
                  [33mtype[39m=[32m"url"[39m
                  [33mvalue[39m=[32m"https://example.com"[39m
                [36m/>[39m
                [36m<button[39m
                  [33mclass[39m=[32m"w-full mt-4 py-4 px-6 bg-gradient-to-r from-gold-600 via-gold-500 to-gold-400 hover:from-gold-500 hover:via-gold-400 hover:to-gold-300 active:from-gold-700 active:to-gold-600 disabled:from-zinc-800 disabled:to-zinc-800 disabled:text-zinc-500 text-zinc-950 font-bold tracking-wide rounded-xl text-base sm:text-lg cursor-pointer disabled:cursor-not-allowed transition-all shadow-[0_0_20px_rgba(212,175,55,0.2)] hover:shadow-[0_0_30px_rgba(212,175,55,0.4)]"[39m
                  [33mtype[39m=[32m"submit"[39m
                [36m>[39m
                  [0mGeneruj kod QR[0m
                [36m</button>[39m
              [36m</form>[39m
              [36m<canvas[39m
                [33mclass[39m=[32m"hidden"[39m
              [36m/>[39m
            [36m</div>[39m
            [36m<div[39m
              [33mclass[39m=[32m"text-zinc-500 text-xs mt-10 space-y-2 text-center lg:text-left"[39m
            [36m>[39m
              [36m<p>[39m
                [0mKody generowane bezpiecznie, lokalnie w Twojej przeglądarce.[0m
              [36m</p>[39m
              [36m<p[39m
                [33mclass[39m=[32m"flex flex-col sm:flex-row items-center lg:items-start justify-center lg:justify-start gap-1 sm:gap-2"[39m
              [36m>[39m
                [36m<span>[39m
                  [0mStworzone przez [0m
                  [36m<span[39m
                    [33mclass[39m=[32m"text-zinc-400 font-medium"[39m
                  [36m>[39m
                    [0mKrzysztof Brzezina[0m
                  [36m</span>[39m
                [36m</span>[39m
                [36m<span[39m
                  [33mclass[39m=[32m"hidden sm:inline text-zinc-700"[39m
                [36m>[39m
                  [0m|[0m
                [36m</span>[39m
                [36m<a[39m
                  [33mclass[39m=[32m"text-gold-500 hover:text-gold-400 font-medium transition-colors"[39m
                  [33mhref[39m=[32m"https://wa.me/48517466553"[39m
                  [33mrel[39m=[32m"noopener noreferrer"[39m
                  [33mtarget[39m=[32m"_blank"[39m
                [36m>[39m
                  [0mWhatsApp 517 466 553[0m
                [36m</a>[39m
                [36m<span[39m
                  [33mclass[39m=[32m"hidden sm:inline text-zinc-700"[39m
                [36m>[39m
                  [0m|[0m
                [36m</span>[39m
                [36m<a[39m
                  [33mclass[39m=[32m"text-gold-500 hover:text-gold-400 font-medium transition-colors"[39m
                  [33mhref[39m=[32m"mailto:krzysztof.brzezina@gmail.com"[39m
                [36m>[39m
                  [0mkrzysztof.brzezina@gmail.com[0m
                [36m</a>[39m
              [36m</p>[39m
              [36m<p[39m
                [33mclass[39m=[32m"space-x-2 pt-2"[39m
              [36m>[39m
                [36m<a[39m
                  [33mclass[39m=[32m"text-zinc-500 hover:text-zinc-300 transition-colors"[39m
                  [33mhref[39m=[32m"/regulamin"[39m
                [36m>[39m
                  [0mRegulamin i polityka[0m
                [36m</a>[39m
                [36m<span[39m
                  [33mclass[39m=[32m"text-zinc-700"[39m
                [36m>[39m
                  [0m|[0m
                [36m</span>[39m
                [36m<button[39m
                  [33mclass[39m=[32m"text-zinc-500 hover:text-zinc-300 transition-colors cursor-pointer"[39m
                [36m>[39m
                  [0mUstawienia cookies[0m
                [36m</button>[39m
              [36m</p>[39m
            [36m</div>[39m
          [36m</div>[39m
          [36m<div[39m
            [33mclass[39m=[32m"flex-1 lg:max-w-[45rem] mt-8 lg:mt-0 flex flex-col justify-center"[39m
          [36m>[39m
            [36m<div[39m
              [33mclass[39m=[32m"sticky top-12 lg:top-24 w-full h-full min-h-[500px] flex items-center justify-center bg-zinc-950/40 rounded-[2.5rem] border border-white/5 relative overflow-hidden backdrop-blur-2xl"[39m
            [36m>[39m
              [36m<div[39m
                [33mclass[39m=[32m"absolute inset-0 bg-gradient-to-br from-gold-500/5 to-transparent pointer-events-none"[39m
              [36m/>[39m
              [36m<div[39m
                [33mclass[39m=[32m"z-10 flex flex-col items-center gap-8 p-6 w-full max-w-md animate-in fade-in zoom-in duration-500"[39m
              [36m>[39m
                [36m<div[39m
                  [33mclass[39m=[32m"relative group perspective-1000"[39m
                [36m>[39m
                  [36m<div[39m
                    [33mclass[39m=[32m"absolute -inset-1 bg-gradient-to-r from-gold-600 to-gold-400 rounded-[2rem] blur-xl opacity-20 group-hover:opacity-40 transition duration-1000 group-hover:duration-200"[39m
                  [36m/>[39m
                  [36m<div[39m
                    [33mclass[39m=[32m"relative bg-white p-6 rounded-3xl shadow-2xl transition-transform duration-500 transform group-hover:scale-[1.02]"[39m
                  [36m>[39m
                    [36m<img[39m
                      [33malt[39m=[32m"Twój Luksusowy Kod QR"[39m
                      [33mclass[39m=[32m"w-56 h-56 sm:w-72 sm:h-72 object-contain"[39m
                      [33mdata-nimg[39m=[32m"1"[39m
                      [33mdecoding[39m=[32m"async"[39m
                      [33mheight[39m=[32m"320"[39m
                      [33msrc[39m=[32m"data:image/png;base64,mockdata"[39m
                      [33mstyle[39m=[32m"color: transparent;"[39m
                      [33mwidth[39m=[32m"320"[39m
                    [36m/>[39m
                  [36m</div>[39m
                [36m</div>[39m
                [36m<div[39m
                  [33mclass[39m=[32m"flex flex-wrap gap-3 justify-center w-full"[39m
                [36m>[39m
                  [36m<button[39m
                    [33mclass[39m=[32m"flex items-center gap-2 px-5 py-3 rounded-2xl transition-all cursor-pointer font-medium bg-zinc-800 hover:bg-zinc-700 active:bg-zinc-600 text-zinc-200 border border-white/10 hover:border-white/20 shadow-lg"[39m
                    [33mtitle[39m=[32m"Kopiuj do schowka"[39m
                  [36m>[39m
                    [36m<svg[39m
                      [33mfill[39m=[32m"none"[39m
                      [33mheight[39m=[32m"20"[39m
                      [33mstroke[39m=[32m"currentColor"[39m
                      [33mstroke-linecap[39m=[32m"round"[39m
                      [33mstroke-linejoin[39m=[32m"round"[39m
                      [33mstroke-width[39m=[32m"2"[39m
                      [33mviewBox[39m=[32m"0 0 24 24"[39m
                      [33mwidth[39m=[32m"20"[39m
                      [33mxmlns[39m=[32m"http://www.w3.org/2000/svg"[39m
                    [36m>[39m
                      [36m<rect[39m
                        [33mheight[39m=[32m"14"[39m
                        [33mrx[39m=[32m"2"[39m
                        [33mwidth[39m=[32m"14"[39m
                        [33mx[39m=[32m"8"[39m
                        [33my[39m=[32m"8"[39m
                      [36m/>[39m
                      [36m<path[39m
                        [33md[39m=[32m"M4 16c-1.1 0-2-.9-2-2V4c0-1.1.9-2 2-2h10c1.1 0 2 .9 2 2"[39m
                      [36m/>[39m
                    [36m</svg>[39m
                    [36m<span>[39m
                      [0mSkopiuj[0m
                    [36m</span>[39m
                  [36m</button>[39m
                  [36m<div[39m
                    [33mclass[39m=[32m"flex gap-2"[39m
                  [36m>[39m
                    [36m<button[39m
                      [33mclass[39m=[32m"flex items-center gap-2 px-5 py-3 rounded-2xl bg-zinc-800 hover:bg-zinc-700 active:bg-zinc-600 text-zinc-200 border border-white/10 hover:border-white/20 transition-all shadow-lg cursor-pointer font-medium"[39m
                      [33mtitle[39m=[32m"Pobierz wysokiej jakości PNG"[39m
                    [36m>[39m
                      [36m<span>[39m
                        [0mPNG[0m
                      [36m</span>[39m
                      [36m<svg[39m
                        [33mclass[39m=[32m"text-zinc-400"[39m
                        [33mfill[39m=[32m"none"[39m
                        [33mheight[39m=[32m"18"[39m
                        [33mstroke[39m=[32m"currentColor"[39m
                        [33mstroke-linecap[39m=[32m"round"[39m
                        [33mstroke-linejoin[39m=[32m"round"[39m
                        [33mstroke-width[39m=[32m"2"[39m
                        [33mviewBox[39m=[32m"0 0 24 24"[39m
                        [33mwidth[39m=[32m"18"[39m
                        [33mxmlns[39m=[32m"http://www.w3.org/2000/svg"[39m
                      [36m>[39m
                        [36m<rect[39m
                          [33mheight[39m=[32m"18"[39m
                          [33mrx[39m=[32m"2"[39m
                          [33mwidth[39m=[32m"18"[39m
                          [33mx[39m=[32m"3"[39m
                          [33my[39m=[32m"3"[39m
                        [36m/>[39m
                        [36m<circle[39m
                          [33mcx[39m=[32m"9"[39m
                          [33mcy[39m=[32m"9"[39m
                          [33mr[39m=[32m"2"[39m
                        [36m/>[39m
                        [36m<path[39m
                          [33md[39m=[32m"m21 15-3.086-3.086a2 2 0 0 0-2.828 0L6 21"[39m
                        [36m/>[39m
                      [36m</svg>[39m
                    [36m</button>[39m
                    [36m<button[39m
                      [33mclass[39m=[32m"flex items-center gap-2 px-5 py-3 rounded-2xl bg-zinc-800 hover:bg-zinc-700 active:bg-zinc-600 text-zinc-200 border border-white/10 hover:border-white/20 transition-all shadow-lg cursor-pointer font-medium"[39m
                      [33mtitle[39m=[32m"Pobierz wektorowy SVG"[39m
                    [36m>[39m
                      [36m<span>[39m
                        [0mSVG[0m
                      [36m</span>[39m
                      [36m<svg[39m
                        [33mclass[39m=[32m"text-zinc-400"[39m
                        [33mfill[39m=[32m"none"[39m
                        [33mheight[39m=[32m"18"[39m
                        [33mstroke[39m=[32m"currentColor"[39m
                        [33mstroke-linecap[39m=[32m"round"[39m
                        [33mstroke-linejoin[39m=[32m"round"[39m
                        [33mstroke-width[39m=[32m"2"[39m
                        [33mviewBox[39m=[32m"0 0 24 24"[39m
                        [33mwidth[39m=[32m"18"[39m
                        [33mxmlns[39m=[32m"http://www.w3.org/2000/svg"[39m
                      [36m>[39m
                        [36m<path[39m
                          [33md[39m=[32m"M21 15v4a2 2 0 0 1-2 2H5a2 2 0 0 1-2-2v-4"[39m
                        [36m/>[39m
                        [36m<polyline[39m
                          [33mpoints[39m=[32m"7 10 12 15 17 10"[39m
                        [36m/>[39m
                        [36m<line[39m
                          [33mx1[39m=[32m"12"[39m
                          [33mx2[39m=[32m"12"[39m
                          [33my1[39m=[32m"15"[39m
                          [33my2[39m=[32m"3"[39m
                        [36m/>[39m
                      [36m</svg>[39m
                    [36m</button>[39m
                  [36m</div>[39m
                [36m</div>[39m
              [36m</div>[39m
            [36m</div>[39m
          [36m</div>[39m
        [36m</div>[39m
      [36m</main>[39m
    [36m</div>[39m
  [36m</body>[39m
[36m</html>[39m
[90m [2m❯[22m Proxy.waitForWrapper node_modules/@testing-library/dom/dist/wait-for.js:[2m163:27[22m[39m
[36m [2m❯[22m src/app/page.test.tsx:[2m571:11[22m[39m
    [90m569| [39m    [35mawait[39m timerUser[33m.[39m[34mclick[39m([34mgetGenerateButton[39m())[33m;[39m
    [90m570| [39m
    [90m571| [39m    [35mawait[39m [34mwaitFor[39m(() [33m=>[39m {
    [90m   | [39m          [31m^[39m
    [90m572| [39m      [34mexpect[39m(screen[33m.[39m[34mgetByAltText[39m([32m"Kod QR"[39m))[33m.[39m[34mtoBeInTheDocument[39m()[33m;[39m
    [90m573| [39m    })[33m;[39m

[31m[2m⎯⎯⎯⎯⎯⎯⎯⎯⎯⎯⎯⎯⎯⎯⎯⎯⎯⎯⎯⎯⎯⎯⎯[6/10]⎯[22m[39m

[41m[1m FAIL [22m[49m src/app/page.test.tsx[2m > [22mHome komponent[2m > [22mfallback na pobranie gdy clipboard zawiedzie
[31m[1mTestingLibraryElementError[22m[39m: Unable to find an element with the alt text: Kod QR

Ignored nodes: comments, script, style
[36m<body>[39m
  [36m<div>[39m
    [36m<main[39m
      [33mclass[39m=[32m"min-h-screen bg-zinc-950 text-white p-4 sm:p-8 lg:p-12"[39m
    [36m>[39m
      [36m<div[39m
        [33mclass[39m=[32m"max-w-7xl mx-auto flex flex-col lg:flex-row gap-8 lg:gap-16"[39m
      [36m>[39m
        [36m<div[39m
          [33mclass[39m=[32m"flex-1 lg:max-w-[42rem] flex flex-col pt-4 lg:pt-12"[39m
        [36m>[39m
          [36m<div[39m
            [33mclass[39m=[32m"mb-10 text-center lg:text-left"[39m
          [36m>[39m
            [36m<h1[39m
              [33mclass[39m=[32m"text-4xl sm:text-5xl lg:text-6xl font-extrabold text-transparent bg-clip-text bg-gradient-to-r from-gold-400 via-gold-500 to-gold-600 mb-4 tracking-tight"[39m
            [36m>[39m
              [0mGenerator QR[0m
            [36m</h1>[39m
            [36m<p[39m
              [33mclass[39m=[32m"text-zinc-400 text-base sm:text-lg max-w-xl mx-auto lg:mx-0"[39m
            [36m>[39m
              [0mTransformuj linki w eleganckie, luksusowe kody QR perfekcyjnej jakości. Ekskluzywne i darmowe narzędzie.[0m
            [36m</p>[39m
          [36m</div>[39m
          [36m<div[39m
            [33mclass[39m=[32m"bg-zinc-900/40 backdrop-blur-xl rounded-3xl shadow-2xl shadow-black border border-white/5 p-6 sm:p-8 relative overflow-hidden"[39m
          [36m>[39m
            [36m<div[39m
              [33mclass[39m=[32m"absolute top-0 right-0 -mr-20 -mt-20 w-64 h-64 rounded-full bg-gold-500/5 blur-3xl pointer-events-none"[39m
            [36m/>[39m
            [36m<div[39m
              [33mclass[39m=[32m"flex mb-6 rounded-2xl bg-zinc-950/50 p-1.5 border border-white/5 relative z-10"[39m
              [33mrole[39m=[32m"tablist"[39m
            [36m>[39m
              [36m<button[39m
                [33maria-selected[39m=[32m"true"[39m
                [33mclass[39m=[32m"flex-1 py-3 px-4 rounded-xl text-sm font-semibold transition-all cursor-pointer bg-zinc-800 text-gold-400 shadow-lg ring-1 ring-white/10"[39m
                [33mrole[39m=[32m"tab"[39m
              [36m>[39m
                [0mPodstawowy[0m
              [36m</button>[39m
              [36m<button[39m
                [33maria-selected[39m=[32m"false"[39m
                [33mclass[39m=[32m"flex-1 py-3 px-4 rounded-xl text-sm font-semibold transition-all cursor-pointer text-zinc-500 hover:text-zinc-300 hover:bg-zinc-800/30"[39m
                [33mrole[39m=[32m"tab"[39m
              [36m>[39m
                [0mZ logotypem[0m
              [36m</button>[39m
            [36m</div>[39m
            [36m<form[39m
              [33mclass[39m=[32m"flex flex-col gap-4"[39m
              [33mnovalidate[39m=[32m""[39m
            [36m>[39m
              [36m<label[39m
                [33mclass[39m=[32m"px-1 text-sm font-medium text-zinc-300"[39m
                [33mfor[39m=[32m"qr-url"[39m
              [36m>[39m
                [0mLink do zakodowania[0m
              [36m</label>[39m
              [36m<input[39m
                [33maria-invalid[39m=[32m"false"[39m
                [33mautocomplete[39m=[32m"url"[39m
                [33mclass[39m=[32m"w-full px-4 py-3 rounded-xl border border-white/10 bg-zinc-950/50 text-white placeholder:text-zinc-500 focus:outline-none focus:ring-2 focus:ring-gold-500/50 focus:border-gold-500 transition-all text-sm sm:text-base"[39m
                [33mid[39m=[32m"qr-url"[39m
                [33mplaceholder[39m=[32m"https://example.com"[39m
                [33mtype[39m=[32m"url"[39m
                [33mvalue[39m=[32m"https://example.com"[39m
              [36m/>[39m
              [36m<button[39m
                [33mclass[39m=[32m"w-full mt-4 py-4 px-6 bg-gradient-to-r from-gold-600 via-gold-500 to-gold-400 hover:from-gold-500 hover:via-gold-400 hover:to-gold-300 active:from-gold-700 active:to-gold-600 disabled:from-zinc-800 disabled:to-zinc-800 disabled:text-zinc-500 text-zinc-950 font-bold tracking-wide rounded-xl text-base sm:text-lg cursor-pointer disabled:cursor-not-allowed transition-all shadow-[0_0_20px_rgba(212,175,55,0.2)] hover:shadow-[0_0_30px_rgba(212,175,55,0.4)]"[39m
                [33mtype[39m=[32m"submit"[39m
              [36m>[39m
                [0mGeneruj kod QR[0m
              [36m</button>[39m
            [36m</form>[39m
            [36m<canvas[39m
              [33mclass[39m=[32m"hidden"[39m
            [36m/>[39m
          [36m</div>[39m
          [36m<div[39m
            [33mclass[39m=[32m"text-zinc-500 text-xs mt-10 space-y-2 text-center lg:text-left"[39m
          [36m>[39m
            [36m<p>[39m
              [0mKody generowane bezpiecznie, lokalnie w Twojej przeglądarce.[0m
            [36m</p>[39m
            [36m<p[39m
              [33mclass[39m=[32m"flex flex-col sm:flex-row items-center lg:items-start justify-center lg:justify-start gap-1 sm:gap-2"[39m
            [36m>[39m
              [36m<span>[39m
                [0mStworzone przez [0m
                [36m<span[39m
                  [33mclass[39m=[32m"text-zinc-400 font-medium"[39m
                [36m>[39m
                  [0mKrzysztof Brzezina[0m
                [36m</span>[39m
              [36m</span>[39m
              [36m<span[39m
                [33mclass[39m=[32m"hidden sm:inline text-zinc-700"[39m
              [36m>[39m
                [0m|[0m
              [36m</span>[39m
              [36m<a[39m
                [33mclass[39m=[32m"text-gold-500 hover:text-gold-400 font-medium transition-colors"[39m
                [33mhref[39m=[32m"https://wa.me/48517466553"[39m
                [33mrel[39m=[32m"noopener noreferrer"[39m
                [33mtarget[39m=[32m"_blank"[39m
              [36m>[39m
                [0mWhatsApp 517 466 553[0m
              [36m</a>[39m
              [36m<span[39m
                [33mclass[39m=[32m"hidden sm:inline text-zinc-700"[39m
              [36m>[39m
                [0m|[0m
              [36m</span>[39m
              [36m<a[39m
                [33mclass[39m=[32m"text-gold-500 hover:text-gold-400 font-medium transition-colors"[39m
                [33mhref[39m=[32m"mailto:krzysztof.brzezina@gmail.com"[39m
              [36m>[39m
                [0mkrzysztof.brzezina@gmail.com[0m
              [36m</a>[39m
            [36m</p>[39m
            [36m<p[39m
              [33mclass[39m=[32m"space-x-2 pt-2"[39m
            [36m>[39m
              [36m<a[39m
                [33mclass[39m=[32m"text-zinc-500 hover:text-zinc-300 transition-colors"[39m
                [33mhref[39m=[32m"/regulamin"[39m
              [36m>[39m
                [0mRegulamin i polityka[0m
              [36m</a>[39m
              [36m<span[39m
                [33mclass[39m=[32m"text-zinc-700"[39m
              [36m>[39m
                [0m|[0m
              [36m</span>[39m
              [36m<button[39m
                [33mclass[39m=[32m"text-zinc-500 hover:text-zinc-300 transition-colors cursor-pointer"[39m
              [36m>[39m
                [0mUstawienia cookies[0m
              [36m</button>[39m
            [36m</p>[39m
          [36m</div>[39m
        [36m</div>[39m
        [36m<div[39m
          [33mclass[39m=[32m"flex-1 lg:max-w-[45rem] mt-8 lg:mt-0 flex flex-col justify-center"[39m
        [36m>[39m
          [36m<div[39m
            [33mclass[39m=[32m"sticky top-12 lg:top-24 w-full h-full min-h-[500px] flex items-center justify-center bg-zinc-950/40 rounded-[2.5rem] border border-white/5 relative overflow-hidden backdrop-blur-2xl"[39m
          [36m>[39m
            [36m<div[39m
              [33mclass[39m=[32m"absolute inset-0 bg-gradient-to-br from-gold-500/5 to-transparent pointer-events-none"[39m
            [36m/>[39m
            [36m<div[39m
              [33mclass[39m=[32m"z-10 flex flex-col items-center gap-8 p-6 w-full max-w-md animate-in fade-in zoom-in duration-500"[39m
            [36m>[39m
              [36m<div[39m
                [33mclass[39m=[32m"relative group perspective-1000"[39m
              [36m>[39m
                [36m<div[39m
                  [33mclass[39m=[32m"absolute -inset-1 bg-gradient-to-r from-gold-600 to-gold-400 rounded-[2rem] blur-xl opacity-20 group-hover:opacity-40 transition duration-1000 group-hover:duration-200"[39m
                [36m/>[39m
                [36m<div[39m
                  [33mclass[39m=[32m"relative bg-white p-6 rounded-3xl shadow-2xl transition-transform duration-500 transform group-hover:scale-[1.02]"[39m
                [36m>[39m
                  [36m<img[39m
                    [33malt[39m=[32m"Twój Luksusowy Kod QR"[39m
                    [33mclass[39m=[32m"w-56 h-56 sm:w-72 sm:h-72 object-contain"[39m
                    [33mdata-nimg[39m=[32m"1"[39m
                    [33mdecoding[39m=[32m"async"[39m
                    [33mheight[39m=[32m"320"[39m
                    [33msrc[39m=[32m"data:image/png;base64,mockdata"[39m
                    [33mstyle[39m=[32m"color: transparent;"[39m
                    [33mwidth[39m=[32m"320"[39m
                  [36m/>[39m
                [36m</div>[39m
              [36m</div>[39m
              [36m<div[39m
                [33mclass[39m=[32m"flex flex-wrap gap-3 justify-center w-full"[39m
              [36m>[39m
                [36m<button[39m
                  [33mclass[39m=[32m"flex items-center gap-2 px-5 py-3 rounded-2xl transition-all cursor-pointer font-medium bg-zinc-800 hover:bg-zinc-700 active:bg-zinc-600 text-zinc-200 border border-white/10 hover:border-white/20 shadow-lg"[39m
                  [33mtitle[39m=[32m"Kopiuj do schowka"[39m
                [36m>[39m
                  [36m<svg[39m
                    [33mfill[39m=[32m"none"[39m
                    [33mheight[39m=[32m"20"[39m
                    [33mstroke[39m=[32m"currentColor"[39m
                    [33mstroke-linecap[39m=[32m"round"[39m
                    [33mstroke-linejoin[39m=[32m"round"[39m
                    [33mstroke-width[39m=[32m"2"[39m
                    [33mviewBox[39m=[32m"0 0 24 24"[39m
                    [33mwidth[39m=[32m"20"[39m
                    [33mxmlns[39m=[32m"http://www.w3.org/2000/svg"[39m
                  [36m>[39m
                    [36m<rect[39m
                      [33mheight[39m=[32m"14"[39m
                      [33mrx[39m=[32m"2"[39m
                      [33mwidth[39m=[32m"14"[39m
                      [33mx[39m=[32m"8"[39m
                      [33my[39m=[32m"8"[39m
                    [36m/>[39m
                    [36m<path[39m
                      [33md[39m=[32m"M4 16c-1.1 0-2-.9-2-2V4c0-1.1.9-2 2-2h10c1.1 0 2 .9 2 2"[39m
                    [36m/>[39m
                  [36m</svg>[39m
                  [36m<span>[39m
                    [0mSkopiuj[0m
                  [36m</span>[39m
                [36m</button>[39m
                [36m<div[39m
                  [33mclass[39m=[32m"flex gap-2"[39m
                [36m>[39m
                  [36m<button[39m
                    [33mclass[39m=[32m"flex items-center gap-2 px-5 py-3 rounded-2xl bg-zinc-800 hover:bg-zinc-700 active:bg-zinc-600 text-zinc-200 border border-white/10 hover:border-white/20 transition-all shadow-lg cursor-pointer font-medium"[39m
                    [33mtitle[39m=[32m"Pobierz wysokiej jakości PNG"[39m
                  [36m>[39m
                    [36m<span>[39m
                      [0mPNG[0m
                    [36m</span>[39m
                    [36m<svg[39m
                      [33mclass[39m=[32m"text-zinc-400"[39m
                      [33mfill[39m=[32m"none"[39m
                      [33mheight[39m=[32m"18"[39m
                      [33mstroke[39m=[32m"currentColor"[39m
                      [33mstroke-linecap[39m=[32m"round"[39m
                      [33mstroke-linejoin[39m=[32m"round"[39m
                      [33mstroke-width[39m=[32m"2"[39m
                      [33mviewBox[39m=[32m"0 0 24 24"[39m
                      [33mwidth[39m=[32m"18"[39m
                      [33mxmlns[39m=[32m"http://www.w3.org/2000/svg"[39m
                    [36m>[39m
                      [36m<rect[39m
                        [33mheight[39m=[32m"18"[39m
                        [33mrx[39m=[32m"2"[39m
                        [33mwidth[39m=[32m"18"[39m
                        [33mx[39m=[32m"3"[39m
                        [33my[39m=[32m"3"[39m
                      [36m/>[39m
                      [36m<circle[39m
                        [33mcx[39m=[32m"9"[39m
                        [33mcy[39m=[32m"9"[39m
                        [33mr[39m=[32m"2"[39m
                      [36m/>[39m
                      [36m<path[39m
                        [33md[39m=[32m"m21 15-3.086-3.086a2 2 0 0 0-2.828 0L6 21"[39m
                      [36m/>[39m
                    [36m</svg>[39m
                  [36m</button>[39m
                  [36m<button[39m
                    [33mclass[39m=[32m"flex items-center gap-2 px-5 py-3 rounded-2xl bg-zinc-800 hover:bg-zinc-700 active:bg-zinc-600 text-zinc-200 border border-white/10 hover:border-white/20 transition-all shadow-lg cursor-pointer font-medium"[39m
                    [33mtitle[39m=[32m"Pobierz wektorowy SVG"[39m
                  [36m>[39m
                    [36m<span>[39m
                      [0mSVG[0m
                    [36m</span>[39m
                    [36m<svg[39m
                      [33mclass[39m=[32m"text-zinc-400"[39m
                      [33mfill[39m=[32m"none"[39m
                      [33mheight[39m=[32m"18"[39m
                      [33mstroke[39m=[32m"currentColor"[39m
                      [33mstroke-linecap[39m=[32m"round"[39m
                      [33mstroke-linejoin[39m=[32m"round"[39m
                      [33mstroke-width[39m=[32m"2"[39m
                      [33mviewBox[39m=[32m"0 0 24 24"[39m
                      [33mwidth[39m=[32m"18"[39m
                      [33mxmlns[39m=[32m"http://www.w3.org/2000/svg"[39m
                    [36m>[39m
                      [36m<path[39m
                        [33md[39m=[32m"M21 15v4a2 2 0 0 1-2 2H5a2 2 0 0 1-2-2v-4"[39m
                      [36m/>[39m
                      [36m<polyline[39m
                        [33mpoints[39m=[32m"7 10 12 15 17 10"[39m
                      [36m/>[39m
                      [36m<line[39m
                        [33mx1[39m=[32m"12"[39m
                        [33mx2[39m=[32m"12"[39m
                        [33my1[39m=[32m"15"[39m
                        [33my2[39m=[32m"3"[39m
                      [36m/>[39m
                    [36m</svg>[39m
                  [36m</button>[39m
                [36m</div>[39m
              [36m</div>[39m
            [36m</div>[39m
          [36m</div>[39m
        [36m</div>[39m
      [36m</div>[39m
    [36m</main>[39m
  [36m</div>[39m
[36m</body>[39m

Ignored nodes: comments, script, style
[36m<html>[39m
  [36m<head />[39m
  [36m<body>[39m
    [36m<div>[39m
      [36m<main[39m
        [33mclass[39m=[32m"min-h-screen bg-zinc-950 text-white p-4 sm:p-8 lg:p-12"[39m
      [36m>[39m
        [36m<div[39m
          [33mclass[39m=[32m"max-w-7xl mx-auto flex flex-col lg:flex-row gap-8 lg:gap-16"[39m
        [36m>[39m
          [36m<div[39m
            [33mclass[39m=[32m"flex-1 lg:max-w-[42rem] flex flex-col pt-4 lg:pt-12"[39m
          [36m>[39m
            [36m<div[39m
              [33mclass[39m=[32m"mb-10 text-center lg:text-left"[39m
            [36m>[39m
              [36m<h1[39m
                [33mclass[39m=[32m"text-4xl sm:text-5xl lg:text-6xl font-extrabold text-transparent bg-clip-text bg-gradient-to-r from-gold-400 via-gold-500 to-gold-600 mb-4 tracking-tight"[39m
              [36m>[39m
                [0mGenerator QR[0m
              [36m</h1>[39m
              [36m<p[39m
                [33mclass[39m=[32m"text-zinc-400 text-base sm:text-lg max-w-xl mx-auto lg:mx-0"[39m
              [36m>[39m
                [0mTransformuj linki w eleganckie, luksusowe kody QR perfekcyjnej jakości. Ekskluzywne i darmowe narzędzie.[0m
              [36m</p>[39m
            [36m</div>[39m
            [36m<div[39m
              [33mclass[39m=[32m"bg-zinc-900/40 backdrop-blur-xl rounded-3xl shadow-2xl shadow-black border border-white/5 p-6 sm:p-8 relative overflow-hidden"[39m
            [36m>[39m
              [36m<div[39m
                [33mclass[39m=[32m"absolute top-0 right-0 -mr-20 -mt-20 w-64 h-64 rounded-full bg-gold-500/5 blur-3xl pointer-events-none"[39m
              [36m/>[39m
              [36m<div[39m
                [33mclass[39m=[32m"flex mb-6 rounded-2xl bg-zinc-950/50 p-1.5 border border-white/5 relative z-10"[39m
                [33mrole[39m=[32m"tablist"[39m
              [36m>[39m
                [36m<button[39m
                  [33maria-selected[39m=[32m"true"[39m
                  [33mclass[39m=[32m"flex-1 py-3 px-4 rounded-xl text-sm font-semibold transition-all cursor-pointer bg-zinc-800 text-gold-400 shadow-lg ring-1 ring-white/10"[39m
                  [33mrole[39m=[32m"tab"[39m
                [36m>[39m
                  [0mPodstawowy[0m
                [36m</button>[39m
                [36m<button[39m
                  [33maria-selected[39m=[32m"false"[39m
                  [33mclass[39m=[32m"flex-1 py-3 px-4 rounded-xl text-sm font-semibold transition-all cursor-pointer text-zinc-500 hover:text-zinc-300 hover:bg-zinc-800/30"[39m
                  [33mrole[39m=[32m"tab"[39m
                [36m>[39m
                  [0mZ logotypem[0m
                [36m</button>[39m
              [36m</div>[39m
              [36m<form[39m
                [33mclass[39m=[32m"flex flex-col gap-4"[39m
                [33mnovalidate[39m=[32m""[39m
              [36m>[39m
                [36m<label[39m
                  [33mclass[39m=[32m"px-1 text-sm font-medium text-zinc-300"[39m
                  [33mfor[39m=[32m"qr-url"[39m
                [36m>[39m
                  [0mLink do zakodowania[0m
                [36m</label>[39m
                [36m<input[39m
                  [33maria-invalid[39m=[32m"false"[39m
                  [33mautocomplete[39m=[32m"url"[39m
                  [33mclass[39m=[32m"w-full px-4 py-3 rounded-xl border border-white/10 bg-zinc-950/50 text-white placeholder:text-zinc-500 focus:outline-none focus:ring-2 focus:ring-gold-500/50 focus:border-gold-500 transition-all text-sm sm:text-base"[39m
                  [33mid[39m=[32m"qr-url"[39m
                  [33mplaceholder[39m=[32m"https://example.com"[39m
                  [33mtype[39m=[32m"url"[39m
                  [33mvalue[39m=[32m"https://example.com"[39m
                [36m/>[39m
                [36m<button[39m
                  [33mclass[39m=[32m"w-full mt-4 py-4 px-6 bg-gradient-to-r from-gold-600 via-gold-500 to-gold-400 hover:from-gold-500 hover:via-gold-400 hover:to-gold-300 active:from-gold-700 active:to-gold-600 disabled:from-zinc-800 disabled:to-zinc-800 disabled:text-zinc-500 text-zinc-950 font-bold tracking-wide rounded-xl text-base sm:text-lg cursor-pointer disabled:cursor-not-allowed transition-all shadow-[0_0_20px_rgba(212,175,55,0.2)] hover:shadow-[0_0_30px_rgba(212,175,55,0.4)]"[39m
                  [33mtype[39m=[32m"submit"[39m
                [36m>[39m
                  [0mGeneruj kod QR[0m
                [36m</button>[39m
              [36m</form>[39m
              [36m<canvas[39m
                [33mclass[39m=[32m"hidden"[39m
              [36m/>[39m
            [36m</div>[39m
            [36m<div[39m
              [33mclass[39m=[32m"text-zinc-500 text-xs mt-10 space-y-2 text-center lg:text-left"[39m
            [36m>[39m
              [36m<p>[39m
                [0mKody generowane bezpiecznie, lokalnie w Twojej przeglądarce.[0m
              [36m</p>[39m
              [36m<p[39m
                [33mclass[39m=[32m"flex flex-col sm:flex-row items-center lg:items-start justify-center lg:justify-start gap-1 sm:gap-2"[39m
              [36m>[39m
                [36m<span>[39m
                  [0mStworzone przez [0m
                  [36m<span[39m
                    [33mclass[39m=[32m"text-zinc-400 font-medium"[39m
                  [36m>[39m
                    [0mKrzysztof Brzezina[0m
                  [36m</span>[39m
                [36m</span>[39m
                [36m<span[39m
                  [33mclass[39m=[32m"hidden sm:inline text-zinc-700"[39m
                [36m>[39m
                  [0m|[0m
                [36m</span>[39m
                [36m<a[39m
                  [33mclass[39m=[32m"text-gold-500 hover:text-gold-400 font-medium transition-colors"[39m
                  [33mhref[39m=[32m"https://wa.me/48517466553"[39m
                  [33mrel[39m=[32m"noopener noreferrer"[39m
                  [33mtarget[39m=[32m"_blank"[39m
                [36m>[39m
                  [0mWhatsApp 517 466 553[0m
                [36m</a>[39m
                [36m<span[39m
                  [33mclass[39m=[32m"hidden sm:inline text-zinc-700"[39m
                [36m>[39m
                  [0m|[0m
                [36m</span>[39m
                [36m<a[39m
                  [33mclass[39m=[32m"text-gold-500 hover:text-gold-400 font-medium transition-colors"[39m
                  [33mhref[39m=[32m"mailto:krzysztof.brzezina@gmail.com"[39m
                [36m>[39m
                  [0mkrzysztof.brzezina@gmail.com[0m
                [36m</a>[39m
              [36m</p>[39m
              [36m<p[39m
                [33mclass[39m=[32m"space-x-2 pt-2"[39m
              [36m>[39m
                [36m<a[39m
                  [33mclass[39m=[32m"text-zinc-500 hover:text-zinc-300 transition-colors"[39m
                  [33mhref[39m=[32m"/regulamin"[39m
                [36m>[39m
                  [0mRegulamin i polityka[0m
                [36m</a>[39m
                [36m<span[39m
                  [33mclass[39m=[32m"text-zinc-700"[39m
                [36m>[39m
                  [0m|[0m
                [36m</span>[39m
                [36m<button[39m
                  [33mclass[39m=[32m"text-zinc-500 hover:text-zinc-300 transition-colors cursor-pointer"[39m
                [36m>[39m
                  [0mUstawienia cookies[0m
                [36m</button>[39m
              [36m</p>[39m
            [36m</div>[39m
          [36m</div>[39m
          [36m<div[39m
            [33mclass[39m=[32m"flex-1 lg:max-w-[45rem] mt-8 lg:mt-0 flex flex-col justify-center"[39m
          [36m>[39m
            [36m<div[39m
              [33mclass[39m=[32m"sticky top-12 lg:top-24 w-full h-full min-h-[500px] flex items-center justify-center bg-zinc-950/40 rounded-[2.5rem] border border-white/5 relative overflow-hidden backdrop-blur-2xl"[39m
            [36m>[39m
              [36m<div[39m
                [33mclass[39m=[32m"absolute inset-0 bg-gradient-to-br from-gold-500/5 to-transparent pointer-events-none"[39m
              [36m/>[39m
              [36m<div[39m
                [33mclass[39m=[32m"z-10 flex flex-col items-center gap-8 p-6 w-full max-w-md animate-in fade-in zoom-in duration-500"[39m
              [36m>[39m
                [36m<div[39m
                  [33mclass[39m=[32m"relative group perspective-1000"[39m
                [36m>[39m
                  [36m<div[39m
                    [33mclass[39m=[32m"absolute -inset-1 bg-gradient-to-r from-gold-600 to-gold-400 rounded-[2rem] blur-xl opacity-20 group-hover:opacity-40 transition duration-1000 group-hover:duration-200"[39m
                  [36m/>[39m
                  [36m<div[39m
                    [33mclass[39m=[32m"relative bg-white p-6 rounded-3xl shadow-2xl transition-transform duration-500 transform group-hover:scale-[1.02]"[39m
                  [36m>[39m
                    [36m<img[39m
                      [33malt[39m=[32m"Twój Luksusowy Kod QR"[39m
                      [33mclass[39m=[32m"w-56 h-56 sm:w-72 sm:h-72 object-contain"[39m
                      [33mdata-nimg[39m=[32m"1"[39m
                      [33mdecoding[39m=[32m"async"[39m
                      [33mheight[39m=[32m"320"[39m
                      [33msrc[39m=[32m"data:image/png;base64,mockdata"[39m
                      [33mstyle[39m=[32m"color: transparent;"[39m
                      [33mwidth[39m=[32m"320"[39m
                    [36m/>[39m
                  [36m</div>[39m
                [36m</div>[39m
                [36m<div[39m
                  [33mclass[39m=[32m"flex flex-wrap gap-3 justify-center w-full"[39m
                [36m>[39m
                  [36m<button[39m
                    [33mclass[39m=[32m"flex items-center gap-2 px-5 py-3 rounded-2xl transition-all cursor-pointer font-medium bg-zinc-800 hover:bg-zinc-700 active:bg-zinc-600 text-zinc-200 border border-white/10 hover:border-white/20 shadow-lg"[39m
                    [33mtitle[39m=[32m"Kopiuj do schowka"[39m
                  [36m>[39m
                    [36m<svg[39m
                      [33mfill[39m=[32m"none"[39m
                      [33mheight[39m=[32m"20"[39m
                      [33mstroke[39m=[32m"currentColor"[39m
                      [33mstroke-linecap[39m=[32m"round"[39m
                      [33mstroke-linejoin[39m=[32m"round"[39m
                      [33mstroke-width[39m=[32m"2"[39m
                      [33mviewBox[39m=[32m"0 0 24 24"[39m
                      [33mwidth[39m=[32m"20"[39m
                      [33mxmlns[39m=[32m"http://www.w3.org/2000/svg"[39m
                    [36m>[39m
                      [36m<rect[39m
                        [33mheight[39m=[32m"14"[39m
                        [33mrx[39m=[32m"2"[39m
                        [33mwidth[39m=[32m"14"[39m
                        [33mx[39m=[32m"8"[39m
                        [33my[39m=[32m"8"[39m
                      [36m/>[39m
                      [36m<path[39m
                        [33md[39m=[32m"M4 16c-1.1 0-2-.9-2-2V4c0-1.1.9-2 2-2h10c1.1 0 2 .9 2 2"[39m
                      [36m/>[39m
                    [36m</svg>[39m
                    [36m<span>[39m
                      [0mSkopiuj[0m
                    [36m</span>[39m
                  [36m</button>[39m
                  [36m<div[39m
                    [33mclass[39m=[32m"flex gap-2"[39m
                  [36m>[39m
                    [36m<button[39m
                      [33mclass[39m=[32m"flex items-center gap-2 px-5 py-3 rounded-2xl bg-zinc-800 hover:bg-zinc-700 active:bg-zinc-600 text-zinc-200 border border-white/10 hover:border-white/20 transition-all shadow-lg cursor-pointer font-medium"[39m
                      [33mtitle[39m=[32m"Pobierz wysokiej jakości PNG"[39m
                    [36m>[39m
                      [36m<span>[39m
                        [0mPNG[0m
                      [36m</span>[39m
                      [36m<svg[39m
                        [33mclass[39m=[32m"text-zinc-400"[39m
                        [33mfill[39m=[32m"none"[39m
                        [33mheight[39m=[32m"18"[39m
                        [33mstroke[39m=[32m"currentColor"[39m
                        [33mstroke-linecap[39m=[32m"round"[39m
                        [33mstroke-linejoin[39m=[32m"round"[39m
                        [33mstroke-width[39m=[32m"2"[39m
                        [33mviewBox[39m=[32m"0 0 24 24"[39m
                        [33mwidth[39m=[32m"18"[39m
                        [33mxmlns[39m=[32m"http://www.w3.org/2000/svg"[39m
                      [36m>[39m
                        [36m<rect[39m
                          [33mheight[39m=[32m"18"[39m
                          [33mrx[39m=[32m"2"[39m
                          [33mwidth[39m=[32m"18"[39m
                          [33mx[39m=[32m"3"[39m
                          [33my[39m=[32m"3"[39m
                        [36m/>[39m
                        [36m<circle[39m
                          [33mcx[39m=[32m"9"[39m
                          [33mcy[39m=[32m"9"[39m
                          [33mr[39m=[32m"2"[39m
                        [36m/>[39m
                        [36m<path[39m
                          [33md[39m=[32m"m21 15-3.086-3.086a2 2 0 0 0-2.828 0L6 21"[39m
                        [36m/>[39m
                      [36m</svg>[39m
                    [36m</button>[39m
                    [36m<button[39m
                      [33mclass[39m=[32m"flex items-center gap-2 px-5 py-3 rounded-2xl bg-zinc-800 hover:bg-zinc-700 active:bg-zinc-600 text-zinc-200 border border-white/10 hover:border-white/20 transition-all shadow-lg cursor-pointer font-medium"[39m
                      [33mtitle[39m=[32m"Pobierz wektorowy SVG"[39m
                    [36m>[39m
                      [36m<span>[39m
                        [0mSVG[0m
                      [36m</span>[39m
                      [36m<svg[39m
                        [33mclass[39m=[32m"text-zinc-400"[39m
                        [33mfill[39m=[32m"none"[39m
                        [33mheight[39m=[32m"18"[39m
                        [33mstroke[39m=[32m"currentColor"[39m
                        [33mstroke-linecap[39m=[32m"round"[39m
                        [33mstroke-linejoin[39m=[32m"round"[39m
                        [33mstroke-width[39m=[32m"2"[39m
                        [33mviewBox[39m=[32m"0 0 24 24"[39m
                        [33mwidth[39m=[32m"18"[39m
                        [33mxmlns[39m=[32m"http://www.w3.org/2000/svg"[39m
                      [36m>[39m
                        [36m<path[39m
                          [33md[39m=[32m"M21 15v4a2 2 0 0 1-2 2H5a2 2 0 0 1-2-2v-4"[39m
                        [36m/>[39m
                        [36m<polyline[39m
                          [33mpoints[39m=[32m"7 10 12 15 17 10"[39m
                        [36m/>[39m
                        [36m<line[39m
                          [33mx1[39m=[32m"12"[39m
                          [33mx2[39m=[32m"12"[39m
                          [33my1[39m=[32m"15"[39m
                          [33my2[39m=[32m"3"[39m
                        [36m/>[39m
                      [36m</svg>[39m
                    [36m</button>[39m
                  [36m</div>[39m
                [36m</div>[39m
              [36m</div>[39m
            [36m</div>[39m
          [36m</div>[39m
        [36m</div>[39m
      [36m</main>[39m
    [36m</div>[39m
  [36m</body>[39m
[36m</html>[39m
[90m [2m❯[22m Proxy.waitForWrapper node_modules/@testing-library/dom/dist/wait-for.js:[2m163:27[22m[39m
[36m [2m❯[22m src/app/page.test.tsx:[2m619:11[22m[39m
    [90m617| [39m    [35mawait[39m user[33m.[39m[34mclick[39m([34mgetGenerateButton[39m())[33m;[39m
    [90m618| [39m
    [90m619| [39m    [35mawait[39m [34mwaitFor[39m(() [33m=>[39m {
    [90m   | [39m          [31m^[39m
    [90m620| [39m      [34mexpect[39m(screen[33m.[39m[34mgetByAltText[39m([32m"Kod QR"[39m))[33m.[39m[34mtoBeInTheDocument[39m()[33m;[39m
    [90m621| [39m    })[33m;[39m

[31m[2m⎯⎯⎯⎯⎯⎯⎯⎯⎯⎯⎯⎯⎯⎯⎯⎯⎯⎯⎯⎯⎯⎯⎯[7/10]⎯[22m[39m

[41m[1m FAIL [22m[49m src/app/page.test.tsx[2m > [22mHome komponent[2m > [22mpobiera QR jako PNG po kliknieciu ikony PNG
[31m[1mTestingLibraryElementError[22m[39m: Unable to find an element with the alt text: Kod QR

Ignored nodes: comments, script, style
[36m<body>[39m
  [36m<div>[39m
    [36m<main[39m
      [33mclass[39m=[32m"min-h-screen bg-zinc-950 text-white p-4 sm:p-8 lg:p-12"[39m
    [36m>[39m
      [36m<div[39m
        [33mclass[39m=[32m"max-w-7xl mx-auto flex flex-col lg:flex-row gap-8 lg:gap-16"[39m
      [36m>[39m
        [36m<div[39m
          [33mclass[39m=[32m"flex-1 lg:max-w-[42rem] flex flex-col pt-4 lg:pt-12"[39m
        [36m>[39m
          [36m<div[39m
            [33mclass[39m=[32m"mb-10 text-center lg:text-left"[39m
          [36m>[39m
            [36m<h1[39m
              [33mclass[39m=[32m"text-4xl sm:text-5xl lg:text-6xl font-extrabold text-transparent bg-clip-text bg-gradient-to-r from-gold-400 via-gold-500 to-gold-600 mb-4 tracking-tight"[39m
            [36m>[39m
              [0mGenerator QR[0m
            [36m</h1>[39m
            [36m<p[39m
              [33mclass[39m=[32m"text-zinc-400 text-base sm:text-lg max-w-xl mx-auto lg:mx-0"[39m
            [36m>[39m
              [0mTransformuj linki w eleganckie, luksusowe kody QR perfekcyjnej jakości. Ekskluzywne i darmowe narzędzie.[0m
            [36m</p>[39m
          [36m</div>[39m
          [36m<div[39m
            [33mclass[39m=[32m"bg-zinc-900/40 backdrop-blur-xl rounded-3xl shadow-2xl shadow-black border border-white/5 p-6 sm:p-8 relative overflow-hidden"[39m
          [36m>[39m
            [36m<div[39m
              [33mclass[39m=[32m"absolute top-0 right-0 -mr-20 -mt-20 w-64 h-64 rounded-full bg-gold-500/5 blur-3xl pointer-events-none"[39m
            [36m/>[39m
            [36m<div[39m
              [33mclass[39m=[32m"flex mb-6 rounded-2xl bg-zinc-950/50 p-1.5 border border-white/5 relative z-10"[39m
              [33mrole[39m=[32m"tablist"[39m
            [36m>[39m
              [36m<button[39m
                [33maria-selected[39m=[32m"true"[39m
                [33mclass[39m=[32m"flex-1 py-3 px-4 rounded-xl text-sm font-semibold transition-all cursor-pointer bg-zinc-800 text-gold-400 shadow-lg ring-1 ring-white/10"[39m
                [33mrole[39m=[32m"tab"[39m
              [36m>[39m
                [0mPodstawowy[0m
              [36m</button>[39m
              [36m<button[39m
                [33maria-selected[39m=[32m"false"[39m
                [33mclass[39m=[32m"flex-1 py-3 px-4 rounded-xl text-sm font-semibold transition-all cursor-pointer text-zinc-500 hover:text-zinc-300 hover:bg-zinc-800/30"[39m
                [33mrole[39m=[32m"tab"[39m
              [36m>[39m
                [0mZ logotypem[0m
              [36m</button>[39m
            [36m</div>[39m
            [36m<form[39m
              [33mclass[39m=[32m"flex flex-col gap-4"[39m
              [33mnovalidate[39m=[32m""[39m
            [36m>[39m
              [36m<label[39m
                [33mclass[39m=[32m"px-1 text-sm font-medium text-zinc-300"[39m
                [33mfor[39m=[32m"qr-url"[39m
              [36m>[39m
                [0mLink do zakodowania[0m
              [36m</label>[39m
              [36m<input[39m
                [33maria-invalid[39m=[32m"false"[39m
                [33mautocomplete[39m=[32m"url"[39m
                [33mclass[39m=[32m"w-full px-4 py-3 rounded-xl border border-white/10 bg-zinc-950/50 text-white placeholder:text-zinc-500 focus:outline-none focus:ring-2 focus:ring-gold-500/50 focus:border-gold-500 transition-all text-sm sm:text-base"[39m
                [33mid[39m=[32m"qr-url"[39m
                [33mplaceholder[39m=[32m"https://example.com"[39m
                [33mtype[39m=[32m"url"[39m
                [33mvalue[39m=[32m"https://example.com"[39m
              [36m/>[39m
              [36m<button[39m
                [33mclass[39m=[32m"w-full mt-4 py-4 px-6 bg-gradient-to-r from-gold-600 via-gold-500 to-gold-400 hover:from-gold-500 hover:via-gold-400 hover:to-gold-300 active:from-gold-700 active:to-gold-600 disabled:from-zinc-800 disabled:to-zinc-800 disabled:text-zinc-500 text-zinc-950 font-bold tracking-wide rounded-xl text-base sm:text-lg cursor-pointer disabled:cursor-not-allowed transition-all shadow-[0_0_20px_rgba(212,175,55,0.2)] hover:shadow-[0_0_30px_rgba(212,175,55,0.4)]"[39m
                [33mtype[39m=[32m"submit"[39m
              [36m>[39m
                [0mGeneruj kod QR[0m
              [36m</button>[39m
            [36m</form>[39m
            [36m<canvas[39m
              [33mclass[39m=[32m"hidden"[39m
            [36m/>[39m
          [36m</div>[39m
          [36m<div[39m
            [33mclass[39m=[32m"text-zinc-500 text-xs mt-10 space-y-2 text-center lg:text-left"[39m
          [36m>[39m
            [36m<p>[39m
              [0mKody generowane bezpiecznie, lokalnie w Twojej przeglądarce.[0m
            [36m</p>[39m
            [36m<p[39m
              [33mclass[39m=[32m"flex flex-col sm:flex-row items-center lg:items-start justify-center lg:justify-start gap-1 sm:gap-2"[39m
            [36m>[39m
              [36m<span>[39m
                [0mStworzone przez [0m
                [36m<span[39m
                  [33mclass[39m=[32m"text-zinc-400 font-medium"[39m
                [36m>[39m
                  [0mKrzysztof Brzezina[0m
                [36m</span>[39m
              [36m</span>[39m
              [36m<span[39m
                [33mclass[39m=[32m"hidden sm:inline text-zinc-700"[39m
              [36m>[39m
                [0m|[0m
              [36m</span>[39m
              [36m<a[39m
                [33mclass[39m=[32m"text-gold-500 hover:text-gold-400 font-medium transition-colors"[39m
                [33mhref[39m=[32m"https://wa.me/48517466553"[39m
                [33mrel[39m=[32m"noopener noreferrer"[39m
                [33mtarget[39m=[32m"_blank"[39m
              [36m>[39m
                [0mWhatsApp 517 466 553[0m
              [36m</a>[39m
              [36m<span[39m
                [33mclass[39m=[32m"hidden sm:inline text-zinc-700"[39m
              [36m>[39m
                [0m|[0m
              [36m</span>[39m
              [36m<a[39m
                [33mclass[39m=[32m"text-gold-500 hover:text-gold-400 font-medium transition-colors"[39m
                [33mhref[39m=[32m"mailto:krzysztof.brzezina@gmail.com"[39m
              [36m>[39m
                [0mkrzysztof.brzezina@gmail.com[0m
              [36m</a>[39m
            [36m</p>[39m
            [36m<p[39m
              [33mclass[39m=[32m"space-x-2 pt-2"[39m
            [36m>[39m
              [36m<a[39m
                [33mclass[39m=[32m"text-zinc-500 hover:text-zinc-300 transition-colors"[39m
                [33mhref[39m=[32m"/regulamin"[39m
              [36m>[39m
                [0mRegulamin i polityka[0m
              [36m</a>[39m
              [36m<span[39m
                [33mclass[39m=[32m"text-zinc-700"[39m
              [36m>[39m
                [0m|[0m
              [36m</span>[39m
              [36m<button[39m
                [33mclass[39m=[32m"text-zinc-500 hover:text-zinc-300 transition-colors cursor-pointer"[39m
              [36m>[39m
                [0mUstawienia cookies[0m
              [36m</button>[39m
            [36m</p>[39m
          [36m</div>[39m
        [36m</div>[39m
        [36m<div[39m
          [33mclass[39m=[32m"flex-1 lg:max-w-[45rem] mt-8 lg:mt-0 flex flex-col justify-center"[39m
        [36m>[39m
          [36m<div[39m
            [33mclass[39m=[32m"sticky top-12 lg:top-24 w-full h-full min-h-[500px] flex items-center justify-center bg-zinc-950/40 rounded-[2.5rem] border border-white/5 relative overflow-hidden backdrop-blur-2xl"[39m
          [36m>[39m
            [36m<div[39m
              [33mclass[39m=[32m"absolute inset-0 bg-gradient-to-br from-gold-500/5 to-transparent pointer-events-none"[39m
            [36m/>[39m
            [36m<div[39m
              [33mclass[39m=[32m"z-10 flex flex-col items-center gap-8 p-6 w-full max-w-md animate-in fade-in zoom-in duration-500"[39m
            [36m>[39m
              [36m<div[39m
                [33mclass[39m=[32m"relative group perspective-1000"[39m
              [36m>[39m
                [36m<div[39m
                  [33mclass[39m=[32m"absolute -inset-1 bg-gradient-to-r from-gold-600 to-gold-400 rounded-[2rem] blur-xl opacity-20 group-hover:opacity-40 transition duration-1000 group-hover:duration-200"[39m
                [36m/>[39m
                [36m<div[39m
                  [33mclass[39m=[32m"relative bg-white p-6 rounded-3xl shadow-2xl transition-transform duration-500 transform group-hover:scale-[1.02]"[39m
                [36m>[39m
                  [36m<img[39m
                    [33malt[39m=[32m"Twój Luksusowy Kod QR"[39m
                    [33mclass[39m=[32m"w-56 h-56 sm:w-72 sm:h-72 object-contain"[39m
                    [33mdata-nimg[39m=[32m"1"[39m
                    [33mdecoding[39m=[32m"async"[39m
                    [33mheight[39m=[32m"320"[39m
                    [33msrc[39m=[32m"data:image/png;base64,mockdata"[39m
                    [33mstyle[39m=[32m"color: transparent;"[39m
                    [33mwidth[39m=[32m"320"[39m
                  [36m/>[39m
                [36m</div>[39m
              [36m</div>[39m
              [36m<div[39m
                [33mclass[39m=[32m"flex flex-wrap gap-3 justify-center w-full"[39m
              [36m>[39m
                [36m<button[39m
                  [33mclass[39m=[32m"flex items-center gap-2 px-5 py-3 rounded-2xl transition-all cursor-pointer font-medium bg-zinc-800 hover:bg-zinc-700 active:bg-zinc-600 text-zinc-200 border border-white/10 hover:border-white/20 shadow-lg"[39m
                  [33mtitle[39m=[32m"Kopiuj do schowka"[39m
                [36m>[39m
                  [36m<svg[39m
                    [33mfill[39m=[32m"none"[39m
                    [33mheight[39m=[32m"20"[39m
                    [33mstroke[39m=[32m"currentColor"[39m
                    [33mstroke-linecap[39m=[32m"round"[39m
                    [33mstroke-linejoin[39m=[32m"round"[39m
                    [33mstroke-width[39m=[32m"2"[39m
                    [33mviewBox[39m=[32m"0 0 24 24"[39m
                    [33mwidth[39m=[32m"20"[39m
                    [33mxmlns[39m=[32m"http://www.w3.org/2000/svg"[39m
                  [36m>[39m
                    [36m<rect[39m
                      [33mheight[39m=[32m"14"[39m
                      [33mrx[39m=[32m"2"[39m
                      [33mwidth[39m=[32m"14"[39m
                      [33mx[39m=[32m"8"[39m
                      [33my[39m=[32m"8"[39m
                    [36m/>[39m
                    [36m<path[39m
                      [33md[39m=[32m"M4 16c-1.1 0-2-.9-2-2V4c0-1.1.9-2 2-2h10c1.1 0 2 .9 2 2"[39m
                    [36m/>[39m
                  [36m</svg>[39m
                  [36m<span>[39m
                    [0mSkopiuj[0m
                  [36m</span>[39m
                [36m</button>[39m
                [36m<div[39m
                  [33mclass[39m=[32m"flex gap-2"[39m
                [36m>[39m
                  [36m<button[39m
                    [33mclass[39m=[32m"flex items-center gap-2 px-5 py-3 rounded-2xl bg-zinc-800 hover:bg-zinc-700 active:bg-zinc-600 text-zinc-200 border border-white/10 hover:border-white/20 transition-all shadow-lg cursor-pointer font-medium"[39m
                    [33mtitle[39m=[32m"Pobierz wysokiej jakości PNG"[39m
                  [36m>[39m
                    [36m<span>[39m
                      [0mPNG[0m
                    [36m</span>[39m
                    [36m<svg[39m
                      [33mclass[39m=[32m"text-zinc-400"[39m
                      [33mfill[39m=[32m"none"[39m
                      [33mheight[39m=[32m"18"[39m
                      [33mstroke[39m=[32m"currentColor"[39m
                      [33mstroke-linecap[39m=[32m"round"[39m
                      [33mstroke-linejoin[39m=[32m"round"[39m
                      [33mstroke-width[39m=[32m"2"[39m
                      [33mviewBox[39m=[32m"0 0 24 24"[39m
                      [33mwidth[39m=[32m"18"[39m
                      [33mxmlns[39m=[32m"http://www.w3.org/2000/svg"[39m
                    [36m>[39m
                      [36m<rect[39m
                        [33mheight[39m=[32m"18"[39m
                        [33mrx[39m=[32m"2"[39m
                        [33mwidth[39m=[32m"18"[39m
                        [33mx[39m=[32m"3"[39m
                        [33my[39m=[32m"3"[39m
                      [36m/>[39m
                      [36m<circle[39m
                        [33mcx[39m=[32m"9"[39m
                        [33mcy[39m=[32m"9"[39m
                        [33mr[39m=[32m"2"[39m
                      [36m/>[39m
                      [36m<path[39m
                        [33md[39m=[32m"m21 15-3.086-3.086a2 2 0 0 0-2.828 0L6 21"[39m
                      [36m/>[39m
                    [36m</svg>[39m
                  [36m</button>[39m
                  [36m<button[39m
                    [33mclass[39m=[32m"flex items-center gap-2 px-5 py-3 rounded-2xl bg-zinc-800 hover:bg-zinc-700 active:bg-zinc-600 text-zinc-200 border border-white/10 hover:border-white/20 transition-all shadow-lg cursor-pointer font-medium"[39m
                    [33mtitle[39m=[32m"Pobierz wektorowy SVG"[39m
                  [36m>[39m
                    [36m<span>[39m
                      [0mSVG[0m
                    [36m</span>[39m
                    [36m<svg[39m
                      [33mclass[39m=[32m"text-zinc-400"[39m
                      [33mfill[39m=[32m"none"[39m
                      [33mheight[39m=[32m"18"[39m
                      [33mstroke[39m=[32m"currentColor"[39m
                      [33mstroke-linecap[39m=[32m"round"[39m
                      [33mstroke-linejoin[39m=[32m"round"[39m
                      [33mstroke-width[39m=[32m"2"[39m
                      [33mviewBox[39m=[32m"0 0 24 24"[39m
                      [33mwidth[39m=[32m"18"[39m
                      [33mxmlns[39m=[32m"http://www.w3.org/2000/svg"[39m
                    [36m>[39m
                      [36m<path[39m
                        [33md[39m=[32m"M21 15v4a2 2 0 0 1-2 2H5a2 2 0 0 1-2-2v-4"[39m
                      [36m/>[39m
                      [36m<polyline[39m
                        [33mpoints[39m=[32m"7 10 12 15 17 10"[39m
                      [36m/>[39m
                      [36m<line[39m
                        [33mx1[39m=[32m"12"[39m
                        [33mx2[39m=[32m"12"[39m
                        [33my1[39m=[32m"15"[39m
                        [33my2[39m=[32m"3"[39m
                      [36m/>[39m
                    [36m</svg>[39m
                  [36m</button>[39m
                [36m</div>[39m
              [36m</div>[39m
            [36m</div>[39m
          [36m</div>[39m
        [36m</div>[39m
      [36m</div>[39m
    [36m</main>[39m
  [36m</div>[39m
[36m</body>[39m

Ignored nodes: comments, script, style
[36m<html>[39m
  [36m<head />[39m
  [36m<body>[39m
    [36m<div>[39m
      [36m<main[39m
        [33mclass[39m=[32m"min-h-screen bg-zinc-950 text-white p-4 sm:p-8 lg:p-12"[39m
      [36m>[39m
        [36m<div[39m
          [33mclass[39m=[32m"max-w-7xl mx-auto flex flex-col lg:flex-row gap-8 lg:gap-16"[39m
        [36m>[39m
          [36m<div[39m
            [33mclass[39m=[32m"flex-1 lg:max-w-[42rem] flex flex-col pt-4 lg:pt-12"[39m
          [36m>[39m
            [36m<div[39m
              [33mclass[39m=[32m"mb-10 text-center lg:text-left"[39m
            [36m>[39m
              [36m<h1[39m
                [33mclass[39m=[32m"text-4xl sm:text-5xl lg:text-6xl font-extrabold text-transparent bg-clip-text bg-gradient-to-r from-gold-400 via-gold-500 to-gold-600 mb-4 tracking-tight"[39m
              [36m>[39m
                [0mGenerator QR[0m
              [36m</h1>[39m
              [36m<p[39m
                [33mclass[39m=[32m"text-zinc-400 text-base sm:text-lg max-w-xl mx-auto lg:mx-0"[39m
              [36m>[39m
                [0mTransformuj linki w eleganckie, luksusowe kody QR perfekcyjnej jakości. Ekskluzywne i darmowe narzędzie.[0m
              [36m</p>[39m
            [36m</div>[39m
            [36m<div[39m
              [33mclass[39m=[32m"bg-zinc-900/40 backdrop-blur-xl rounded-3xl shadow-2xl shadow-black border border-white/5 p-6 sm:p-8 relative overflow-hidden"[39m
            [36m>[39m
              [36m<div[39m
                [33mclass[39m=[32m"absolute top-0 right-0 -mr-20 -mt-20 w-64 h-64 rounded-full bg-gold-500/5 blur-3xl pointer-events-none"[39m
              [36m/>[39m
              [36m<div[39m
                [33mclass[39m=[32m"flex mb-6 rounded-2xl bg-zinc-950/50 p-1.5 border border-white/5 relative z-10"[39m
                [33mrole[39m=[32m"tablist"[39m
              [36m>[39m
                [36m<button[39m
                  [33maria-selected[39m=[32m"true"[39m
                  [33mclass[39m=[32m"flex-1 py-3 px-4 rounded-xl text-sm font-semibold transition-all cursor-pointer bg-zinc-800 text-gold-400 shadow-lg ring-1 ring-white/10"[39m
                  [33mrole[39m=[32m"tab"[39m
                [36m>[39m
                  [0mPodstawowy[0m
                [36m</button>[39m
                [36m<button[39m
                  [33maria-selected[39m=[32m"false"[39m
                  [33mclass[39m=[32m"flex-1 py-3 px-4 rounded-xl text-sm font-semibold transition-all cursor-pointer text-zinc-500 hover:text-zinc-300 hover:bg-zinc-800/30"[39m
                  [33mrole[39m=[32m"tab"[39m
                [36m>[39m
                  [0mZ logotypem[0m
                [36m</button>[39m
              [36m</div>[39m
              [36m<form[39m
                [33mclass[39m=[32m"flex flex-col gap-4"[39m
                [33mnovalidate[39m=[32m""[39m
              [36m>[39m
                [36m<label[39m
                  [33mclass[39m=[32m"px-1 text-sm font-medium text-zinc-300"[39m
                  [33mfor[39m=[32m"qr-url"[39m
                [36m>[39m
                  [0mLink do zakodowania[0m
                [36m</label>[39m
                [36m<input[39m
                  [33maria-invalid[39m=[32m"false"[39m
                  [33mautocomplete[39m=[32m"url"[39m
                  [33mclass[39m=[32m"w-full px-4 py-3 rounded-xl border border-white/10 bg-zinc-950/50 text-white placeholder:text-zinc-500 focus:outline-none focus:ring-2 focus:ring-gold-500/50 focus:border-gold-500 transition-all text-sm sm:text-base"[39m
                  [33mid[39m=[32m"qr-url"[39m
                  [33mplaceholder[39m=[32m"https://example.com"[39m
                  [33mtype[39m=[32m"url"[39m
                  [33mvalue[39m=[32m"https://example.com"[39m
                [36m/>[39m
                [36m<button[39m
                  [33mclass[39m=[32m"w-full mt-4 py-4 px-6 bg-gradient-to-r from-gold-600 via-gold-500 to-gold-400 hover:from-gold-500 hover:via-gold-400 hover:to-gold-300 active:from-gold-700 active:to-gold-600 disabled:from-zinc-800 disabled:to-zinc-800 disabled:text-zinc-500 text-zinc-950 font-bold tracking-wide rounded-xl text-base sm:text-lg cursor-pointer disabled:cursor-not-allowed transition-all shadow-[0_0_20px_rgba(212,175,55,0.2)] hover:shadow-[0_0_30px_rgba(212,175,55,0.4)]"[39m
                  [33mtype[39m=[32m"submit"[39m
                [36m>[39m
                  [0mGeneruj kod QR[0m
                [36m</button>[39m
              [36m</form>[39m
              [36m<canvas[39m
                [33mclass[39m=[32m"hidden"[39m
              [36m/>[39m
            [36m</div>[39m
            [36m<div[39m
              [33mclass[39m=[32m"text-zinc-500 text-xs mt-10 space-y-2 text-center lg:text-left"[39m
            [36m>[39m
              [36m<p>[39m
                [0mKody generowane bezpiecznie, lokalnie w Twojej przeglądarce.[0m
              [36m</p>[39m
              [36m<p[39m
                [33mclass[39m=[32m"flex flex-col sm:flex-row items-center lg:items-start justify-center lg:justify-start gap-1 sm:gap-2"[39m
              [36m>[39m
                [36m<span>[39m
                  [0mStworzone przez [0m
                  [36m<span[39m
                    [33mclass[39m=[32m"text-zinc-400 font-medium"[39m
                  [36m>[39m
                    [0mKrzysztof Brzezina[0m
                  [36m</span>[39m
                [36m</span>[39m
                [36m<span[39m
                  [33mclass[39m=[32m"hidden sm:inline text-zinc-700"[39m
                [36m>[39m
                  [0m|[0m
                [36m</span>[39m
                [36m<a[39m
                  [33mclass[39m=[32m"text-gold-500 hover:text-gold-400 font-medium transition-colors"[39m
                  [33mhref[39m=[32m"https://wa.me/48517466553"[39m
                  [33mrel[39m=[32m"noopener noreferrer"[39m
                  [33mtarget[39m=[32m"_blank"[39m
                [36m>[39m
                  [0mWhatsApp 517 466 553[0m
                [36m</a>[39m
                [36m<span[39m
                  [33mclass[39m=[32m"hidden sm:inline text-zinc-700"[39m
                [36m>[39m
                  [0m|[0m
                [36m</span>[39m
                [36m<a[39m
                  [33mclass[39m=[32m"text-gold-500 hover:text-gold-400 font-medium transition-colors"[39m
                  [33mhref[39m=[32m"mailto:krzysztof.brzezina@gmail.com"[39m
                [36m>[39m
                  [0mkrzysztof.brzezina@gmail.com[0m
                [36m</a>[39m
              [36m</p>[39m
              [36m<p[39m
                [33mclass[39m=[32m"space-x-2 pt-2"[39m
              [36m>[39m
                [36m<a[39m
                  [33mclass[39m=[32m"text-zinc-500 hover:text-zinc-300 transition-colors"[39m
                  [33mhref[39m=[32m"/regulamin"[39m
                [36m>[39m
                  [0mRegulamin i polityka[0m
                [36m</a>[39m
                [36m<span[39m
                  [33mclass[39m=[32m"text-zinc-700"[39m
                [36m>[39m
                  [0m|[0m
                [36m</span>[39m
                [36m<button[39m
                  [33mclass[39m=[32m"text-zinc-500 hover:text-zinc-300 transition-colors cursor-pointer"[39m
                [36m>[39m
                  [0mUstawienia cookies[0m
                [36m</button>[39m
              [36m</p>[39m
            [36m</div>[39m
          [36m</div>[39m
          [36m<div[39m
            [33mclass[39m=[32m"flex-1 lg:max-w-[45rem] mt-8 lg:mt-0 flex flex-col justify-center"[39m
          [36m>[39m
            [36m<div[39m
              [33mclass[39m=[32m"sticky top-12 lg:top-24 w-full h-full min-h-[500px] flex items-center justify-center bg-zinc-950/40 rounded-[2.5rem] border border-white/5 relative overflow-hidden backdrop-blur-2xl"[39m
            [36m>[39m
              [36m<div[39m
                [33mclass[39m=[32m"absolute inset-0 bg-gradient-to-br from-gold-500/5 to-transparent pointer-events-none"[39m
              [36m/>[39m
              [36m<div[39m
                [33mclass[39m=[32m"z-10 flex flex-col items-center gap-8 p-6 w-full max-w-md animate-in fade-in zoom-in duration-500"[39m
              [36m>[39m
                [36m<div[39m
                  [33mclass[39m=[32m"relative group perspective-1000"[39m
                [36m>[39m
                  [36m<div[39m
                    [33mclass[39m=[32m"absolute -inset-1 bg-gradient-to-r from-gold-600 to-gold-400 rounded-[2rem] blur-xl opacity-20 group-hover:opacity-40 transition duration-1000 group-hover:duration-200"[39m
                  [36m/>[39m
                  [36m<div[39m
                    [33mclass[39m=[32m"relative bg-white p-6 rounded-3xl shadow-2xl transition-transform duration-500 transform group-hover:scale-[1.02]"[39m
                  [36m>[39m
                    [36m<img[39m
                      [33malt[39m=[32m"Twój Luksusowy Kod QR"[39m
                      [33mclass[39m=[32m"w-56 h-56 sm:w-72 sm:h-72 object-contain"[39m
                      [33mdata-nimg[39m=[32m"1"[39m
                      [33mdecoding[39m=[32m"async"[39m
                      [33mheight[39m=[32m"320"[39m
                      [33msrc[39m=[32m"data:image/png;base64,mockdata"[39m
                      [33mstyle[39m=[32m"color: transparent;"[39m
                      [33mwidth[39m=[32m"320"[39m
                    [36m/>[39m
                  [36m</div>[39m
                [36m</div>[39m
                [36m<div[39m
                  [33mclass[39m=[32m"flex flex-wrap gap-3 justify-center w-full"[39m
                [36m>[39m
                  [36m<button[39m
                    [33mclass[39m=[32m"flex items-center gap-2 px-5 py-3 rounded-2xl transition-all cursor-pointer font-medium bg-zinc-800 hover:bg-zinc-700 active:bg-zinc-600 text-zinc-200 border border-white/10 hover:border-white/20 shadow-lg"[39m
                    [33mtitle[39m=[32m"Kopiuj do schowka"[39m
                  [36m>[39m
                    [36m<svg[39m
                      [33mfill[39m=[32m"none"[39m
                      [33mheight[39m=[32m"20"[39m
                      [33mstroke[39m=[32m"currentColor"[39m
                      [33mstroke-linecap[39m=[32m"round"[39m
                      [33mstroke-linejoin[39m=[32m"round"[39m
                      [33mstroke-width[39m=[32m"2"[39m
                      [33mviewBox[39m=[32m"0 0 24 24"[39m
                      [33mwidth[39m=[32m"20"[39m
                      [33mxmlns[39m=[32m"http://www.w3.org/2000/svg"[39m
                    [36m>[39m
                      [36m<rect[39m
                        [33mheight[39m=[32m"14"[39m
                        [33mrx[39m=[32m"2"[39m
                        [33mwidth[39m=[32m"14"[39m
                        [33mx[39m=[32m"8"[39m
                        [33my[39m=[32m"8"[39m
                      [36m/>[39m
                      [36m<path[39m
                        [33md[39m=[32m"M4 16c-1.1 0-2-.9-2-2V4c0-1.1.9-2 2-2h10c1.1 0 2 .9 2 2"[39m
                      [36m/>[39m
                    [36m</svg>[39m
                    [36m<span>[39m
                      [0mSkopiuj[0m
                    [36m</span>[39m
                  [36m</button>[39m
                  [36m<div[39m
                    [33mclass[39m=[32m"flex gap-2"[39m
                  [36m>[39m
                    [36m<button[39m
                      [33mclass[39m=[32m"flex items-center gap-2 px-5 py-3 rounded-2xl bg-zinc-800 hover:bg-zinc-700 active:bg-zinc-600 text-zinc-200 border border-white/10 hover:border-white/20 transition-all shadow-lg cursor-pointer font-medium"[39m
                      [33mtitle[39m=[32m"Pobierz wysokiej jakości PNG"[39m
                    [36m>[39m
                      [36m<span>[39m
                        [0mPNG[0m
                      [36m</span>[39m
                      [36m<svg[39m
                        [33mclass[39m=[32m"text-zinc-400"[39m
                        [33mfill[39m=[32m"none"[39m
                        [33mheight[39m=[32m"18"[39m
                        [33mstroke[39m=[32m"currentColor"[39m
                        [33mstroke-linecap[39m=[32m"round"[39m
                        [33mstroke-linejoin[39m=[32m"round"[39m
                        [33mstroke-width[39m=[32m"2"[39m
                        [33mviewBox[39m=[32m"0 0 24 24"[39m
                        [33mwidth[39m=[32m"18"[39m
                        [33mxmlns[39m=[32m"http://www.w3.org/2000/svg"[39m
                      [36m>[39m
                        [36m<rect[39m
                          [33mheight[39m=[32m"18"[39m
                          [33mrx[39m=[32m"2"[39m
                          [33mwidth[39m=[32m"18"[39m
                          [33mx[39m=[32m"3"[39m
                          [33my[39m=[32m"3"[39m
                        [36m/>[39m
                        [36m<circle[39m
                          [33mcx[39m=[32m"9"[39m
                          [33mcy[39m=[32m"9"[39m
                          [33mr[39m=[32m"2"[39m
                        [36m/>[39m
                        [36m<path[39m
                          [33md[39m=[32m"m21 15-3.086-3.086a2 2 0 0 0-2.828 0L6 21"[39m
                        [36m/>[39m
                      [36m</svg>[39m
                    [36m</button>[39m
                    [36m<button[39m
                      [33mclass[39m=[32m"flex items-center gap-2 px-5 py-3 rounded-2xl bg-zinc-800 hover:bg-zinc-700 active:bg-zinc-600 text-zinc-200 border border-white/10 hover:border-white/20 transition-all shadow-lg cursor-pointer font-medium"[39m
                      [33mtitle[39m=[32m"Pobierz wektorowy SVG"[39m
                    [36m>[39m
                      [36m<span>[39m
                        [0mSVG[0m
                      [36m</span>[39m
                      [36m<svg[39m
                        [33mclass[39m=[32m"text-zinc-400"[39m
                        [33mfill[39m=[32m"none"[39m
                        [33mheight[39m=[32m"18"[39m
                        [33mstroke[39m=[32m"currentColor"[39m
                        [33mstroke-linecap[39m=[32m"round"[39m
                        [33mstroke-linejoin[39m=[32m"round"[39m
                        [33mstroke-width[39m=[32m"2"[39m
                        [33mviewBox[39m=[32m"0 0 24 24"[39m
                        [33mwidth[39m=[32m"18"[39m
                        [33mxmlns[39m=[32m"http://www.w3.org/2000/svg"[39m
                      [36m>[39m
                        [36m<path[39m
                          [33md[39m=[32m"M21 15v4a2 2 0 0 1-2 2H5a2 2 0 0 1-2-2v-4"[39m
                        [36m/>[39m
                        [36m<polyline[39m
                          [33mpoints[39m=[32m"7 10 12 15 17 10"[39m
                        [36m/>[39m
                        [36m<line[39m
                          [33mx1[39m=[32m"12"[39m
                          [33mx2[39m=[32m"12"[39m
                          [33my1[39m=[32m"15"[39m
                          [33my2[39m=[32m"3"[39m
                        [36m/>[39m
                      [36m</svg>[39m
                    [36m</button>[39m
                  [36m</div>[39m
                [36m</div>[39m
              [36m</div>[39m
            [36m</div>[39m
          [36m</div>[39m
        [36m</div>[39m
      [36m</main>[39m
    [36m</div>[39m
  [36m</body>[39m
[36m</html>[39m
[90m [2m❯[22m Proxy.waitForWrapper node_modules/@testing-library/dom/dist/wait-for.js:[2m163:27[22m[39m
[36m [2m❯[22m src/app/page.test.tsx:[2m645:11[22m[39m
    [90m643| [39m    [35mawait[39m user[33m.[39m[34mclick[39m([34mgetGenerateButton[39m())[33m;[39m
    [90m644| [39m
    [90m645| [39m    [35mawait[39m [34mwaitFor[39m(() [33m=>[39m {
    [90m   | [39m          [31m^[39m
    [90m646| [39m      [34mexpect[39m(screen[33m.[39m[34mgetByAltText[39m([32m"Kod QR"[39m))[33m.[39m[34mtoBeInTheDocument[39m()[33m;[39m
    [90m647| [39m    })[33m;[39m

[31m[2m⎯⎯⎯⎯⎯⎯⎯⎯⎯⎯⎯⎯⎯⎯⎯⎯⎯⎯⎯⎯⎯⎯⎯[8/10]⎯[22m[39m

[41m[1m FAIL [22m[49m src/app/page.test.tsx[2m > [22mHome komponent[2m > [22mpobiera QR jako SVG po kliknieciu ikony SVG
[31m[1mTestingLibraryElementError[22m[39m: Unable to find an element with the alt text: Kod QR

Ignored nodes: comments, script, style
[36m<body>[39m
  [36m<div>[39m
    [36m<main[39m
      [33mclass[39m=[32m"min-h-screen bg-zinc-950 text-white p-4 sm:p-8 lg:p-12"[39m
    [36m>[39m
      [36m<div[39m
        [33mclass[39m=[32m"max-w-7xl mx-auto flex flex-col lg:flex-row gap-8 lg:gap-16"[39m
      [36m>[39m
        [36m<div[39m
          [33mclass[39m=[32m"flex-1 lg:max-w-[42rem] flex flex-col pt-4 lg:pt-12"[39m
        [36m>[39m
          [36m<div[39m
            [33mclass[39m=[32m"mb-10 text-center lg:text-left"[39m
          [36m>[39m
            [36m<h1[39m
              [33mclass[39m=[32m"text-4xl sm:text-5xl lg:text-6xl font-extrabold text-transparent bg-clip-text bg-gradient-to-r from-gold-400 via-gold-500 to-gold-600 mb-4 tracking-tight"[39m
            [36m>[39m
              [0mGenerator QR[0m
            [36m</h1>[39m
            [36m<p[39m
              [33mclass[39m=[32m"text-zinc-400 text-base sm:text-lg max-w-xl mx-auto lg:mx-0"[39m
            [36m>[39m
              [0mTransformuj linki w eleganckie, luksusowe kody QR perfekcyjnej jakości. Ekskluzywne i darmowe narzędzie.[0m
            [36m</p>[39m
          [36m</div>[39m
          [36m<div[39m
            [33mclass[39m=[32m"bg-zinc-900/40 backdrop-blur-xl rounded-3xl shadow-2xl shadow-black border border-white/5 p-6 sm:p-8 relative overflow-hidden"[39m
          [36m>[39m
            [36m<div[39m
              [33mclass[39m=[32m"absolute top-0 right-0 -mr-20 -mt-20 w-64 h-64 rounded-full bg-gold-500/5 blur-3xl pointer-events-none"[39m
            [36m/>[39m
            [36m<div[39m
              [33mclass[39m=[32m"flex mb-6 rounded-2xl bg-zinc-950/50 p-1.5 border border-white/5 relative z-10"[39m
              [33mrole[39m=[32m"tablist"[39m
            [36m>[39m
              [36m<button[39m
                [33maria-selected[39m=[32m"true"[39m
                [33mclass[39m=[32m"flex-1 py-3 px-4 rounded-xl text-sm font-semibold transition-all cursor-pointer bg-zinc-800 text-gold-400 shadow-lg ring-1 ring-white/10"[39m
                [33mrole[39m=[32m"tab"[39m
              [36m>[39m
                [0mPodstawowy[0m
              [36m</button>[39m
              [36m<button[39m
                [33maria-selected[39m=[32m"false"[39m
                [33mclass[39m=[32m"flex-1 py-3 px-4 rounded-xl text-sm font-semibold transition-all cursor-pointer text-zinc-500 hover:text-zinc-300 hover:bg-zinc-800/30"[39m
                [33mrole[39m=[32m"tab"[39m
              [36m>[39m
                [0mZ logotypem[0m
              [36m</button>[39m
            [36m</div>[39m
            [36m<form[39m
              [33mclass[39m=[32m"flex flex-col gap-4"[39m
              [33mnovalidate[39m=[32m""[39m
            [36m>[39m
              [36m<label[39m
                [33mclass[39m=[32m"px-1 text-sm font-medium text-zinc-300"[39m
                [33mfor[39m=[32m"qr-url"[39m
              [36m>[39m
                [0mLink do zakodowania[0m
              [36m</label>[39m
              [36m<input[39m
                [33maria-invalid[39m=[32m"false"[39m
                [33mautocomplete[39m=[32m"url"[39m
                [33mclass[39m=[32m"w-full px-4 py-3 rounded-xl border border-white/10 bg-zinc-950/50 text-white placeholder:text-zinc-500 focus:outline-none focus:ring-2 focus:ring-gold-500/50 focus:border-gold-500 transition-all text-sm sm:text-base"[39m
                [33mid[39m=[32m"qr-url"[39m
                [33mplaceholder[39m=[32m"https://example.com"[39m
                [33mtype[39m=[32m"url"[39m
                [33mvalue[39m=[32m"https://example.com"[39m
              [36m/>[39m
              [36m<button[39m
                [33mclass[39m=[32m"w-full mt-4 py-4 px-6 bg-gradient-to-r from-gold-600 via-gold-500 to-gold-400 hover:from-gold-500 hover:via-gold-400 hover:to-gold-300 active:from-gold-700 active:to-gold-600 disabled:from-zinc-800 disabled:to-zinc-800 disabled:text-zinc-500 text-zinc-950 font-bold tracking-wide rounded-xl text-base sm:text-lg cursor-pointer disabled:cursor-not-allowed transition-all shadow-[0_0_20px_rgba(212,175,55,0.2)] hover:shadow-[0_0_30px_rgba(212,175,55,0.4)]"[39m
                [33mtype[39m=[32m"submit"[39m
              [36m>[39m
                [0mGeneruj kod QR[0m
              [36m</button>[39m
            [36m</form>[39m
            [36m<canvas[39m
              [33mclass[39m=[32m"hidden"[39m
            [36m/>[39m
          [36m</div>[39m
          [36m<div[39m
            [33mclass[39m=[32m"text-zinc-500 text-xs mt-10 space-y-2 text-center lg:text-left"[39m
          [36m>[39m
            [36m<p>[39m
              [0mKody generowane bezpiecznie, lokalnie w Twojej przeglądarce.[0m
            [36m</p>[39m
            [36m<p[39m
              [33mclass[39m=[32m"flex flex-col sm:flex-row items-center lg:items-start justify-center lg:justify-start gap-1 sm:gap-2"[39m
            [36m>[39m
              [36m<span>[39m
                [0mStworzone przez [0m
                [36m<span[39m
                  [33mclass[39m=[32m"text-zinc-400 font-medium"[39m
                [36m>[39m
                  [0mKrzysztof Brzezina[0m
                [36m</span>[39m
              [36m</span>[39m
              [36m<span[39m
                [33mclass[39m=[32m"hidden sm:inline text-zinc-700"[39m
              [36m>[39m
                [0m|[0m
              [36m</span>[39m
              [36m<a[39m
                [33mclass[39m=[32m"text-gold-500 hover:text-gold-400 font-medium transition-colors"[39m
                [33mhref[39m=[32m"https://wa.me/48517466553"[39m
                [33mrel[39m=[32m"noopener noreferrer"[39m
                [33mtarget[39m=[32m"_blank"[39m
              [36m>[39m
                [0mWhatsApp 517 466 553[0m
              [36m</a>[39m
              [36m<span[39m
                [33mclass[39m=[32m"hidden sm:inline text-zinc-700"[39m
              [36m>[39m
                [0m|[0m
              [36m</span>[39m
              [36m<a[39m
                [33mclass[39m=[32m"text-gold-500 hover:text-gold-400 font-medium transition-colors"[39m
                [33mhref[39m=[32m"mailto:krzysztof.brzezina@gmail.com"[39m
              [36m>[39m
                [0mkrzysztof.brzezina@gmail.com[0m
              [36m</a>[39m
            [36m</p>[39m
            [36m<p[39m
              [33mclass[39m=[32m"space-x-2 pt-2"[39m
            [36m>[39m
              [36m<a[39m
                [33mclass[39m=[32m"text-zinc-500 hover:text-zinc-300 transition-colors"[39m
                [33mhref[39m=[32m"/regulamin"[39m
              [36m>[39m
                [0mRegulamin i polityka[0m
              [36m</a>[39m
              [36m<span[39m
                [33mclass[39m=[32m"text-zinc-700"[39m
              [36m>[39m
                [0m|[0m
              [36m</span>[39m
              [36m<button[39m
                [33mclass[39m=[32m"text-zinc-500 hover:text-zinc-300 transition-colors cursor-pointer"[39m
              [36m>[39m
                [0mUstawienia cookies[0m
              [36m</button>[39m
            [36m</p>[39m
          [36m</div>[39m
        [36m</div>[39m
        [36m<div[39m
          [33mclass[39m=[32m"flex-1 lg:max-w-[45rem] mt-8 lg:mt-0 flex flex-col justify-center"[39m
        [36m>[39m
          [36m<div[39m
            [33mclass[39m=[32m"sticky top-12 lg:top-24 w-full h-full min-h-[500px] flex items-center justify-center bg-zinc-950/40 rounded-[2.5rem] border border-white/5 relative overflow-hidden backdrop-blur-2xl"[39m
          [36m>[39m
            [36m<div[39m
              [33mclass[39m=[32m"absolute inset-0 bg-gradient-to-br from-gold-500/5 to-transparent pointer-events-none"[39m
            [36m/>[39m
            [36m<div[39m
              [33mclass[39m=[32m"z-10 flex flex-col items-center gap-8 p-6 w-full max-w-md animate-in fade-in zoom-in duration-500"[39m
            [36m>[39m
              [36m<div[39m
                [33mclass[39m=[32m"relative group perspective-1000"[39m
              [36m>[39m
                [36m<div[39m
                  [33mclass[39m=[32m"absolute -inset-1 bg-gradient-to-r from-gold-600 to-gold-400 rounded-[2rem] blur-xl opacity-20 group-hover:opacity-40 transition duration-1000 group-hover:duration-200"[39m
                [36m/>[39m
                [36m<div[39m
                  [33mclass[39m=[32m"relative bg-white p-6 rounded-3xl shadow-2xl transition-transform duration-500 transform group-hover:scale-[1.02]"[39m
                [36m>[39m
                  [36m<img[39m
                    [33malt[39m=[32m"Twój Luksusowy Kod QR"[39m
                    [33mclass[39m=[32m"w-56 h-56 sm:w-72 sm:h-72 object-contain"[39m
                    [33mdata-nimg[39m=[32m"1"[39m
                    [33mdecoding[39m=[32m"async"[39m
                    [33mheight[39m=[32m"320"[39m
                    [33msrc[39m=[32m"data:image/png;base64,mockdata"[39m
                    [33mstyle[39m=[32m"color: transparent;"[39m
                    [33mwidth[39m=[32m"320"[39m
                  [36m/>[39m
                [36m</div>[39m
              [36m</div>[39m
              [36m<div[39m
                [33mclass[39m=[32m"flex flex-wrap gap-3 justify-center w-full"[39m
              [36m>[39m
                [36m<button[39m
                  [33mclass[39m=[32m"flex items-center gap-2 px-5 py-3 rounded-2xl transition-all cursor-pointer font-medium bg-zinc-800 hover:bg-zinc-700 active:bg-zinc-600 text-zinc-200 border border-white/10 hover:border-white/20 shadow-lg"[39m
                  [33mtitle[39m=[32m"Kopiuj do schowka"[39m
                [36m>[39m
                  [36m<svg[39m
                    [33mfill[39m=[32m"none"[39m
                    [33mheight[39m=[32m"20"[39m
                    [33mstroke[39m=[32m"currentColor"[39m
                    [33mstroke-linecap[39m=[32m"round"[39m
                    [33mstroke-linejoin[39m=[32m"round"[39m
                    [33mstroke-width[39m=[32m"2"[39m
                    [33mviewBox[39m=[32m"0 0 24 24"[39m
                    [33mwidth[39m=[32m"20"[39m
                    [33mxmlns[39m=[32m"http://www.w3.org/2000/svg"[39m
                  [36m>[39m
                    [36m<rect[39m
                      [33mheight[39m=[32m"14"[39m
                      [33mrx[39m=[32m"2"[39m
                      [33mwidth[39m=[32m"14"[39m
                      [33mx[39m=[32m"8"[39m
                      [33my[39m=[32m"8"[39m
                    [36m/>[39m
                    [36m<path[39m
                      [33md[39m=[32m"M4 16c-1.1 0-2-.9-2-2V4c0-1.1.9-2 2-2h10c1.1 0 2 .9 2 2"[39m
                    [36m/>[39m
                  [36m</svg>[39m
                  [36m<span>[39m
                    [0mSkopiuj[0m
                  [36m</span>[39m
                [36m</button>[39m
                [36m<div[39m
                  [33mclass[39m=[32m"flex gap-2"[39m
                [36m>[39m
                  [36m<button[39m
                    [33mclass[39m=[32m"flex items-center gap-2 px-5 py-3 rounded-2xl bg-zinc-800 hover:bg-zinc-700 active:bg-zinc-600 text-zinc-200 border border-white/10 hover:border-white/20 transition-all shadow-lg cursor-pointer font-medium"[39m
                    [33mtitle[39m=[32m"Pobierz wysokiej jakości PNG"[39m
                  [36m>[39m
                    [36m<span>[39m
                      [0mPNG[0m
                    [36m</span>[39m
                    [36m<svg[39m
                      [33mclass[39m=[32m"text-zinc-400"[39m
                      [33mfill[39m=[32m"none"[39m
                      [33mheight[39m=[32m"18"[39m
                      [33mstroke[39m=[32m"currentColor"[39m
                      [33mstroke-linecap[39m=[32m"round"[39m
                      [33mstroke-linejoin[39m=[32m"round"[39m
                      [33mstroke-width[39m=[32m"2"[39m
                      [33mviewBox[39m=[32m"0 0 24 24"[39m
                      [33mwidth[39m=[32m"18"[39m
                      [33mxmlns[39m=[32m"http://www.w3.org/2000/svg"[39m
                    [36m>[39m
                      [36m<rect[39m
                        [33mheight[39m=[32m"18"[39m
                        [33mrx[39m=[32m"2"[39m
                        [33mwidth[39m=[32m"18"[39m
                        [33mx[39m=[32m"3"[39m
                        [33my[39m=[32m"3"[39m
                      [36m/>[39m
                      [36m<circle[39m
                        [33mcx[39m=[32m"9"[39m
                        [33mcy[39m=[32m"9"[39m
                        [33mr[39m=[32m"2"[39m
                      [36m/>[39m
                      [36m<path[39m
                        [33md[39m=[32m"m21 15-3.086-3.086a2 2 0 0 0-2.828 0L6 21"[39m
                      [36m/>[39m
                    [36m</svg>[39m
                  [36m</button>[39m
                  [36m<button[39m
                    [33mclass[39m=[32m"flex items-center gap-2 px-5 py-3 rounded-2xl bg-zinc-800 hover:bg-zinc-700 active:bg-zinc-600 text-zinc-200 border border-white/10 hover:border-white/20 transition-all shadow-lg cursor-pointer font-medium"[39m
                    [33mtitle[39m=[32m"Pobierz wektorowy SVG"[39m
                  [36m>[39m
                    [36m<span>[39m
                      [0mSVG[0m
                    [36m</span>[39m
                    [36m<svg[39m
                      [33mclass[39m=[32m"text-zinc-400"[39m
                      [33mfill[39m=[32m"none"[39m
                      [33mheight[39m=[32m"18"[39m
                      [33mstroke[39m=[32m"currentColor"[39m
                      [33mstroke-linecap[39m=[32m"round"[39m
                      [33mstroke-linejoin[39m=[32m"round"[39m
                      [33mstroke-width[39m=[32m"2"[39m
                      [33mviewBox[39m=[32m"0 0 24 24"[39m
                      [33mwidth[39m=[32m"18"[39m
                      [33mxmlns[39m=[32m"http://www.w3.org/2000/svg"[39m
                    [36m>[39m
                      [36m<path[39m
                        [33md[39m=[32m"M21 15v4a2 2 0 0 1-2 2H5a2 2 0 0 1-2-2v-4"[39m
                      [36m/>[39m
                      [36m<polyline[39m
                        [33mpoints[39m=[32m"7 10 12 15 17 10"[39m
                      [36m/>[39m
                      [36m<line[39m
                        [33mx1[39m=[32m"12"[39m
                        [33mx2[39m=[32m"12"[39m
                        [33my1[39m=[32m"15"[39m
                        [33my2[39m=[32m"3"[39m
                      [36m/>[39m
                    [36m</svg>[39m
                  [36m</button>[39m
                [36m</div>[39m
              [36m</div>[39m
            [36m</div>[39m
          [36m</div>[39m
        [36m</div>[39m
      [36m</div>[39m
    [36m</main>[39m
  [36m</div>[39m
[36m</body>[39m

Ignored nodes: comments, script, style
[36m<html>[39m
  [36m<head />[39m
  [36m<body>[39m
    [36m<div>[39m
      [36m<main[39m
        [33mclass[39m=[32m"min-h-screen bg-zinc-950 text-white p-4 sm:p-8 lg:p-12"[39m
      [36m>[39m
        [36m<div[39m
          [33mclass[39m=[32m"max-w-7xl mx-auto flex flex-col lg:flex-row gap-8 lg:gap-16"[39m
        [36m>[39m
          [36m<div[39m
            [33mclass[39m=[32m"flex-1 lg:max-w-[42rem] flex flex-col pt-4 lg:pt-12"[39m
          [36m>[39m
            [36m<div[39m
              [33mclass[39m=[32m"mb-10 text-center lg:text-left"[39m
            [36m>[39m
              [36m<h1[39m
                [33mclass[39m=[32m"text-4xl sm:text-5xl lg:text-6xl font-extrabold text-transparent bg-clip-text bg-gradient-to-r from-gold-400 via-gold-500 to-gold-600 mb-4 tracking-tight"[39m
              [36m>[39m
                [0mGenerator QR[0m
              [36m</h1>[39m
              [36m<p[39m
                [33mclass[39m=[32m"text-zinc-400 text-base sm:text-lg max-w-xl mx-auto lg:mx-0"[39m
              [36m>[39m
                [0mTransformuj linki w eleganckie, luksusowe kody QR perfekcyjnej jakości. Ekskluzywne i darmowe narzędzie.[0m
              [36m</p>[39m
            [36m</div>[39m
            [36m<div[39m
              [33mclass[39m=[32m"bg-zinc-900/40 backdrop-blur-xl rounded-3xl shadow-2xl shadow-black border border-white/5 p-6 sm:p-8 relative overflow-hidden"[39m
            [36m>[39m
              [36m<div[39m
                [33mclass[39m=[32m"absolute top-0 right-0 -mr-20 -mt-20 w-64 h-64 rounded-full bg-gold-500/5 blur-3xl pointer-events-none"[39m
              [36m/>[39m
              [36m<div[39m
                [33mclass[39m=[32m"flex mb-6 rounded-2xl bg-zinc-950/50 p-1.5 border border-white/5 relative z-10"[39m
                [33mrole[39m=[32m"tablist"[39m
              [36m>[39m
                [36m<button[39m
                  [33maria-selected[39m=[32m"true"[39m
                  [33mclass[39m=[32m"flex-1 py-3 px-4 rounded-xl text-sm font-semibold transition-all cursor-pointer bg-zinc-800 text-gold-400 shadow-lg ring-1 ring-white/10"[39m
                  [33mrole[39m=[32m"tab"[39m
                [36m>[39m
                  [0mPodstawowy[0m
                [36m</button>[39m
                [36m<button[39m
                  [33maria-selected[39m=[32m"false"[39m
                  [33mclass[39m=[32m"flex-1 py-3 px-4 rounded-xl text-sm font-semibold transition-all cursor-pointer text-zinc-500 hover:text-zinc-300 hover:bg-zinc-800/30"[39m
                  [33mrole[39m=[32m"tab"[39m
                [36m>[39m
                  [0mZ logotypem[0m
                [36m</button>[39m
              [36m</div>[39m
              [36m<form[39m
                [33mclass[39m=[32m"flex flex-col gap-4"[39m
                [33mnovalidate[39m=[32m""[39m
              [36m>[39m
                [36m<label[39m
                  [33mclass[39m=[32m"px-1 text-sm font-medium text-zinc-300"[39m
                  [33mfor[39m=[32m"qr-url"[39m
                [36m>[39m
                  [0mLink do zakodowania[0m
                [36m</label>[39m
                [36m<input[39m
                  [33maria-invalid[39m=[32m"false"[39m
                  [33mautocomplete[39m=[32m"url"[39m
                  [33mclass[39m=[32m"w-full px-4 py-3 rounded-xl border border-white/10 bg-zinc-950/50 text-white placeholder:text-zinc-500 focus:outline-none focus:ring-2 focus:ring-gold-500/50 focus:border-gold-500 transition-all text-sm sm:text-base"[39m
                  [33mid[39m=[32m"qr-url"[39m
                  [33mplaceholder[39m=[32m"https://example.com"[39m
                  [33mtype[39m=[32m"url"[39m
                  [33mvalue[39m=[32m"https://example.com"[39m
                [36m/>[39m
                [36m<button[39m
                  [33mclass[39m=[32m"w-full mt-4 py-4 px-6 bg-gradient-to-r from-gold-600 via-gold-500 to-gold-400 hover:from-gold-500 hover:via-gold-400 hover:to-gold-300 active:from-gold-700 active:to-gold-600 disabled:from-zinc-800 disabled:to-zinc-800 disabled:text-zinc-500 text-zinc-950 font-bold tracking-wide rounded-xl text-base sm:text-lg cursor-pointer disabled:cursor-not-allowed transition-all shadow-[0_0_20px_rgba(212,175,55,0.2)] hover:shadow-[0_0_30px_rgba(212,175,55,0.4)]"[39m
                  [33mtype[39m=[32m"submit"[39m
                [36m>[39m
                  [0mGeneruj kod QR[0m
                [36m</button>[39m
              [36m</form>[39m
              [36m<canvas[39m
                [33mclass[39m=[32m"hidden"[39m
              [36m/>[39m
            [36m</div>[39m
            [36m<div[39m
              [33mclass[39m=[32m"text-zinc-500 text-xs mt-10 space-y-2 text-center lg:text-left"[39m
            [36m>[39m
              [36m<p>[39m
                [0mKody generowane bezpiecznie, lokalnie w Twojej przeglądarce.[0m
              [36m</p>[39m
              [36m<p[39m
                [33mclass[39m=[32m"flex flex-col sm:flex-row items-center lg:items-start justify-center lg:justify-start gap-1 sm:gap-2"[39m
              [36m>[39m
                [36m<span>[39m
                  [0mStworzone przez [0m
                  [36m<span[39m
                    [33mclass[39m=[32m"text-zinc-400 font-medium"[39m
                  [36m>[39m
                    [0mKrzysztof Brzezina[0m
                  [36m</span>[39m
                [36m</span>[39m
                [36m<span[39m
                  [33mclass[39m=[32m"hidden sm:inline text-zinc-700"[39m
                [36m>[39m
                  [0m|[0m
                [36m</span>[39m
                [36m<a[39m
                  [33mclass[39m=[32m"text-gold-500 hover:text-gold-400 font-medium transition-colors"[39m
                  [33mhref[39m=[32m"https://wa.me/48517466553"[39m
                  [33mrel[39m=[32m"noopener noreferrer"[39m
                  [33mtarget[39m=[32m"_blank"[39m
                [36m>[39m
                  [0mWhatsApp 517 466 553[0m
                [36m</a>[39m
                [36m<span[39m
                  [33mclass[39m=[32m"hidden sm:inline text-zinc-700"[39m
                [36m>[39m
                  [0m|[0m
                [36m</span>[39m
                [36m<a[39m
                  [33mclass[39m=[32m"text-gold-500 hover:text-gold-400 font-medium transition-colors"[39m
                  [33mhref[39m=[32m"mailto:krzysztof.brzezina@gmail.com"[39m
                [36m>[39m
                  [0mkrzysztof.brzezina@gmail.com[0m
                [36m</a>[39m
              [36m</p>[39m
              [36m<p[39m
                [33mclass[39m=[32m"space-x-2 pt-2"[39m
              [36m>[39m
                [36m<a[39m
                  [33mclass[39m=[32m"text-zinc-500 hover:text-zinc-300 transition-colors"[39m
                  [33mhref[39m=[32m"/regulamin"[39m
                [36m>[39m
                  [0mRegulamin i polityka[0m
                [36m</a>[39m
                [36m<span[39m
                  [33mclass[39m=[32m"text-zinc-700"[39m
                [36m>[39m
                  [0m|[0m
                [36m</span>[39m
                [36m<button[39m
                  [33mclass[39m=[32m"text-zinc-500 hover:text-zinc-300 transition-colors cursor-pointer"[39m
                [36m>[39m
                  [0mUstawienia cookies[0m
                [36m</button>[39m
              [36m</p>[39m
            [36m</div>[39m
          [36m</div>[39m
          [36m<div[39m
            [33mclass[39m=[32m"flex-1 lg:max-w-[45rem] mt-8 lg:mt-0 flex flex-col justify-center"[39m
          [36m>[39m
            [36m<div[39m
              [33mclass[39m=[32m"sticky top-12 lg:top-24 w-full h-full min-h-[500px] flex items-center justify-center bg-zinc-950/40 rounded-[2.5rem] border border-white/5 relative overflow-hidden backdrop-blur-2xl"[39m
            [36m>[39m
              [36m<div[39m
                [33mclass[39m=[32m"absolute inset-0 bg-gradient-to-br from-gold-500/5 to-transparent pointer-events-none"[39m
              [36m/>[39m
              [36m<div[39m
                [33mclass[39m=[32m"z-10 flex flex-col items-center gap-8 p-6 w-full max-w-md animate-in fade-in zoom-in duration-500"[39m
              [36m>[39m
                [36m<div[39m
                  [33mclass[39m=[32m"relative group perspective-1000"[39m
                [36m>[39m
                  [36m<div[39m
                    [33mclass[39m=[32m"absolute -inset-1 bg-gradient-to-r from-gold-600 to-gold-400 rounded-[2rem] blur-xl opacity-20 group-hover:opacity-40 transition duration-1000 group-hover:duration-200"[39m
                  [36m/>[39m
                  [36m<div[39m
                    [33mclass[39m=[32m"relative bg-white p-6 rounded-3xl shadow-2xl transition-transform duration-500 transform group-hover:scale-[1.02]"[39m
                  [36m>[39m
                    [36m<img[39m
                      [33malt[39m=[32m"Twój Luksusowy Kod QR"[39m
                      [33mclass[39m=[32m"w-56 h-56 sm:w-72 sm:h-72 object-contain"[39m
                      [33mdata-nimg[39m=[32m"1"[39m
                      [33mdecoding[39m=[32m"async"[39m
                      [33mheight[39m=[32m"320"[39m
                      [33msrc[39m=[32m"data:image/png;base64,mockdata"[39m
                      [33mstyle[39m=[32m"color: transparent;"[39m
                      [33mwidth[39m=[32m"320"[39m
                    [36m/>[39m
                  [36m</div>[39m
                [36m</div>[39m
                [36m<div[39m
                  [33mclass[39m=[32m"flex flex-wrap gap-3 justify-center w-full"[39m
                [36m>[39m
                  [36m<button[39m
                    [33mclass[39m=[32m"flex items-center gap-2 px-5 py-3 rounded-2xl transition-all cursor-pointer font-medium bg-zinc-800 hover:bg-zinc-700 active:bg-zinc-600 text-zinc-200 border border-white/10 hover:border-white/20 shadow-lg"[39m
                    [33mtitle[39m=[32m"Kopiuj do schowka"[39m
                  [36m>[39m
                    [36m<svg[39m
                      [33mfill[39m=[32m"none"[39m
                      [33mheight[39m=[32m"20"[39m
                      [33mstroke[39m=[32m"currentColor"[39m
                      [33mstroke-linecap[39m=[32m"round"[39m
                      [33mstroke-linejoin[39m=[32m"round"[39m
                      [33mstroke-width[39m=[32m"2"[39m
                      [33mviewBox[39m=[32m"0 0 24 24"[39m
                      [33mwidth[39m=[32m"20"[39m
                      [33mxmlns[39m=[32m"http://www.w3.org/2000/svg"[39m
                    [36m>[39m
                      [36m<rect[39m
                        [33mheight[39m=[32m"14"[39m
                        [33mrx[39m=[32m"2"[39m
                        [33mwidth[39m=[32m"14"[39m
                        [33mx[39m=[32m"8"[39m
                        [33my[39m=[32m"8"[39m
                      [36m/>[39m
                      [36m<path[39m
                        [33md[39m=[32m"M4 16c-1.1 0-2-.9-2-2V4c0-1.1.9-2 2-2h10c1.1 0 2 .9 2 2"[39m
                      [36m/>[39m
                    [36m</svg>[39m
                    [36m<span>[39m
                      [0mSkopiuj[0m
                    [36m</span>[39m
                  [36m</button>[39m
                  [36m<div[39m
                    [33mclass[39m=[32m"flex gap-2"[39m
                  [36m>[39m
                    [36m<button[39m
                      [33mclass[39m=[32m"flex items-center gap-2 px-5 py-3 rounded-2xl bg-zinc-800 hover:bg-zinc-700 active:bg-zinc-600 text-zinc-200 border border-white/10 hover:border-white/20 transition-all shadow-lg cursor-pointer font-medium"[39m
                      [33mtitle[39m=[32m"Pobierz wysokiej jakości PNG"[39m
                    [36m>[39m
                      [36m<span>[39m
                        [0mPNG[0m
                      [36m</span>[39m
                      [36m<svg[39m
                        [33mclass[39m=[32m"text-zinc-400"[39m
                        [33mfill[39m=[32m"none"[39m
                        [33mheight[39m=[32m"18"[39m
                        [33mstroke[39m=[32m"currentColor"[39m
                        [33mstroke-linecap[39m=[32m"round"[39m
                        [33mstroke-linejoin[39m=[32m"round"[39m
                        [33mstroke-width[39m=[32m"2"[39m
                        [33mviewBox[39m=[32m"0 0 24 24"[39m
                        [33mwidth[39m=[32m"18"[39m
                        [33mxmlns[39m=[32m"http://www.w3.org/2000/svg"[39m
                      [36m>[39m
                        [36m<rect[39m
                          [33mheight[39m=[32m"18"[39m
                          [33mrx[39m=[32m"2"[39m
                          [33mwidth[39m=[32m"18"[39m
                          [33mx[39m=[32m"3"[39m
                          [33my[39m=[32m"3"[39m
                        [36m/>[39m
                        [36m<circle[39m
                          [33mcx[39m=[32m"9"[39m
                          [33mcy[39m=[32m"9"[39m
                          [33mr[39m=[32m"2"[39m
                        [36m/>[39m
                        [36m<path[39m
                          [33md[39m=[32m"m21 15-3.086-3.086a2 2 0 0 0-2.828 0L6 21"[39m
                        [36m/>[39m
                      [36m</svg>[39m
                    [36m</button>[39m
                    [36m<button[39m
                      [33mclass[39m=[32m"flex items-center gap-2 px-5 py-3 rounded-2xl bg-zinc-800 hover:bg-zinc-700 active:bg-zinc-600 text-zinc-200 border border-white/10 hover:border-white/20 transition-all shadow-lg cursor-pointer font-medium"[39m
                      [33mtitle[39m=[32m"Pobierz wektorowy SVG"[39m
                    [36m>[39m
                      [36m<span>[39m
                        [0mSVG[0m
                      [36m</span>[39m
                      [36m<svg[39m
                        [33mclass[39m=[32m"text-zinc-400"[39m
                        [33mfill[39m=[32m"none"[39m
                        [33mheight[39m=[32m"18"[39m
                        [33mstroke[39m=[32m"currentColor"[39m
                        [33mstroke-linecap[39m=[32m"round"[39m
                        [33mstroke-linejoin[39m=[32m"round"[39m
                        [33mstroke-width[39m=[32m"2"[39m
                        [33mviewBox[39m=[32m"0 0 24 24"[39m
                        [33mwidth[39m=[32m"18"[39m
                        [33mxmlns[39m=[32m"http://www.w3.org/2000/svg"[39m
                      [36m>[39m
                        [36m<path[39m
                          [33md[39m=[32m"M21 15v4a2 2 0 0 1-2 2H5a2 2 0 0 1-2-2v-4"[39m
                        [36m/>[39m
                        [36m<polyline[39m
                          [33mpoints[39m=[32m"7 10 12 15 17 10"[39m
                        [36m/>[39m
                        [36m<line[39m
                          [33mx1[39m=[32m"12"[39m
                          [33mx2[39m=[32m"12"[39m
                          [33my1[39m=[32m"15"[39m
                          [33my2[39m=[32m"3"[39m
                        [36m/>[39m
                      [36m</svg>[39m
                    [36m</button>[39m
                  [36m</div>[39m
                [36m</div>[39m
              [36m</div>[39m
            [36m</div>[39m
          [36m</div>[39m
        [36m</div>[39m
      [36m</main>[39m
    [36m</div>[39m
  [36m</body>[39m
[36m</html>[39m
[90m [2m❯[22m Proxy.waitForWrapper node_modules/@testing-library/dom/dist/wait-for.js:[2m163:27[22m[39m
[36m [2m❯[22m src/app/page.test.tsx:[2m668:11[22m[39m
    [90m666| [39m    [35mawait[39m user[33m.[39m[34mclick[39m([34mgetGenerateButton[39m())[33m;[39m
    [90m667| [39m
    [90m668| [39m    [35mawait[39m [34mwaitFor[39m(() [33m=>[39m {
    [90m   | [39m          [31m^[39m
    [90m669| [39m      [34mexpect[39m(screen[33m.[39m[34mgetByAltText[39m([32m"Kod QR"[39m))[33m.[39m[34mtoBeInTheDocument[39m()[33m;[39m
    [90m670| [39m    })[33m;[39m

[31m[2m⎯⎯⎯⎯⎯⎯⎯⎯⎯⎯⎯⎯⎯⎯⎯⎯⎯⎯⎯⎯⎯⎯⎯[9/10]⎯[22m[39m

[41m[1m FAIL [22m[49m src/app/page.test.tsx[2m > [22mHome komponent[2m > [22musuwa poprzedni QR gdy ponowne generowanie zawiedzie
[31m[1mTestingLibraryElementError[22m[39m: Unable to find an element with the alt text: Kod QR

Ignored nodes: comments, script, style
[36m<body>[39m
  [36m<div>[39m
    [36m<main[39m
      [33mclass[39m=[32m"min-h-screen bg-zinc-950 text-white p-4 sm:p-8 lg:p-12"[39m
    [36m>[39m
      [36m<div[39m
        [33mclass[39m=[32m"max-w-7xl mx-auto flex flex-col lg:flex-row gap-8 lg:gap-16"[39m
      [36m>[39m
        [36m<div[39m
          [33mclass[39m=[32m"flex-1 lg:max-w-[42rem] flex flex-col pt-4 lg:pt-12"[39m
        [36m>[39m
          [36m<div[39m
            [33mclass[39m=[32m"mb-10 text-center lg:text-left"[39m
          [36m>[39m
            [36m<h1[39m
              [33mclass[39m=[32m"text-4xl sm:text-5xl lg:text-6xl font-extrabold text-transparent bg-clip-text bg-gradient-to-r from-gold-400 via-gold-500 to-gold-600 mb-4 tracking-tight"[39m
            [36m>[39m
              [0mGenerator QR[0m
            [36m</h1>[39m
            [36m<p[39m
              [33mclass[39m=[32m"text-zinc-400 text-base sm:text-lg max-w-xl mx-auto lg:mx-0"[39m
            [36m>[39m
              [0mTransformuj linki w eleganckie, luksusowe kody QR perfekcyjnej jakości. Ekskluzywne i darmowe narzędzie.[0m
            [36m</p>[39m
          [36m</div>[39m
          [36m<div[39m
            [33mclass[39m=[32m"bg-zinc-900/40 backdrop-blur-xl rounded-3xl shadow-2xl shadow-black border border-white/5 p-6 sm:p-8 relative overflow-hidden"[39m
          [36m>[39m
            [36m<div[39m
              [33mclass[39m=[32m"absolute top-0 right-0 -mr-20 -mt-20 w-64 h-64 rounded-full bg-gold-500/5 blur-3xl pointer-events-none"[39m
            [36m/>[39m
            [36m<div[39m
              [33mclass[39m=[32m"flex mb-6 rounded-2xl bg-zinc-950/50 p-1.5 border border-white/5 relative z-10"[39m
              [33mrole[39m=[32m"tablist"[39m
            [36m>[39m
              [36m<button[39m
                [33maria-selected[39m=[32m"true"[39m
                [33mclass[39m=[32m"flex-1 py-3 px-4 rounded-xl text-sm font-semibold transition-all cursor-pointer bg-zinc-800 text-gold-400 shadow-lg ring-1 ring-white/10"[39m
                [33mrole[39m=[32m"tab"[39m
              [36m>[39m
                [0mPodstawowy[0m
              [36m</button>[39m
              [36m<button[39m
                [33maria-selected[39m=[32m"false"[39m
                [33mclass[39m=[32m"flex-1 py-3 px-4 rounded-xl text-sm font-semibold transition-all cursor-pointer text-zinc-500 hover:text-zinc-300 hover:bg-zinc-800/30"[39m
                [33mrole[39m=[32m"tab"[39m
              [36m>[39m
                [0mZ logotypem[0m
              [36m</button>[39m
            [36m</div>[39m
            [36m<form[39m
              [33mclass[39m=[32m"flex flex-col gap-4"[39m
              [33mnovalidate[39m=[32m""[39m
            [36m>[39m
              [36m<label[39m
                [33mclass[39m=[32m"px-1 text-sm font-medium text-zinc-300"[39m
                [33mfor[39m=[32m"qr-url"[39m
              [36m>[39m
                [0mLink do zakodowania[0m
              [36m</label>[39m
              [36m<input[39m
                [33maria-invalid[39m=[32m"false"[39m
                [33mautocomplete[39m=[32m"url"[39m
                [33mclass[39m=[32m"w-full px-4 py-3 rounded-xl border border-white/10 bg-zinc-950/50 text-white placeholder:text-zinc-500 focus:outline-none focus:ring-2 focus:ring-gold-500/50 focus:border-gold-500 transition-all text-sm sm:text-base"[39m
                [33mid[39m=[32m"qr-url"[39m
                [33mplaceholder[39m=[32m"https://example.com"[39m
                [33mtype[39m=[32m"url"[39m
                [33mvalue[39m=[32m"https://example.com"[39m
              [36m/>[39m
              [36m<button[39m
                [33mclass[39m=[32m"w-full mt-4 py-4 px-6 bg-gradient-to-r from-gold-600 via-gold-500 to-gold-400 hover:from-gold-500 hover:via-gold-400 hover:to-gold-300 active:from-gold-700 active:to-gold-600 disabled:from-zinc-800 disabled:to-zinc-800 disabled:text-zinc-500 text-zinc-950 font-bold tracking-wide rounded-xl text-base sm:text-lg cursor-pointer disabled:cursor-not-allowed transition-all shadow-[0_0_20px_rgba(212,175,55,0.2)] hover:shadow-[0_0_30px_rgba(212,175,55,0.4)]"[39m
                [33mtype[39m=[32m"submit"[39m
              [36m>[39m
                [0mGeneruj kod QR[0m
              [36m</button>[39m
            [36m</form>[39m
            [36m<canvas[39m
              [33mclass[39m=[32m"hidden"[39m
            [36m/>[39m
          [36m</div>[39m
          [36m<div[39m
            [33mclass[39m=[32m"text-zinc-500 text-xs mt-10 space-y-2 text-center lg:text-left"[39m
          [36m>[39m
            [36m<p>[39m
              [0mKody generowane bezpiecznie, lokalnie w Twojej przeglądarce.[0m
            [36m</p>[39m
            [36m<p[39m
              [33mclass[39m=[32m"flex flex-col sm:flex-row items-center lg:items-start justify-center lg:justify-start gap-1 sm:gap-2"[39m
            [36m>[39m
              [36m<span>[39m
                [0mStworzone przez [0m
                [36m<span[39m
                  [33mclass[39m=[32m"text-zinc-400 font-medium"[39m
                [36m>[39m
                  [0mKrzysztof Brzezina[0m
                [36m</span>[39m
              [36m</span>[39m
              [36m<span[39m
                [33mclass[39m=[32m"hidden sm:inline text-zinc-700"[39m
              [36m>[39m
                [0m|[0m
              [36m</span>[39m
              [36m<a[39m
                [33mclass[39m=[32m"text-gold-500 hover:text-gold-400 font-medium transition-colors"[39m
                [33mhref[39m=[32m"https://wa.me/48517466553"[39m
                [33mrel[39m=[32m"noopener noreferrer"[39m
                [33mtarget[39m=[32m"_blank"[39m
              [36m>[39m
                [0mWhatsApp 517 466 553[0m
              [36m</a>[39m
              [36m<span[39m
                [33mclass[39m=[32m"hidden sm:inline text-zinc-700"[39m
              [36m>[39m
                [0m|[0m
              [36m</span>[39m
              [36m<a[39m
                [33mclass[39m=[32m"text-gold-500 hover:text-gold-400 font-medium transition-colors"[39m
                [33mhref[39m=[32m"mailto:krzysztof.brzezina@gmail.com"[39m
              [36m>[39m
                [0mkrzysztof.brzezina@gmail.com[0m
              [36m</a>[39m
            [36m</p>[39m
            [36m<p[39m
              [33mclass[39m=[32m"space-x-2 pt-2"[39m
            [36m>[39m
              [36m<a[39m
                [33mclass[39m=[32m"text-zinc-500 hover:text-zinc-300 transition-colors"[39m
                [33mhref[39m=[32m"/regulamin"[39m
              [36m>[39m
                [0mRegulamin i polityka[0m
              [36m</a>[39m
              [36m<span[39m
                [33mclass[39m=[32m"text-zinc-700"[39m
              [36m>[39m
                [0m|[0m
              [36m</span>[39m
              [36m<button[39m
                [33mclass[39m=[32m"text-zinc-500 hover:text-zinc-300 transition-colors cursor-pointer"[39m
              [36m>[39m
                [0mUstawienia cookies[0m
              [36m</button>[39m
            [36m</p>[39m
          [36m</div>[39m
        [36m</div>[39m
        [36m<div[39m
          [33mclass[39m=[32m"flex-1 lg:max-w-[45rem] mt-8 lg:mt-0 flex flex-col justify-center"[39m
        [36m>[39m
          [36m<div[39m
            [33mclass[39m=[32m"sticky top-12 lg:top-24 w-full h-full min-h-[500px] flex items-center justify-center bg-zinc-950/40 rounded-[2.5rem] border border-white/5 relative overflow-hidden backdrop-blur-2xl"[39m
          [36m>[39m
            [36m<div[39m
              [33mclass[39m=[32m"absolute inset-0 bg-gradient-to-br from-gold-500/5 to-transparent pointer-events-none"[39m
            [36m/>[39m
            [36m<div[39m
              [33mclass[39m=[32m"z-10 flex flex-col items-center gap-8 p-6 w-full max-w-md animate-in fade-in zoom-in duration-500"[39m
            [36m>[39m
              [36m<div[39m
                [33mclass[39m=[32m"relative group perspective-1000"[39m
              [36m>[39m
                [36m<div[39m
                  [33mclass[39m=[32m"absolute -inset-1 bg-gradient-to-r from-gold-600 to-gold-400 rounded-[2rem] blur-xl opacity-20 group-hover:opacity-40 transition duration-1000 group-hover:duration-200"[39m
                [36m/>[39m
                [36m<div[39m
                  [33mclass[39m=[32m"relative bg-white p-6 rounded-3xl shadow-2xl transition-transform duration-500 transform group-hover:scale-[1.02]"[39m
                [36m>[39m
                  [36m<img[39m
                    [33malt[39m=[32m"Twój Luksusowy Kod QR"[39m
                    [33mclass[39m=[32m"w-56 h-56 sm:w-72 sm:h-72 object-contain"[39m
                    [33mdata-nimg[39m=[32m"1"[39m
                    [33mdecoding[39m=[32m"async"[39m
                    [33mheight[39m=[32m"320"[39m
                    [33msrc[39m=[32m"data:image/png;base64,mockdata"[39m
                    [33mstyle[39m=[32m"color: transparent;"[39m
                    [33mwidth[39m=[32m"320"[39m
                  [36m/>[39m
                [36m</div>[39m
              [36m</div>[39m
              [36m<div[39m
                [33mclass[39m=[32m"flex flex-wrap gap-3 justify-center w-full"[39m
              [36m>[39m
                [36m<button[39m
                  [33mclass[39m=[32m"flex items-center gap-2 px-5 py-3 rounded-2xl transition-all cursor-pointer font-medium bg-zinc-800 hover:bg-zinc-700 active:bg-zinc-600 text-zinc-200 border border-white/10 hover:border-white/20 shadow-lg"[39m
                  [33mtitle[39m=[32m"Kopiuj do schowka"[39m
                [36m>[39m
                  [36m<svg[39m
                    [33mfill[39m=[32m"none"[39m
                    [33mheight[39m=[32m"20"[39m
                    [33mstroke[39m=[32m"currentColor"[39m
                    [33mstroke-linecap[39m=[32m"round"[39m
                    [33mstroke-linejoin[39m=[32m"round"[39m
                    [33mstroke-width[39m=[32m"2"[39m
                    [33mviewBox[39m=[32m"0 0 24 24"[39m
                    [33mwidth[39m=[32m"20"[39m
                    [33mxmlns[39m=[32m"http://www.w3.org/2000/svg"[39m
                  [36m>[39m
                    [36m<rect[39m
                      [33mheight[39m=[32m"14"[39m
                      [33mrx[39m=[32m"2"[39m
                      [33mwidth[39m=[32m"14"[39m
                      [33mx[39m=[32m"8"[39m
                      [33my[39m=[32m"8"[39m
                    [36m/>[39m
                    [36m<path[39m
                      [33md[39m=[32m"M4 16c-1.1 0-2-.9-2-2V4c0-1.1.9-2 2-2h10c1.1 0 2 .9 2 2"[39m
                    [36m/>[39m
                  [36m</svg>[39m
                  [36m<span>[39m
                    [0mSkopiuj[0m
                  [36m</span>[39m
                [36m</button>[39m
                [36m<div[39m
                  [33mclass[39m=[32m"flex gap-2"[39m
                [36m>[39m
                  [36m<button[39m
                    [33mclass[39m=[32m"flex items-center gap-2 px-5 py-3 rounded-2xl bg-zinc-800 hover:bg-zinc-700 active:bg-zinc-600 text-zinc-200 border border-white/10 hover:border-white/20 transition-all shadow-lg cursor-pointer font-medium"[39m
                    [33mtitle[39m=[32m"Pobierz wysokiej jakości PNG"[39m
                  [36m>[39m
                    [36m<span>[39m
                      [0mPNG[0m
                    [36m</span>[39m
                    [36m<svg[39m
                      [33mclass[39m=[32m"text-zinc-400"[39m
                      [33mfill[39m=[32m"none"[39m
                      [33mheight[39m=[32m"18"[39m
                      [33mstroke[39m=[32m"currentColor"[39m
                      [33mstroke-linecap[39m=[32m"round"[39m
                      [33mstroke-linejoin[39m=[32m"round"[39m
                      [33mstroke-width[39m=[32m"2"[39m
                      [33mviewBox[39m=[32m"0 0 24 24"[39m
                      [33mwidth[39m=[32m"18"[39m
                      [33mxmlns[39m=[32m"http://www.w3.org/2000/svg"[39m
                    [36m>[39m
                      [36m<rect[39m
                        [33mheight[39m=[32m"18"[39m
                        [33mrx[39m=[32m"2"[39m
                        [33mwidth[39m=[32m"18"[39m
                        [33mx[39m=[32m"3"[39m
                        [33my[39m=[32m"3"[39m
                      [36m/>[39m
                      [36m<circle[39m
                        [33mcx[39m=[32m"9"[39m
                        [33mcy[39m=[32m"9"[39m
                        [33mr[39m=[32m"2"[39m
                      [36m/>[39m
                      [36m<path[39m
                        [33md[39m=[32m"m21 15-3.086-3.086a2 2 0 0 0-2.828 0L6 21"[39m
                      [36m/>[39m
                    [36m</svg>[39m
                  [36m</button>[39m
                  [36m<button[39m
                    [33mclass[39m=[32m"flex items-center gap-2 px-5 py-3 rounded-2xl bg-zinc-800 hover:bg-zinc-700 active:bg-zinc-600 text-zinc-200 border border-white/10 hover:border-white/20 transition-all shadow-lg cursor-pointer font-medium"[39m
                    [33mtitle[39m=[32m"Pobierz wektorowy SVG"[39m
                  [36m>[39m
                    [36m<span>[39m
                      [0mSVG[0m
                    [36m</span>[39m
                    [36m<svg[39m
                      [33mclass[39m=[32m"text-zinc-400"[39m
                      [33mfill[39m=[32m"none"[39m
                      [33mheight[39m=[32m"18"[39m
                      [33mstroke[39m=[32m"currentColor"[39m
                      [33mstroke-linecap[39m=[32m"round"[39m
                      [33mstroke-linejoin[39m=[32m"round"[39m
                      [33mstroke-width[39m=[32m"2"[39m
                      [33mviewBox[39m=[32m"0 0 24 24"[39m
                      [33mwidth[39m=[32m"18"[39m
                      [33mxmlns[39m=[32m"http://www.w3.org/2000/svg"[39m
                    [36m>[39m
                      [36m<path[39m
                        [33md[39m=[32m"M21 15v4a2 2 0 0 1-2 2H5a2 2 0 0 1-2-2v-4"[39m
                      [36m/>[39m
                      [36m<polyline[39m
                        [33mpoints[39m=[32m"7 10 12 15 17 10"[39m
                      [36m/>[39m
                      [36m<line[39m
                        [33mx1[39m=[32m"12"[39m
                        [33mx2[39m=[32m"12"[39m
                        [33my1[39m=[32m"15"[39m
                        [33my2[39m=[32m"3"[39m
                      [36m/>[39m
                    [36m</svg>[39m
                  [36m</button>[39m
                [36m</div>[39m
              [36m</div>[39m
            [36m</div>[39m
          [36m</div>[39m
        [36m</div>[39m
      [36m</div>[39m
    [36m</main>[39m
  [36m</div>[39m
[36m</body>[39m

Ignored nodes: comments, script, style
[36m<html>[39m
  [36m<head />[39m
  [36m<body>[39m
    [36m<div>[39m
      [36m<main[39m
        [33mclass[39m=[32m"min-h-screen bg-zinc-950 text-white p-4 sm:p-8 lg:p-12"[39m
      [36m>[39m
        [36m<div[39m
          [33mclass[39m=[32m"max-w-7xl mx-auto flex flex-col lg:flex-row gap-8 lg:gap-16"[39m
        [36m>[39m
          [36m<div[39m
            [33mclass[39m=[32m"flex-1 lg:max-w-[42rem] flex flex-col pt-4 lg:pt-12"[39m
          [36m>[39m
            [36m<div[39m
              [33mclass[39m=[32m"mb-10 text-center lg:text-left"[39m
            [36m>[39m
              [36m<h1[39m
                [33mclass[39m=[32m"text-4xl sm:text-5xl lg:text-6xl font-extrabold text-transparent bg-clip-text bg-gradient-to-r from-gold-400 via-gold-500 to-gold-600 mb-4 tracking-tight"[39m
              [36m>[39m
                [0mGenerator QR[0m
              [36m</h1>[39m
              [36m<p[39m
                [33mclass[39m=[32m"text-zinc-400 text-base sm:text-lg max-w-xl mx-auto lg:mx-0"[39m
              [36m>[39m
                [0mTransformuj linki w eleganckie, luksusowe kody QR perfekcyjnej jakości. Ekskluzywne i darmowe narzędzie.[0m
              [36m</p>[39m
            [36m</div>[39m
            [36m<div[39m
              [33mclass[39m=[32m"bg-zinc-900/40 backdrop-blur-xl rounded-3xl shadow-2xl shadow-black border border-white/5 p-6 sm:p-8 relative overflow-hidden"[39m
            [36m>[39m
              [36m<div[39m
                [33mclass[39m=[32m"absolute top-0 right-0 -mr-20 -mt-20 w-64 h-64 rounded-full bg-gold-500/5 blur-3xl pointer-events-none"[39m
              [36m/>[39m
              [36m<div[39m
                [33mclass[39m=[32m"flex mb-6 rounded-2xl bg-zinc-950/50 p-1.5 border border-white/5 relative z-10"[39m
                [33mrole[39m=[32m"tablist"[39m
              [36m>[39m
                [36m<button[39m
                  [33maria-selected[39m=[32m"true"[39m
                  [33mclass[39m=[32m"flex-1 py-3 px-4 rounded-xl text-sm font-semibold transition-all cursor-pointer bg-zinc-800 text-gold-400 shadow-lg ring-1 ring-white/10"[39m
                  [33mrole[39m=[32m"tab"[39m
                [36m>[39m
                  [0mPodstawowy[0m
                [36m</button>[39m
                [36m<button[39m
                  [33maria-selected[39m=[32m"false"[39m
                  [33mclass[39m=[32m"flex-1 py-3 px-4 rounded-xl text-sm font-semibold transition-all cursor-pointer text-zinc-500 hover:text-zinc-300 hover:bg-zinc-800/30"[39m
                  [33mrole[39m=[32m"tab"[39m
                [36m>[39m
                  [0mZ logotypem[0m
                [36m</button>[39m
              [36m</div>[39m
              [36m<form[39m
                [33mclass[39m=[32m"flex flex-col gap-4"[39m
                [33mnovalidate[39m=[32m""[39m
              [36m>[39m
                [36m<label[39m
                  [33mclass[39m=[32m"px-1 text-sm font-medium text-zinc-300"[39m
                  [33mfor[39m=[32m"qr-url"[39m
                [36m>[39m
                  [0mLink do zakodowania[0m
                [36m</label>[39m
                [36m<input[39m
                  [33maria-invalid[39m=[32m"false"[39m
                  [33mautocomplete[39m=[32m"url"[39m
                  [33mclass[39m=[32m"w-full px-4 py-3 rounded-xl border border-white/10 bg-zinc-950/50 text-white placeholder:text-zinc-500 focus:outline-none focus:ring-2 focus:ring-gold-500/50 focus:border-gold-500 transition-all text-sm sm:text-base"[39m
                  [33mid[39m=[32m"qr-url"[39m
                  [33mplaceholder[39m=[32m"https://example.com"[39m
                  [33mtype[39m=[32m"url"[39m
                  [33mvalue[39m=[32m"https://example.com"[39m
                [36m/>[39m
                [36m<button[39m
                  [33mclass[39m=[32m"w-full mt-4 py-4 px-6 bg-gradient-to-r from-gold-600 via-gold-500 to-gold-400 hover:from-gold-500 hover:via-gold-400 hover:to-gold-300 active:from-gold-700 active:to-gold-600 disabled:from-zinc-800 disabled:to-zinc-800 disabled:text-zinc-500 text-zinc-950 font-bold tracking-wide rounded-xl text-base sm:text-lg cursor-pointer disabled:cursor-not-allowed transition-all shadow-[0_0_20px_rgba(212,175,55,0.2)] hover:shadow-[0_0_30px_rgba(212,175,55,0.4)]"[39m
                  [33mtype[39m=[32m"submit"[39m
                [36m>[39m
                  [0mGeneruj kod QR[0m
                [36m</button>[39m
              [36m</form>[39m
              [36m<canvas[39m
                [33mclass[39m=[32m"hidden"[39m
              [36m/>[39m
            [36m</div>[39m
            [36m<div[39m
              [33mclass[39m=[32m"text-zinc-500 text-xs mt-10 space-y-2 text-center lg:text-left"[39m
            [36m>[39m
              [36m<p>[39m
                [0mKody generowane bezpiecznie, lokalnie w Twojej przeglądarce.[0m
              [36m</p>[39m
              [36m<p[39m
                [33mclass[39m=[32m"flex flex-col sm:flex-row items-center lg:items-start justify-center lg:justify-start gap-1 sm:gap-2"[39m
              [36m>[39m
                [36m<span>[39m
                  [0mStworzone przez [0m
                  [36m<span[39m
                    [33mclass[39m=[32m"text-zinc-400 font-medium"[39m
                  [36m>[39m
                    [0mKrzysztof Brzezina[0m
                  [36m</span>[39m
                [36m</span>[39m
                [36m<span[39m
                  [33mclass[39m=[32m"hidden sm:inline text-zinc-700"[39m
                [36m>[39m
                  [0m|[0m
                [36m</span>[39m
                [36m<a[39m
                  [33mclass[39m=[32m"text-gold-500 hover:text-gold-400 font-medium transition-colors"[39m
                  [33mhref[39m=[32m"https://wa.me/48517466553"[39m
                  [33mrel[39m=[32m"noopener noreferrer"[39m
                  [33mtarget[39m=[32m"_blank"[39m
                [36m>[39m
                  [0mWhatsApp 517 466 553[0m
                [36m</a>[39m
                [36m<span[39m
                  [33mclass[39m=[32m"hidden sm:inline text-zinc-700"[39m
                [36m>[39m
                  [0m|[0m
                [36m</span>[39m
                [36m<a[39m
                  [33mclass[39m=[32m"text-gold-500 hover:text-gold-400 font-medium transition-colors"[39m
                  [33mhref[39m=[32m"mailto:krzysztof.brzezina@gmail.com"[39m
                [36m>[39m
                  [0mkrzysztof.brzezina@gmail.com[0m
                [36m</a>[39m
              [36m</p>[39m
              [36m<p[39m
                [33mclass[39m=[32m"space-x-2 pt-2"[39m
              [36m>[39m
                [36m<a[39m
                  [33mclass[39m=[32m"text-zinc-500 hover:text-zinc-300 transition-colors"[39m
                  [33mhref[39m=[32m"/regulamin"[39m
                [36m>[39m
                  [0mRegulamin i polityka[0m
                [36m</a>[39m
                [36m<span[39m
                  [33mclass[39m=[32m"text-zinc-700"[39m
                [36m>[39m
                  [0m|[0m
                [36m</span>[39m
                [36m<button[39m
                  [33mclass[39m=[32m"text-zinc-500 hover:text-zinc-300 transition-colors cursor-pointer"[39m
                [36m>[39m
                  [0mUstawienia cookies[0m
                [36m</button>[39m
              [36m</p>[39m
            [36m</div>[39m
          [36m</div>[39m
          [36m<div[39m
            [33mclass[39m=[32m"flex-1 lg:max-w-[45rem] mt-8 lg:mt-0 flex flex-col justify-center"[39m
          [36m>[39m
            [36m<div[39m
              [33mclass[39m=[32m"sticky top-12 lg:top-24 w-full h-full min-h-[500px] flex items-center justify-center bg-zinc-950/40 rounded-[2.5rem] border border-white/5 relative overflow-hidden backdrop-blur-2xl"[39m
            [36m>[39m
              [36m<div[39m
                [33mclass[39m=[32m"absolute inset-0 bg-gradient-to-br from-gold-500/5 to-transparent pointer-events-none"[39m
              [36m/>[39m
              [36m<div[39m
                [33mclass[39m=[32m"z-10 flex flex-col items-center gap-8 p-6 w-full max-w-md animate-in fade-in zoom-in duration-500"[39m
              [36m>[39m
                [36m<div[39m
                  [33mclass[39m=[32m"relative group perspective-1000"[39m
                [36m>[39m
                  [36m<div[39m
                    [33mclass[39m=[32m"absolute -inset-1 bg-gradient-to-r from-gold-600 to-gold-400 rounded-[2rem] blur-xl opacity-20 group-hover:opacity-40 transition duration-1000 group-hover:duration-200"[39m
                  [36m/>[39m
                  [36m<div[39m
                    [33mclass[39m=[32m"relative bg-white p-6 rounded-3xl shadow-2xl transition-transform duration-500 transform group-hover:scale-[1.02]"[39m
                  [36m>[39m
                    [36m<img[39m
                      [33malt[39m=[32m"Twój Luksusowy Kod QR"[39m
                      [33mclass[39m=[32m"w-56 h-56 sm:w-72 sm:h-72 object-contain"[39m
                      [33mdata-nimg[39m=[32m"1"[39m
                      [33mdecoding[39m=[32m"async"[39m
                      [33mheight[39m=[32m"320"[39m
                      [33msrc[39m=[32m"data:image/png;base64,mockdata"[39m
                      [33mstyle[39m=[32m"color: transparent;"[39m
                      [33mwidth[39m=[32m"320"[39m
                    [36m/>[39m
                  [36m</div>[39m
                [36m</div>[39m
                [36m<div[39m
                  [33mclass[39m=[32m"flex flex-wrap gap-3 justify-center w-full"[39m
                [36m>[39m
                  [36m<button[39m
                    [33mclass[39m=[32m"flex items-center gap-2 px-5 py-3 rounded-2xl transition-all cursor-pointer font-medium bg-zinc-800 hover:bg-zinc-700 active:bg-zinc-600 text-zinc-200 border border-white/10 hover:border-white/20 shadow-lg"[39m
                    [33mtitle[39m=[32m"Kopiuj do schowka"[39m
                  [36m>[39m
                    [36m<svg[39m
                      [33mfill[39m=[32m"none"[39m
                      [33mheight[39m=[32m"20"[39m
                      [33mstroke[39m=[32m"currentColor"[39m
                      [33mstroke-linecap[39m=[32m"round"[39m
                      [33mstroke-linejoin[39m=[32m"round"[39m
                      [33mstroke-width[39m=[32m"2"[39m
                      [33mviewBox[39m=[32m"0 0 24 24"[39m
                      [33mwidth[39m=[32m"20"[39m
                      [33mxmlns[39m=[32m"http://www.w3.org/2000/svg"[39m
                    [36m>[39m
                      [36m<rect[39m
                        [33mheight[39m=[32m"14"[39m
                        [33mrx[39m=[32m"2"[39m
                        [33mwidth[39m=[32m"14"[39m
                        [33mx[39m=[32m"8"[39m
                        [33my[39m=[32m"8"[39m
                      [36m/>[39m
                      [36m<path[39m
                        [33md[39m=[32m"M4 16c-1.1 0-2-.9-2-2V4c0-1.1.9-2 2-2h10c1.1 0 2 .9 2 2"[39m
                      [36m/>[39m
                    [36m</svg>[39m
                    [36m<span>[39m
                      [0mSkopiuj[0m
                    [36m</span>[39m
                  [36m</button>[39m
                  [36m<div[39m
                    [33mclass[39m=[32m"flex gap-2"[39m
                  [36m>[39m
                    [36m<button[39m
                      [33mclass[39m=[32m"flex items-center gap-2 px-5 py-3 rounded-2xl bg-zinc-800 hover:bg-zinc-700 active:bg-zinc-600 text-zinc-200 border border-white/10 hover:border-white/20 transition-all shadow-lg cursor-pointer font-medium"[39m
                      [33mtitle[39m=[32m"Pobierz wysokiej jakości PNG"[39m
                    [36m>[39m
                      [36m<span>[39m
                        [0mPNG[0m
                      [36m</span>[39m
                      [36m<svg[39m
                        [33mclass[39m=[32m"text-zinc-400"[39m
                        [33mfill[39m=[32m"none"[39m
                        [33mheight[39m=[32m"18"[39m
                        [33mstroke[39m=[32m"currentColor"[39m
                        [33mstroke-linecap[39m=[32m"round"[39m
                        [33mstroke-linejoin[39m=[32m"round"[39m
                        [33mstroke-width[39m=[32m"2"[39m
                        [33mviewBox[39m=[32m"0 0 24 24"[39m
                        [33mwidth[39m=[32m"18"[39m
                        [33mxmlns[39m=[32m"http://www.w3.org/2000/svg"[39m
                      [36m>[39m
                        [36m<rect[39m
                          [33mheight[39m=[32m"18"[39m
                          [33mrx[39m=[32m"2"[39m
                          [33mwidth[39m=[32m"18"[39m
                          [33mx[39m=[32m"3"[39m
                          [33my[39m=[32m"3"[39m
                        [36m/>[39m
                        [36m<circle[39m
                          [33mcx[39m=[32m"9"[39m
                          [33mcy[39m=[32m"9"[39m
                          [33mr[39m=[32m"2"[39m
                        [36m/>[39m
                        [36m<path[39m
                          [33md[39m=[32m"m21 15-3.086-3.086a2 2 0 0 0-2.828 0L6 21"[39m
                        [36m/>[39m
                      [36m</svg>[39m
                    [36m</button>[39m
                    [36m<button[39m
                      [33mclass[39m=[32m"flex items-center gap-2 px-5 py-3 rounded-2xl bg-zinc-800 hover:bg-zinc-700 active:bg-zinc-600 text-zinc-200 border border-white/10 hover:border-white/20 transition-all shadow-lg cursor-pointer font-medium"[39m
                      [33mtitle[39m=[32m"Pobierz wektorowy SVG"[39m
                    [36m>[39m
                      [36m<span>[39m
                        [0mSVG[0m
                      [36m</span>[39m
                      [36m<svg[39m
                        [33mclass[39m=[32m"text-zinc-400"[39m
                        [33mfill[39m=[32m"none"[39m
                        [33mheight[39m=[32m"18"[39m
                        [33mstroke[39m=[32m"currentColor"[39m
                        [33mstroke-linecap[39m=[32m"round"[39m
                        [33mstroke-linejoin[39m=[32m"round"[39m
                        [33mstroke-width[39m=[32m"2"[39m
                        [33mviewBox[39m=[32m"0 0 24 24"[39m
                        [33mwidth[39m=[32m"18"[39m
                        [33mxmlns[39m=[32m"http://www.w3.org/2000/svg"[39m
                      [36m>[39m
                        [36m<path[39m
                          [33md[39m=[32m"M21 15v4a2 2 0 0 1-2 2H5a2 2 0 0 1-2-2v-4"[39m
                        [36m/>[39m
                        [36m<polyline[39m
                          [33mpoints[39m=[32m"7 10 12 15 17 10"[39m
                        [36m/>[39m
                        [36m<line[39m
                          [33mx1[39m=[32m"12"[39m
                          [33mx2[39m=[32m"12"[39m
                          [33my1[39m=[32m"15"[39m
                          [33my2[39m=[32m"3"[39m
                        [36m/>[39m
                      [36m</svg>[39m
                    [36m</button>[39m
                  [36m</div>[39m
                [36m</div>[39m
              [36m</div>[39m
            [36m</div>[39m
          [36m</div>[39m
        [36m</div>[39m
      [36m</main>[39m
    [36m</div>[39m
  [36m</body>[39m
[36m</html>[39m
[90m [2m❯[22m Proxy.waitForWrapper node_modules/@testing-library/dom/dist/wait-for.js:[2m163:27[22m[39m
[36m [2m❯[22m src/app/page.test.tsx:[2m695:11[22m[39m
    [90m693| [39m    [35mawait[39m user[33m.[39m[34mclick[39m([34mgetGenerateButton[39m())[33m;[39m
    [90m694| [39m
    [90m695| [39m    [35mawait[39m [34mwaitFor[39m(() [33m=>[39m {
    [90m   | [39m          [31m^[39m
    [90m696| [39m      [34mexpect[39m(screen[33m.[39m[34mgetByAltText[39m([32m"Kod QR"[39m))[33m.[39m[34mtoBeInTheDocument[39m()[33m;[39m
    [90m697| [39m    })[33m;[39m

[31m[2m⎯⎯⎯⎯⎯⎯⎯⎯⎯⎯⎯⎯⎯⎯⎯⎯⎯⎯⎯⎯⎯⎯[10/10]⎯[22m[39m


[2m Test Files [22m [1m[31m1 failed[39m[22m[2m | [22m[1m[32m2 passed[39m[22m[90m (3)[39m
[2m      Tests [22m [1m[31m10 failed[39m[22m[2m | [22m[1m[32m63 passed[39m[22m[90m (73)[39m
[2m   Start at [22m 13:38:03
[2m   Duration [22m 18.37s[2m (transform 346ms, setup 644ms, import 400ms, tests 17.55s, environment 1.94s)[22m

